../Core/Src/main.c:80:6:HAL_UART_TxCpltCallback	16	static
../Core/Src/main.c:86:9:OV5640_WriteReg	40	static
../Core/Src/main.c:94:9:OV5640_ReadReg	40	static
../Core/Src/main.c:102:6:OV5640_Powerup	8	static
../Core/Src/main.c:116:5:main	24	static
../Core/Src/main.c:229:6:SystemClock_Config	88	static
../Core/Src/main.c:287:13:MX_DCMI_Init	8	static
../Core/Src/main.c:324:13:MX_I2C1_Init	8	static
../Core/Src/main.c:372:13:MX_USART3_UART_Init	8	static
../Core/Src/main.c:407:13:MX_USB_OTG_FS_PCD_Init	8	static
../Core/Src/main.c:440:13:MX_DMA_Init	16	static
../Core/Src/main.c:458:13:MX_GPIO_Init	56	static
../Core/Src/main.c:555:6:Error_Handler	4	static,ignoring_inline_asm
