../Core/Src/stm32f7xx_hal_msp.c:65:6:HAL_MspInit	16	static
../Core/Src/stm32f7xx_hal_msp.c:87:6:HAL_DCMI_MspInit	64	static
../Core/Src/stm32f7xx_hal_msp.c:183:6:HAL_DCMI_MspDeInit	16	static
../Core/Src/stm32f7xx_hal_msp.c:231:6:HAL_I2C_MspInit	192	static
../Core/Src/stm32f7xx_hal_msp.c:277:6:HAL_I2C_MspDeInit	16	static
../Core/Src/stm32f7xx_hal_msp.c:308:6:HAL_SPI_MspInit	48	static
../Core/Src/stm32f7xx_hal_msp.c:353:6:HAL_SPI_MspDeInit	16	static
../Core/Src/stm32f7xx_hal_msp.c:385:6:HAL_UART_MspInit	192	static
../Core/Src/stm32f7xx_hal_msp.c:432:6:HAL_UART_MspDeInit	16	static
../Core/Src/stm32f7xx_hal_msp.c:461:6:HAL_PCD_MspInit	192	static
../Core/Src/stm32f7xx_hal_msp.c:515:6:HAL_PCD_MspDeInit	16	static
../Core/Src/stm32f7xx_hal_msp.c:544:13:HAL_FMC_MspInit	32	static
../Core/Src/stm32f7xx_hal_msp.c:606:6:HAL_SRAM_MspInit	16	static
../Core/Src/stm32f7xx_hal_msp.c:618:13:HAL_FMC_MspDeInit	8	static
../Core/Src/stm32f7xx_hal_msp.c:663:6:HAL_SRAM_MspDeInit	16	static
