../Core/Src/stm32f7xx_hal_msp.c:64:6:HAL_MspInit	16	static
../Core/Src/stm32f7xx_hal_msp.c:86:6:HAL_DCMI_MspInit	64	static
../Core/Src/stm32f7xx_hal_msp.c:185:6:HAL_DCMI_MspDeInit	16	static
../Core/Src/stm32f7xx_hal_msp.c:233:6:HAL_I2C_MspInit	192	static
../Core/Src/stm32f7xx_hal_msp.c:279:6:HAL_I2C_MspDeInit	16	static
../Core/Src/stm32f7xx_hal_msp.c:310:6:HAL_SPI_MspInit	48	static
../Core/Src/stm32f7xx_hal_msp.c:355:6:HAL_SPI_MspDeInit	16	static
../Core/Src/stm32f7xx_hal_msp.c:387:6:HAL_UART_MspInit	192	static
../Core/Src/stm32f7xx_hal_msp.c:434:6:HAL_UART_MspDeInit	16	static
../Core/Src/stm32f7xx_hal_msp.c:463:6:HAL_PCD_MspInit	192	static
../Core/Src/stm32f7xx_hal_msp.c:517:6:HAL_PCD_MspDeInit	16	static
../Core/Src/stm32f7xx_hal_msp.c:546:13:HAL_FMC_MspInit	32	static
../Core/Src/stm32f7xx_hal_msp.c:608:6:HAL_SRAM_MspInit	16	static
../Core/Src/stm32f7xx_hal_msp.c:620:13:HAL_FMC_MspDeInit	8	static
../Core/Src/stm32f7xx_hal_msp.c:665:6:HAL_SRAM_MspDeInit	16	static
