Archive member included to satisfy reference by file (symbol)

c:/st/stm32cubeide_1.9.0/stm32cubeide/plugins/com.st.stm32cube.ide.mcu.externaltools.gnu-tools-for-stm32.10.3-2021.10.win32_1.0.0.202111181127/tools/bin/../lib/gcc/arm-none-eabi/10.3.1/../../../../arm-none-eabi/lib/thumb/v7e-m+dp/hard\libc_nano.a(lib_a-errno.o)
                              ./Core/Src/syscalls.o (__errno)
c:/st/stm32cubeide_1.9.0/stm32cubeide/plugins/com.st.stm32cube.ide.mcu.externaltools.gnu-tools-for-stm32.10.3-2021.10.win32_1.0.0.202111181127/tools/bin/../lib/gcc/arm-none-eabi/10.3.1/../../../../arm-none-eabi/lib/thumb/v7e-m+dp/hard\libc_nano.a(lib_a-exit.o)
                              c:/st/stm32cubeide_1.9.0/stm32cubeide/plugins/com.st.stm32cube.ide.mcu.externaltools.gnu-tools-for-stm32.10.3-2021.10.win32_1.0.0.202111181127/tools/bin/../lib/gcc/arm-none-eabi/10.3.1/../../../../arm-none-eabi/lib/thumb/v7e-m+dp/hard/crt0.o (exit)
c:/st/stm32cubeide_1.9.0/stm32cubeide/plugins/com.st.stm32cube.ide.mcu.externaltools.gnu-tools-for-stm32.10.3-2021.10.win32_1.0.0.202111181127/tools/bin/../lib/gcc/arm-none-eabi/10.3.1/../../../../arm-none-eabi/lib/thumb/v7e-m+dp/hard\libc_nano.a(lib_a-impure.o)
                              c:/st/stm32cubeide_1.9.0/stm32cubeide/plugins/com.st.stm32cube.ide.mcu.externaltools.gnu-tools-for-stm32.10.3-2021.10.win32_1.0.0.202111181127/tools/bin/../lib/gcc/arm-none-eabi/10.3.1/../../../../arm-none-eabi/lib/thumb/v7e-m+dp/hard\libc_nano.a(lib_a-exit.o) (_global_impure_ptr)
c:/st/stm32cubeide_1.9.0/stm32cubeide/plugins/com.st.stm32cube.ide.mcu.externaltools.gnu-tools-for-stm32.10.3-2021.10.win32_1.0.0.202111181127/tools/bin/../lib/gcc/arm-none-eabi/10.3.1/../../../../arm-none-eabi/lib/thumb/v7e-m+dp/hard\libc_nano.a(lib_a-init.o)
                              c:/st/stm32cubeide_1.9.0/stm32cubeide/plugins/com.st.stm32cube.ide.mcu.externaltools.gnu-tools-for-stm32.10.3-2021.10.win32_1.0.0.202111181127/tools/bin/../lib/gcc/arm-none-eabi/10.3.1/../../../../arm-none-eabi/lib/thumb/v7e-m+dp/hard/crt0.o (__libc_init_array)
c:/st/stm32cubeide_1.9.0/stm32cubeide/plugins/com.st.stm32cube.ide.mcu.externaltools.gnu-tools-for-stm32.10.3-2021.10.win32_1.0.0.202111181127/tools/bin/../lib/gcc/arm-none-eabi/10.3.1/../../../../arm-none-eabi/lib/thumb/v7e-m+dp/hard\libc_nano.a(lib_a-memset.o)
                              c:/st/stm32cubeide_1.9.0/stm32cubeide/plugins/com.st.stm32cube.ide.mcu.externaltools.gnu-tools-for-stm32.10.3-2021.10.win32_1.0.0.202111181127/tools/bin/../lib/gcc/arm-none-eabi/10.3.1/../../../../arm-none-eabi/lib/thumb/v7e-m+dp/hard/crt0.o (memset)
c:/st/stm32cubeide_1.9.0/stm32cubeide/plugins/com.st.stm32cube.ide.mcu.externaltools.gnu-tools-for-stm32.10.3-2021.10.win32_1.0.0.202111181127/tools/bin/../lib/gcc/arm-none-eabi/10.3.1/thumb/v7e-m+dp/hard\libgcc.a(_aeabi_uldivmod.o)
                              ./Drivers/STM32F7xx_HAL_Driver/Src/stm32f7xx_hal_rcc.o (__aeabi_uldivmod)
c:/st/stm32cubeide_1.9.0/stm32cubeide/plugins/com.st.stm32cube.ide.mcu.externaltools.gnu-tools-for-stm32.10.3-2021.10.win32_1.0.0.202111181127/tools/bin/../lib/gcc/arm-none-eabi/10.3.1/thumb/v7e-m+dp/hard\libgcc.a(_udivmoddi4.o)
                              c:/st/stm32cubeide_1.9.0/stm32cubeide/plugins/com.st.stm32cube.ide.mcu.externaltools.gnu-tools-for-stm32.10.3-2021.10.win32_1.0.0.202111181127/tools/bin/../lib/gcc/arm-none-eabi/10.3.1/thumb/v7e-m+dp/hard\libgcc.a(_aeabi_uldivmod.o) (__udivmoddi4)
c:/st/stm32cubeide_1.9.0/stm32cubeide/plugins/com.st.stm32cube.ide.mcu.externaltools.gnu-tools-for-stm32.10.3-2021.10.win32_1.0.0.202111181127/tools/bin/../lib/gcc/arm-none-eabi/10.3.1/thumb/v7e-m+dp/hard\libgcc.a(_dvmd_tls.o)
                              c:/st/stm32cubeide_1.9.0/stm32cubeide/plugins/com.st.stm32cube.ide.mcu.externaltools.gnu-tools-for-stm32.10.3-2021.10.win32_1.0.0.202111181127/tools/bin/../lib/gcc/arm-none-eabi/10.3.1/thumb/v7e-m+dp/hard\libgcc.a(_aeabi_uldivmod.o) (__aeabi_ldiv0)

Discarded input sections

 .text          0x0000000000000000        0x0 c:/st/stm32cubeide_1.9.0/stm32cubeide/plugins/com.st.stm32cube.ide.mcu.externaltools.gnu-tools-for-stm32.10.3-2021.10.win32_1.0.0.202111181127/tools/bin/../lib/gcc/arm-none-eabi/10.3.1/thumb/v7e-m+dp/hard/crti.o
 .data          0x0000000000000000        0x0 c:/st/stm32cubeide_1.9.0/stm32cubeide/plugins/com.st.stm32cube.ide.mcu.externaltools.gnu-tools-for-stm32.10.3-2021.10.win32_1.0.0.202111181127/tools/bin/../lib/gcc/arm-none-eabi/10.3.1/thumb/v7e-m+dp/hard/crti.o
 .bss           0x0000000000000000        0x0 c:/st/stm32cubeide_1.9.0/stm32cubeide/plugins/com.st.stm32cube.ide.mcu.externaltools.gnu-tools-for-stm32.10.3-2021.10.win32_1.0.0.202111181127/tools/bin/../lib/gcc/arm-none-eabi/10.3.1/thumb/v7e-m+dp/hard/crti.o
[...]
Memory Configuration

Name             Origin             Length             Attributes
RAM              0x0000000020000000 0x0000000000080000 xrw
FLASH            0x0000000008000000 0x0000000000200000 xr
*default*        0x0000000000000000 0xffffffffffffffff

Linker script and memory map

LOAD c:/st/stm32cubeide_1.9.0/stm32cubeide/plugins/com.st.stm32cube.ide.mcu.externaltools.gnu-tools-for-stm32.10.3-2021.10.win32_1.0.0.202111181127/tools/bin/../lib/gcc/arm-none-eabi/10.3.1/thumb/v7e-m+dp/hard/crti.o
LOAD c:/st/stm32cubeide_1.9.0/stm32cubeide/plugins/com.st.stm32cube.ide.mcu.externaltools.gnu-tools-for-stm32.10.3-2021.10.win32_1.0.0.202111181127/tools/bin/../lib/gcc/arm-none-eabi/10.3.1/thumb/v7e-m+dp/hard/crtbegin.o
LOAD c:/st/stm32cubeide_1.9.0/stm32cubeide/plugins/com.st.stm32cube.ide.mcu.externaltools.gnu-tools-for-stm32.10.3-2021.10.win32_1.0.0.202111181127/tools/bin/../lib/gcc/arm-none-eabi/10.3.1/../../../../arm-none-eabi/lib/thumb/v7e-m+dp/hard/crt0.o
LOAD ./Core/Src/main.o
LOAD ./Core/Src/ov5640.o
LOAD ./Core/Src/ov5640_reg.o
LOAD ./Core/Src/stm32f7xx_hal_msp.o
LOAD ./Core/Src/stm32f7xx_it.o
LOAD ./Core/Src/syscalls.o
LOAD ./Core/Src/sysmem.o
LOAD ./Core/Src/system_stm32f7xx.o
LOAD ./Core/Startup/startup_stm32f767zitx.o
LOAD ./Drivers/STM32F7xx_HAL_Driver/Src/stm32f7xx_hal.o
LOAD ./Drivers/STM32F7xx_HAL_Driver/Src/stm32f7xx_hal_cortex.o
LOAD ./Drivers/STM32F7xx_HAL_Driver/Src/stm32f7xx_hal_dcmi.o
LOAD ./Drivers/STM32F7xx_HAL_Driver/Src/stm32f7xx_hal_dcmi_ex.o
LOAD ./Drivers/STM32F7xx_HAL_Driver/Src/stm32f7xx_hal_dma.o
LOAD ./Drivers/STM32F7xx_HAL_Driver/Src/stm32f7xx_hal_dma_ex.o
LOAD ./Drivers/STM32F7xx_HAL_Driver/Src/stm32f7xx_hal_exti.o
LOAD ./Drivers/STM32F7xx_HAL_Driver/Src/stm32f7xx_hal_flash.o
LOAD ./Drivers/STM32F7xx_HAL_Driver/Src/stm32f7xx_hal_flash_ex.o
LOAD ./Drivers/STM32F7xx_HAL_Driver/Src/stm32f7xx_hal_gpio.o
LOAD ./Drivers/STM32F7xx_HAL_Driver/Src/stm32f7xx_hal_i2c.o
LOAD ./Drivers/STM32F7xx_HAL_Driver/Src/stm32f7xx_hal_i2c_ex.o
LOAD ./Drivers/STM32F7xx_HAL_Driver/Src/stm32f7xx_hal_pcd.o
LOAD ./Drivers/STM32F7xx_HAL_Driver/Src/stm32f7xx_hal_pcd_ex.o
LOAD ./Drivers/STM32F7xx_HAL_Driver/Src/stm32f7xx_hal_pwr.o
LOAD ./Drivers/STM32F7xx_HAL_Driver/Src/stm32f7xx_hal_pwr_ex.o
LOAD ./Drivers/STM32F7xx_HAL_Driver/Src/stm32f7xx_hal_rcc.o
LOAD ./Drivers/STM32F7xx_HAL_Driver/Src/stm32f7xx_hal_rcc_ex.o
LOAD ./Drivers/STM32F7xx_HAL_Driver/Src/stm32f7xx_hal_spi.o
LOAD ./Drivers/STM32F7xx_HAL_Driver/Src/stm32f7xx_hal_spi_ex.o
LOAD ./Drivers/STM32F7xx_HAL_Driver/Src/stm32f7xx_hal_sram.o
LOAD ./Drivers/STM32F7xx_HAL_Driver/Src/stm32f7xx_hal_tim.o
LOAD ./Drivers/STM32F7xx_HAL_Driver/Src/stm32f7xx_hal_tim_ex.o
LOAD ./Drivers/STM32F7xx_HAL_Driver/Src/stm32f7xx_hal_uart.o
LOAD ./Drivers/STM32F7xx_HAL_Driver/Src/stm32f7xx_hal_uart_ex.o
LOAD ./Drivers/STM32F7xx_HAL_Driver/Src/stm32f7xx_ll_fmc.o
LOAD ./Drivers/STM32F7xx_HAL_Driver/Src/stm32f7xx_ll_usb.o
START GROUP
LOAD c:/st/stm32cubeide_1.9.0/stm32cubeide/plugins/com.st.stm32cube.ide.mcu.externaltools.gnu-tools-for-stm32.10.3-2021.10.win32_1.0.0.202111181127/tools/bin/../lib/gcc/arm-none-eabi/10.3.1/../../../../arm-none-eabi/lib/thumb/v7e-m+dp/hard\libstdc++_nano.a
LOAD c:/st/stm32cubeide_1.9.0/stm32cubeide/plugins/com.st.stm32cube.ide.mcu.externaltools.gnu-tools-for-stm32.10.3-2021.10.win32_1.0.0.202111181127/tools/bin/../lib/gcc/arm-none-eabi/10.3.1/../../../../arm-none-eabi/lib/thumb/v7e-m+dp/hard\libsupc++_nano.a
END GROUP
LOAD c:/st/stm32cubeide_1.9.0/stm32cubeide/plugins/com.st.stm32cube.ide.mcu.externaltools.gnu-tools-for-stm32.10.3-2021.10.win32_1.0.0.202111181127/tools/bin/../lib/gcc/arm-none-eabi/10.3.1/../../../../arm-none-eabi/lib/thumb/v7e-m+dp/hard\libstdc++_nano.a
LOAD c:/st/stm32cubeide_1.9.0/stm32cubeide/plugins/com.st.stm32cube.ide.mcu.externaltools.gnu-tools-for-stm32.10.3-2021.10.win32_1.0.0.202111181127/tools/bin/../lib/gcc/arm-none-eabi/10.3.1/../../../../arm-none-eabi/lib/thumb/v7e-m+dp/hard\libm.a
LOAD c:/st/stm32cubeide_1.9.0/stm32cubeide/plugins/com.st.stm32cube.ide.mcu.externaltools.gnu-tools-for-stm32.10.3-2021.10.win32_1.0.0.202111181127/tools/bin/../lib/gcc/arm-none-eabi/10.3.1/../../../../arm-none-eabi/lib/thumb/v7e-m+dp/hard\libc_nano.a
START GROUP
LOAD c:/st/stm32cubeide_1.9.0/stm32cubeide/plugins/com.st.stm32cube.ide.mcu.externaltools.gnu-tools-for-stm32.10.3-2021.10.win32_1.0.0.202111181127/tools/bin/../lib/gcc/arm-none-eabi/10.3.1/thumb/v7e-m+dp/hard\libgcc.a
LOAD c:/st/stm32cubeide_1.9.0/stm32cubeide/plugins/com.st.stm32cube.ide.mcu.externaltools.gnu-tools-for-stm32.10.3-2021.10.win32_1.0.0.202111181127/tools/bin/../lib/gcc/arm-none-eabi/10.3.1/../../../../arm-none-eabi/lib/thumb/v7e-m+dp/hard\libc_nano.a
END GROUP
START GROUP
LOAD c:/st/stm32cubeide_1.9.0/stm32cubeide/plugins/com.st.stm32cube.ide.mcu.externaltools.gnu-tools-for-stm32.10.3-2021.10.win32_1.0.0.202111181127/tools/bin/../lib/gcc/arm-none-eabi/10.3.1/thumb/v7e-m+dp/hard\libgcc.a
LOAD c:/st/stm32cubeide_1.9.0/stm32cubeide/plugins/com.st.stm32cube.ide.mcu.externaltools.gnu-tools-for-stm32.10.3-2021.10.win32_1.0.0.202111181127/tools/bin/../lib/gcc/arm-none-eabi/10.3.1/../../../../arm-none-eabi/lib/thumb/v7e-m+dp/hard\libc_nano.a
LOAD c:/st/stm32cubeide_1.9.0/stm32cubeide/plugins/com.st.stm32cube.ide.mcu.externaltools.gnu-tools-for-stm32.10.3-2021.10.win32_1.0.0.202111181127/tools/bin/../lib/gcc/arm-none-eabi/10.3.1/../../../../arm-none-eabi/lib/thumb/v7e-m+dp/hard\libnosys.a
END GROUP
START GROUP
LOAD c:/st/stm32cubeide_1.9.0/stm32cubeide/plugins/com.st.stm32cube.ide.mcu.externaltools.gnu-tools-for-stm32.10.3-2021.10.win32_1.0.0.202111181127/tools/bin/../lib/gcc/arm-none-eabi/10.3.1/thumb/v7e-m+dp/hard\libgcc.a
LOAD c:/st/stm32cubeide_1.9.0/stm32cubeide/plugins/com.st.stm32cube.ide.mcu.externaltools.gnu-tools-for-stm32.10.3-2021.10.win32_1.0.0.202111181127/tools/bin/../lib/gcc/arm-none-eabi/10.3.1/../../../../arm-none-eabi/lib/thumb/v7e-m+dp/hard\libc_nano.a
LOAD c:/st/stm32cubeide_1.9.0/stm32cubeide/plugins/com.st.stm32cube.ide.mcu.externaltools.gnu-tools-for-stm32.10.3-2021.10.win32_1.0.0.202111181127/tools/bin/../lib/gcc/arm-none-eabi/10.3.1/../../../../arm-none-eabi/lib/thumb/v7e-m+dp/hard\libnosys.a
END GROUP
LOAD c:/st/stm32cubeide_1.9.0/stm32cubeide/plugins/com.st.stm32cube.ide.mcu.externaltools.gnu-tools-for-stm32.10.3-2021.10.win32_1.0.0.202111181127/tools/bin/../lib/gcc/arm-none-eabi/10.3.1/thumb/v7e-m+dp/hard/crtend.o
LOAD c:/st/stm32cubeide_1.9.0/stm32cubeide/plugins/com.st.stm32cube.ide.mcu.externaltools.gnu-tools-for-stm32.10.3-2021.10.win32_1.0.0.202111181127/tools/bin/../lib/gcc/arm-none-eabi/10.3.1/thumb/v7e-m+dp/hard/crtn.o
                0x0000000020080000                _estack = (ORIGIN (RAM) + LENGTH (RAM))
                0x0000000000000200                _Min_Heap_Size = 0x200
                0x0000000000000400                _Min_Stack_Size = 0x400

.isr_vector     0x0000000008000000      0x1f8
                0x0000000008000000                . = ALIGN (0x4)
 *(.isr_vector)
 .isr_vector    0x0000000008000000      0x1f8 ./Core/Startup/startup_stm32f767zitx.o
                0x0000000008000000                g_pfnVectors
                0x00000000080001f8                . = ALIGN (0x4)

.text           0x00000000080001f8     0x89c4
                0x00000000080001f8                . = ALIGN (0x4)
 *(.text)
 .text          0x00000000080001f8       0x40 c:/st/stm32cubeide_1.9.0/stm32cubeide/plugins/com.st.stm32cube.ide.mcu.externaltools.gnu-tools-for-stm32.10.3-2021.10.win32_1.0.0.202111181127/tools/bin/../lib/gcc/arm-none-eabi/10.3.1/thumb/v7e-m+dp/hard/crtbegin.o
 .text          0x0000000008000238       0x30 c:/st/stm32cubeide_1.9.0/stm32cubeide/plugins/com.st.stm32cube.ide.mcu.externaltools.gnu-tools-for-stm32.10.3-2021.10.win32_1.0.0.202111181127/tools/bin/../lib/gcc/arm-none-eabi/10.3.1/thumb/v7e-m+dp/hard\libgcc.a(_aeabi_uldivmod.o)
                0x0000000008000238                __aeabi_uldivmod
 .text          0x0000000008000268      0x2d0 c:/st/stm32cubeide_1.9.0/stm32cubeide/plugins/com.st.stm32cube.ide.mcu.externaltools.gnu-tools-for-stm32.10.3-2021.10.win32_1.0.0.202111181127/tools/bin/../lib/gcc/arm-none-eabi/10.3.1/thumb/v7e-m+dp/hard\libgcc.a(_udivmoddi4.o)
                0x0000000008000268                __udivmoddi4
 .text          0x0000000008000538        0x4 c:/st/stm32cubeide_1.9.0/stm32cubeide/plugins/com.st.stm32cube.ide.mcu.externaltools.gnu-tools-for-stm32.10.3-2021.10.win32_1.0.0.202111181127/tools/bin/../lib/gcc/arm-none-eabi/10.3.1/thumb/v7e-m+dp/hard\libgcc.a(_dvmd_tls.o)
                0x0000000008000538                __aeabi_idiv0
                0x0000000008000538                __aeabi_ldiv0
 *(.text*)
 .text.OV5640_WriteReg
                0x000000000800053c       0x4c ./Core/Src/main.o
                0x000000000800053c                OV5640_WriteReg
 .text.OV5640_ReadReg
                0x0000000008000588       0x50 ./Core/Src/main.o
                0x0000000008000588                OV5640_ReadReg
 .text.OV5640_Powerup
                0x00000000080005d8       0x40 ./Core/Src/main.o
                0x00000000080005d8                OV5640_Powerup
 .text.main     0x0000000008000618      0x164 ./Core/Src/main.o
                0x0000000008000618                main
 .text.SystemClock_Config
                0x000000000800077c       0xe4 ./Core/Src/main.o
                0x000000000800077c                SystemClock_Config
 .text.MX_DCMI_Init
                0x0000000008000860       0x68 ./Core/Src/main.o
 .text.MX_I2C1_Init
                0x00000000080008c8       0x80 ./Core/Src/main.o
 .text.MX_SPI1_Init
                0x0000000008000948       0x7c ./Core/Src/main.o
 .text.MX_USART3_UART_Init
                0x00000000080009c4       0x60 ./Core/Src/main.o
 .text.MX_USB_OTG_FS_PCD_Init
                0x0000000008000a24       0x5c ./Core/Src/main.o
 .text.MX_DMA_Init
                0x0000000008000a80       0x3c ./Core/Src/main.o
 .text.MX_FMC_Init
                0x0000000008000abc       0xc4 ./Core/Src/main.o
 .text.MX_GPIO_Init
                0x0000000008000b80      0x228 ./Core/Src/main.o
 .text.Error_Handler
                0x0000000008000da8        0xa ./Core/Src/main.o
                0x0000000008000da8                Error_Handler
 *fill*         0x0000000008000db2        0x2 
 .text.OV5640_RegisterBusIO
                0x0000000008000db4       0x8c ./Core/Src/ov5640.o
                0x0000000008000db4                OV5640_RegisterBusIO
 .text.OV5640_Init
                0x0000000008000e40       0xf4 ./Core/Src/ov5640.o
                0x0000000008000e40                OV5640_Init
 .text.OV5640_DeInit
                0x0000000008000f34       0x28 ./Core/Src/ov5640.o
                0x0000000008000f34                OV5640_DeInit
 .text.OV5640_SetPixelFormat
                0x0000000008000f5c      0x328 ./Core/Src/ov5640.o
                0x0000000008000f5c                OV5640_SetPixelFormat
 .text.OV5640_GetPixelFormat
                0x0000000008001284       0x1a ./Core/Src/ov5640.o
                0x0000000008001284                OV5640_GetPixelFormat
 *fill*         0x000000000800129e        0x2 
 .text.OV5640_SetResolution
                0x00000000080012a0      0x1ec ./Core/Src/ov5640.o
                0x00000000080012a0                OV5640_SetResolution
 .text.OV5640_GetResolution
                0x000000000800148c      0x14c ./Core/Src/ov5640.o
                0x000000000800148c                OV5640_GetResolution
 .text.OV5640_SetPolarities
                0x00000000080015d8       0x8c ./Core/Src/ov5640.o
                0x00000000080015d8                OV5640_SetPolarities
 .text.OV5640_ReadID
                0x0000000008001664       0xa6 ./Core/Src/ov5640.o
                0x0000000008001664                OV5640_ReadID
 .text.OV5640_GetCapabilities
                0x000000000800170a       0x66 ./Core/Src/ov5640.o
                0x000000000800170a                OV5640_GetCapabilities
 .text.OV5640_SetLightMode
                0x0000000008001770      0x2d4 ./Core/Src/ov5640.o
                0x0000000008001770                OV5640_SetLightMode
 .text.OV5640_SetColorEffect
                0x0000000008001a44      0x400 ./Core/Src/ov5640.o
                0x0000000008001a44                OV5640_SetColorEffect
 .text.OV5640_SetBrightness
                0x0000000008001e44       0xe0 ./Core/Src/ov5640.o
                0x0000000008001e44                OV5640_SetBrightness
 .text.OV5640_SetSaturation
                0x0000000008001f24       0xd0 ./Core/Src/ov5640.o
                0x0000000008001f24                OV5640_SetSaturation
 .text.OV5640_SetContrast
                0x0000000008001ff4       0xd0 ./Core/Src/ov5640.o
                0x0000000008001ff4                OV5640_SetContrast
 .text.OV5640_SetHueDegree
                0x00000000080020c4      0x108 ./Core/Src/ov5640.o
                0x00000000080020c4                OV5640_SetHueDegree
 .text.OV5640_MirrorFlipConfig
                0x00000000080021cc      0x1d2 ./Core/Src/ov5640.o
                0x00000000080021cc                OV5640_MirrorFlipConfig
 .text.OV5640_ZoomConfig
                0x000000000800239e       0xd0 ./Core/Src/ov5640.o
                0x000000000800239e                OV5640_ZoomConfig
 .text.OV5640_NightModeConfig
                0x000000000800246e      0x20c ./Core/Src/ov5640.o
                0x000000000800246e                OV5640_NightModeConfig
 .text.OV5640_GetAWBRGBGain
                0x000000000800267a      0x11a ./Core/Src/ov5640.o
                0x000000000800267a                OV5640_GetAWBRGBGain
 .text.OV5640_Delay
                0x0000000008002794       0x1a ./Core/Src/ov5640.o
 .text.OV5640_ReadRegWrap
                0x00000000080027ae       0x32 ./Core/Src/ov5640.o
 .text.OV5640_WriteRegWrap
                0x00000000080027e0       0x32 ./Core/Src/ov5640.o
 .text.ov5640_read_reg
                0x0000000008002812       0x2e ./Core/Src/ov5640_reg.o
                0x0000000008002812                ov5640_read_reg
 .text.ov5640_write_reg
                0x0000000008002840       0x2e ./Core/Src/ov5640_reg.o
                0x0000000008002840                ov5640_write_reg
 *fill*         0x000000000800286e        0x2 
 .text.HAL_MspInit
                0x0000000008002870       0x48 ./Core/Src/stm32f7xx_hal_msp.o
                0x0000000008002870                HAL_MspInit
 .text.HAL_DCMI_MspInit
                0x00000000080028b8      0x1fc ./Core/Src/stm32f7xx_hal_msp.o
                0x00000000080028b8                HAL_DCMI_MspInit
 .text.HAL_I2C_MspInit
                0x0000000008002ab4       0xc0 ./Core/Src/stm32f7xx_hal_msp.o
                0x0000000008002ab4                HAL_I2C_MspInit
 .text.HAL_SPI_MspInit
                0x0000000008002b74       0xc4 ./Core/Src/stm32f7xx_hal_msp.o
                0x0000000008002b74                HAL_SPI_MspInit
 .text.HAL_UART_MspInit
                0x0000000008002c38       0xc0 ./Core/Src/stm32f7xx_hal_msp.o
                0x0000000008002c38                HAL_UART_MspInit
 .text.HAL_PCD_MspInit
                0x0000000008002cf8       0xf4 ./Core/Src/stm32f7xx_hal_msp.o
                0x0000000008002cf8                HAL_PCD_MspInit
 .text.HAL_FMC_MspInit
                0x0000000008002dec       0xb8 ./Core/Src/stm32f7xx_hal_msp.o
 .text.HAL_SRAM_MspInit
                0x0000000008002ea4       0x14 ./Core/Src/stm32f7xx_hal_msp.o
                0x0000000008002ea4                HAL_SRAM_MspInit
 .text.NMI_Handler
                0x0000000008002eb8        0x6 ./Core/Src/stm32f7xx_it.o
                0x0000000008002eb8                NMI_Handler
 .text.HardFault_Handler
                0x0000000008002ebe        0x6 ./Core/Src/stm32f7xx_it.o
                0x0000000008002ebe                HardFault_Handler
 .text.MemManage_Handler
                0x0000000008002ec4        0x6 ./Core/Src/stm32f7xx_it.o
                0x0000000008002ec4                MemManage_Handler
 .text.BusFault_Handler
                0x0000000008002eca        0x6 ./Core/Src/stm32f7xx_it.o
                0x0000000008002eca                BusFault_Handler
 .text.UsageFault_Handler
                0x0000000008002ed0        0x6 ./Core/Src/stm32f7xx_it.o
                0x0000000008002ed0                UsageFault_Handler
 .text.SVC_Handler
                0x0000000008002ed6        0xe ./Core/Src/stm32f7xx_it.o
                0x0000000008002ed6                SVC_Handler
 .text.DebugMon_Handler
                0x0000000008002ee4        0xe ./Core/Src/stm32f7xx_it.o
                0x0000000008002ee4                DebugMon_Handler
 .text.PendSV_Handler
                0x0000000008002ef2        0xe ./Core/Src/stm32f7xx_it.o
                0x0000000008002ef2                PendSV_Handler
 .text.SysTick_Handler
                0x0000000008002f00        0xc ./Core/Src/stm32f7xx_it.o
                0x0000000008002f00                SysTick_Handler
 .text.DMA2_Stream1_IRQHandler
                0x0000000008002f0c       0x14 ./Core/Src/stm32f7xx_it.o
                0x0000000008002f0c                DMA2_Stream1_IRQHandler
 .text.SystemInit
                0x0000000008002f20       0x24 ./Core/Src/system_stm32f7xx.o
                0x0000000008002f20                SystemInit
 .text.Reset_Handler
                0x0000000008002f44       0x50 ./Core/Startup/startup_stm32f767zitx.o
                0x0000000008002f44                Reset_Handler
 .text.Default_Handler
                0x0000000008002f94        0x2 ./Core/Startup/startup_stm32f767zitx.o
                0x0000000008002f94                RTC_Alarm_IRQHandler
                0x0000000008002f94                EXTI2_IRQHandler
                0x0000000008002f94                TIM8_CC_IRQHandler
                0x0000000008002f94                UART8_IRQHandler
                0x0000000008002f94                SPI4_IRQHandler
                0x0000000008002f94                TIM1_CC_IRQHandler
                0x0000000008002f94                DMA2_Stream5_IRQHandler
                0x0000000008002f94                JPEG_IRQHandler
                0x0000000008002f94                DMA1_Stream5_IRQHandler
                0x0000000008002f94                CAN3_RX1_IRQHandler
                0x0000000008002f94                PVD_IRQHandler
                0x0000000008002f94                TAMP_STAMP_IRQHandler
                0x0000000008002f94                CAN2_RX1_IRQHandler
                0x0000000008002f94                EXTI3_IRQHandler
                0x0000000008002f94                TIM8_TRG_COM_TIM14_IRQHandler
                0x0000000008002f94                DFSDM1_FLT1_IRQHandler
                0x0000000008002f94                TIM1_UP_TIM10_IRQHandler
                0x0000000008002f94                TIM8_UP_TIM13_IRQHandler
                0x0000000008002f94                I2C3_ER_IRQHandler
                0x0000000008002f94                DFSDM1_FLT2_IRQHandler
                0x0000000008002f94                EXTI0_IRQHandler
                0x0000000008002f94                I2C2_EV_IRQHandler
                0x0000000008002f94                DMA1_Stream2_IRQHandler
                0x0000000008002f94                CAN1_RX0_IRQHandler
                0x0000000008002f94                FPU_IRQHandler
                0x0000000008002f94                OTG_HS_WKUP_IRQHandler
                0x0000000008002f94                CAN3_SCE_IRQHandler
                0x0000000008002f94                LTDC_ER_IRQHandler
                0x0000000008002f94                CAN2_SCE_IRQHandler
                0x0000000008002f94                DMA2_Stream2_IRQHandler
                0x0000000008002f94                SPI1_IRQHandler
                0x0000000008002f94                TIM6_DAC_IRQHandler
                0x0000000008002f94                TIM1_BRK_TIM9_IRQHandler
                0x0000000008002f94                DCMI_IRQHandler
                0x0000000008002f94                CAN2_RX0_IRQHandler
                0x0000000008002f94                DMA2_Stream3_IRQHandler
                0x0000000008002f94                SAI2_IRQHandler
                0x0000000008002f94                DFSDM1_FLT3_IRQHandler
                0x0000000008002f94                USART6_IRQHandler
                0x0000000008002f94                CAN3_RX0_IRQHandler
                0x0000000008002f94                USART3_IRQHandler
                0x0000000008002f94                CAN1_RX1_IRQHandler
                0x0000000008002f94                UART5_IRQHandler
                0x0000000008002f94                DMA2_Stream0_IRQHandler
                0x0000000008002f94                TIM4_IRQHandler
                0x0000000008002f94                QUADSPI_IRQHandler
                0x0000000008002f94                I2C1_EV_IRQHandler
                0x0000000008002f94                DMA1_Stream6_IRQHandler
                0x0000000008002f94                DMA1_Stream1_IRQHandler
                0x0000000008002f94                UART4_IRQHandler
                0x0000000008002f94                TIM3_IRQHandler
                0x0000000008002f94                RCC_IRQHandler
                0x0000000008002f94                TIM8_BRK_TIM12_IRQHandler
                0x0000000008002f94                Default_Handler
                0x0000000008002f94                CEC_IRQHandler
                0x0000000008002f94                EXTI15_10_IRQHandler
                0x0000000008002f94                ADC_IRQHandler
                0x0000000008002f94                DMA1_Stream7_IRQHandler
                0x0000000008002f94                SPI5_IRQHandler
                0x0000000008002f94                TIM7_IRQHandler
                0x0000000008002f94                SDMMC1_IRQHandler
                0x0000000008002f94                CAN2_TX_IRQHandler
                0x0000000008002f94                TIM5_IRQHandler
                0x0000000008002f94                DMA2_Stream7_IRQHandler
                0x0000000008002f94                I2C3_EV_IRQHandler
                0x0000000008002f94                EXTI9_5_IRQHandler
                0x0000000008002f94                RTC_WKUP_IRQHandler
                0x0000000008002f94                LTDC_IRQHandler
                0x0000000008002f94                ETH_WKUP_IRQHandler
                0x0000000008002f94                SPDIF_RX_IRQHandler
                0x0000000008002f94                SPI2_IRQHandler
                0x0000000008002f94                OTG_HS_EP1_IN_IRQHandler
                0x0000000008002f94                DMA1_Stream0_IRQHandler
                0x0000000008002f94                CAN1_TX_IRQHandler
                0x0000000008002f94                EXTI4_IRQHandler
                0x0000000008002f94                RNG_IRQHandler
                0x0000000008002f94                ETH_IRQHandler
                0x0000000008002f94                OTG_HS_EP1_OUT_IRQHandler
                0x0000000008002f94                WWDG_IRQHandler
                0x0000000008002f94                SPI6_IRQHandler
                0x0000000008002f94                MDIOS_IRQHandler
                0x0000000008002f94                I2C4_EV_IRQHandler
                0x0000000008002f94                CAN3_TX_IRQHandler
                0x0000000008002f94                TIM2_IRQHandler
                0x0000000008002f94                OTG_FS_WKUP_IRQHandler
                0x0000000008002f94                TIM1_TRG_COM_TIM11_IRQHandler
                0x0000000008002f94                OTG_HS_IRQHandler
                0x0000000008002f94                DMA2D_IRQHandler
                0x0000000008002f94                EXTI1_IRQHandler
                0x0000000008002f94                SDMMC2_IRQHandler
                0x0000000008002f94                UART7_IRQHandler
                0x0000000008002f94                USART2_IRQHandler
                0x0000000008002f94                DFSDM1_FLT0_IRQHandler
                0x0000000008002f94                I2C2_ER_IRQHandler
                0x0000000008002f94                CAN1_SCE_IRQHandler
                0x0000000008002f94                FLASH_IRQHandler
                0x0000000008002f94                DMA2_Stream4_IRQHandler
                0x0000000008002f94                USART1_IRQHandler
                0x0000000008002f94                OTG_FS_IRQHandler
                0x0000000008002f94                SPI3_IRQHandler
                0x0000000008002f94                DMA1_Stream4_IRQHandler
                0x0000000008002f94                I2C1_ER_IRQHandler
                0x0000000008002f94                FMC_IRQHandler
                0x0000000008002f94                LPTIM1_IRQHandler
                0x0000000008002f94                I2C4_ER_IRQHandler
                0x0000000008002f94                DMA2_Stream6_IRQHandler
                0x0000000008002f94                SAI1_IRQHandler
                0x0000000008002f94                DMA1_Stream3_IRQHandler
 .text.HAL_Init
                0x0000000008002f96       0x1a ./Drivers/STM32F7xx_HAL_Driver/Src/stm32f7xx_hal.o
                0x0000000008002f96                HAL_Init
 .text.HAL_InitTick
                0x0000000008002fb0       0x60 ./Drivers/STM32F7xx_HAL_Driver/Src/stm32f7xx_hal.o
                0x0000000008002fb0                HAL_InitTick
 .text.HAL_IncTick
                0x0000000008003010       0x28 ./Drivers/STM32F7xx_HAL_Driver/Src/stm32f7xx_hal.o
                0x0000000008003010                HAL_IncTick
 .text.HAL_GetTick
                0x0000000008003038       0x18 ./Drivers/STM32F7xx_HAL_Driver/Src/stm32f7xx_hal.o
                0x0000000008003038                HAL_GetTick
 .text.HAL_Delay
                0x0000000008003050       0x48 ./Drivers/STM32F7xx_HAL_Driver/Src/stm32f7xx_hal.o
                0x0000000008003050                HAL_Delay
 .text.__NVIC_SetPriorityGrouping
                0x0000000008003098       0x48 ./Drivers/STM32F7xx_HAL_Driver/Src/stm32f7xx_hal_cortex.o
 .text.__NVIC_GetPriorityGrouping
                0x00000000080030e0       0x1c ./Drivers/STM32F7xx_HAL_Driver/Src/stm32f7xx_hal_cortex.o
 .text.__NVIC_EnableIRQ
                0x00000000080030fc       0x3c ./Drivers/STM32F7xx_HAL_Driver/Src/stm32f7xx_hal_cortex.o
 .text.__NVIC_SetPriority
                0x0000000008003138       0x54 ./Drivers/STM32F7xx_HAL_Driver/Src/stm32f7xx_hal_cortex.o
 .text.NVIC_EncodePriority
                0x000000000800318c       0x66 ./Drivers/STM32F7xx_HAL_Driver/Src/stm32f7xx_hal_cortex.o
 *fill*         0x00000000080031f2        0x2 
 .text.SysTick_Config
                0x00000000080031f4       0x44 ./Drivers/STM32F7xx_HAL_Driver/Src/stm32f7xx_hal_cortex.o
 .text.HAL_NVIC_SetPriorityGrouping
                0x0000000008003238       0x16 ./Drivers/STM32F7xx_HAL_Driver/Src/stm32f7xx_hal_cortex.o
                0x0000000008003238                HAL_NVIC_SetPriorityGrouping
 .text.HAL_NVIC_SetPriority
                0x000000000800324e       0x38 ./Drivers/STM32F7xx_HAL_Driver/Src/stm32f7xx_hal_cortex.o
                0x000000000800324e                HAL_NVIC_SetPriority
 .text.HAL_NVIC_EnableIRQ
                0x0000000008003286       0x1c ./Drivers/STM32F7xx_HAL_Driver/Src/stm32f7xx_hal_cortex.o
                0x0000000008003286                HAL_NVIC_EnableIRQ
 .text.HAL_SYSTICK_Config
                0x00000000080032a2       0x18 ./Drivers/STM32F7xx_HAL_Driver/Src/stm32f7xx_hal_cortex.o
                0x00000000080032a2                HAL_SYSTICK_Config
 *fill*         0x00000000080032ba        0x2 
 .text.HAL_DCMI_Init
                0x00000000080032bc       0xf4 ./Drivers/STM32F7xx_HAL_Driver/Src/stm32f7xx_hal_dcmi.o
                0x00000000080032bc                HAL_DCMI_Init
 .text.HAL_DCMI_Start_DMA
                0x00000000080033b0      0x15c ./Drivers/STM32F7xx_HAL_Driver/Src/stm32f7xx_hal_dcmi.o
                0x00000000080033b0                HAL_DCMI_Start_DMA
 .text.HAL_DCMI_Stop
                0x000000000800350c       0xbc ./Drivers/STM32F7xx_HAL_Driver/Src/stm32f7xx_hal_dcmi.o
                0x000000000800350c                HAL_DCMI_Stop
 .text.HAL_DCMI_Suspend
                0x00000000080035c8       0xa8 ./Drivers/STM32F7xx_HAL_Driver/Src/stm32f7xx_hal_dcmi.o
                0x00000000080035c8                HAL_DCMI_Suspend
 .text.HAL_DCMI_ErrorCallback
                0x0000000008003670       0x14 ./Drivers/STM32F7xx_HAL_Driver/Src/stm32f7xx_hal_dcmi.o
                0x0000000008003670                HAL_DCMI_ErrorCallback
 .text.DCMI_DMAXferCplt
                0x0000000008003684      0x12a ./Drivers/STM32F7xx_HAL_Driver/Src/stm32f7xx_hal_dcmi.o
 .text.DCMI_DMAError
                0x00000000080037ae       0x3a ./Drivers/STM32F7xx_HAL_Driver/Src/stm32f7xx_hal_dcmi.o
 .text.HAL_DMA_Init
                0x00000000080037e8      0x15c ./Drivers/STM32F7xx_HAL_Driver/Src/stm32f7xx_hal_dma.o
                0x00000000080037e8                HAL_DMA_Init
 .text.HAL_DMA_Start_IT
                0x0000000008003944       0xc0 ./Drivers/STM32F7xx_HAL_Driver/Src/stm32f7xx_hal_dma.o
                0x0000000008003944                HAL_DMA_Start_IT
 .text.HAL_DMA_Abort
                0x0000000008003a04       0xe0 ./Drivers/STM32F7xx_HAL_Driver/Src/stm32f7xx_hal_dma.o
                0x0000000008003a04                HAL_DMA_Abort
 .text.HAL_DMA_IRQHandler
                0x0000000008003ae4      0x314 ./Drivers/STM32F7xx_HAL_Driver/Src/stm32f7xx_hal_dma.o
                0x0000000008003ae4                HAL_DMA_IRQHandler
 .text.DMA_SetConfig
                0x0000000008003df8       0x5c ./Drivers/STM32F7xx_HAL_Driver/Src/stm32f7xx_hal_dma.o
 .text.DMA_CalcBaseAndBitshift
                0x0000000008003e54       0x6c ./Drivers/STM32F7xx_HAL_Driver/Src/stm32f7xx_hal_dma.o
 .text.DMA_CheckFifoParam
                0x0000000008003ec0       0xf8 ./Drivers/STM32F7xx_HAL_Driver/Src/stm32f7xx_hal_dma.o
 .text.HAL_DMAEx_MultiBufferStart_IT
                0x0000000008003fb8     0x126c ./Drivers/STM32F7xx_HAL_Driver/Src/stm32f7xx_hal_dma_ex.o
                0x0000000008003fb8                HAL_DMAEx_MultiBufferStart_IT
 .text.HAL_DMAEx_ChangeMemory
                0x0000000008005224       0x34 ./Drivers/STM32F7xx_HAL_Driver/Src/stm32f7xx_hal_dma_ex.o
                0x0000000008005224                HAL_DMAEx_ChangeMemory
 .text.DMA_MultiBufferSetConfig
                0x0000000008005258       0x4c ./Drivers/STM32F7xx_HAL_Driver/Src/stm32f7xx_hal_dma_ex.o
 .text.HAL_GPIO_Init
                0x00000000080052a4      0x358 ./Drivers/STM32F7xx_HAL_Driver/Src/stm32f7xx_hal_gpio.o
                0x00000000080052a4                HAL_GPIO_Init
 .text.HAL_GPIO_WritePin
                0x00000000080055fc       0x32 ./Drivers/STM32F7xx_HAL_Driver/Src/stm32f7xx_hal_gpio.o
                0x00000000080055fc                HAL_GPIO_WritePin
 *fill*         0x000000000800562e        0x2 
 .text.HAL_I2C_Init
                0x0000000008005630      0x120 ./Drivers/STM32F7xx_HAL_Driver/Src/stm32f7xx_hal_i2c.o
                0x0000000008005630                HAL_I2C_Init
 .text.HAL_I2C_Mem_Write
                0x0000000008005750      0x228 ./Drivers/STM32F7xx_HAL_Driver/Src/stm32f7xx_hal_i2c.o
                0x0000000008005750                HAL_I2C_Mem_Write
 .text.HAL_I2C_Mem_Read
                0x0000000008005978      0x234 ./Drivers/STM32F7xx_HAL_Driver/Src/stm32f7xx_hal_i2c.o
                0x0000000008005978                HAL_I2C_Mem_Read
 .text.I2C_RequestMemoryWrite
                0x0000000008005bac       0xa8 ./Drivers/STM32F7xx_HAL_Driver/Src/stm32f7xx_hal_i2c.o
 .text.I2C_RequestMemoryRead
                0x0000000008005c54       0xa8 ./Drivers/STM32F7xx_HAL_Driver/Src/stm32f7xx_hal_i2c.o
 .text.I2C_Flush_TXDR
                0x0000000008005cfc       0x48 ./Drivers/STM32F7xx_HAL_Driver/Src/stm32f7xx_hal_i2c.o
 .text.I2C_WaitOnFlagUntilTimeout
                0x0000000008005d44       0x80 ./Drivers/STM32F7xx_HAL_Driver/Src/stm32f7xx_hal_i2c.o
 .text.I2C_WaitOnTXISFlagUntilTimeout
                0x0000000008005dc4       0x80 ./Drivers/STM32F7xx_HAL_Driver/Src/stm32f7xx_hal_i2c.o
 .text.I2C_WaitOnSTOPFlagUntilTimeout
                0x0000000008005e44       0x78 ./Drivers/STM32F7xx_HAL_Driver/Src/stm32f7xx_hal_i2c.o
 .text.I2C_IsErrorOccurred
                0x0000000008005ebc      0x1d8 ./Drivers/STM32F7xx_HAL_Driver/Src/stm32f7xx_hal_i2c.o
 .text.I2C_TransferConfig
                0x0000000008006094       0x64 ./Drivers/STM32F7xx_HAL_Driver/Src/stm32f7xx_hal_i2c.o
 .text.HAL_I2CEx_ConfigAnalogFilter
                0x00000000080060f8       0x96 ./Drivers/STM32F7xx_HAL_Driver/Src/stm32f7xx_hal_i2c_ex.o
                0x00000000080060f8                HAL_I2CEx_ConfigAnalogFilter
 .text.HAL_I2CEx_ConfigDigitalFilter
                0x000000000800618e       0x98 ./Drivers/STM32F7xx_HAL_Driver/Src/stm32f7xx_hal_i2c_ex.o
                0x000000000800618e                HAL_I2CEx_ConfigDigitalFilter
 .text.HAL_PCD_Init
                0x0000000008006226      0x248 ./Drivers/STM32F7xx_HAL_Driver/Src/stm32f7xx_hal_pcd.o
                0x0000000008006226                HAL_PCD_Init
 *fill*         0x000000000800646e        0x2 
 .text.HAL_PCDEx_ActivateLPM
                0x0000000008006470       0x48 ./Drivers/STM32F7xx_HAL_Driver/Src/stm32f7xx_hal_pcd_ex.o
                0x0000000008006470                HAL_PCDEx_ActivateLPM
 .text.HAL_PWR_EnableBkUpAccess
                0x00000000080064b8       0x20 ./Drivers/STM32F7xx_HAL_Driver/Src/stm32f7xx_hal_pwr.o
                0x00000000080064b8                HAL_PWR_EnableBkUpAccess
 .text.HAL_PWREx_EnableOverDrive
                0x00000000080064d8       0xa0 ./Drivers/STM32F7xx_HAL_Driver/Src/stm32f7xx_hal_pwr_ex.o
                0x00000000080064d8                HAL_PWREx_EnableOverDrive
 .text.HAL_RCC_OscConfig
                0x0000000008006578      0x55c ./Drivers/STM32F7xx_HAL_Driver/Src/stm32f7xx_hal_rcc.o
                0x0000000008006578                HAL_RCC_OscConfig
 .text.HAL_RCC_ClockConfig
                0x0000000008006ad4      0x1d8 ./Drivers/STM32F7xx_HAL_Driver/Src/stm32f7xx_hal_rcc.o
                0x0000000008006ad4                HAL_RCC_ClockConfig
 .text.HAL_RCC_GetSysClockFreq
                0x0000000008006cac      0x20c ./Drivers/STM32F7xx_HAL_Driver/Src/stm32f7xx_hal_rcc.o
                0x0000000008006cac                HAL_RCC_GetSysClockFreq
 .text.HAL_RCC_GetHCLKFreq
                0x0000000008006eb8       0x18 ./Drivers/STM32F7xx_HAL_Driver/Src/stm32f7xx_hal_rcc.o
                0x0000000008006eb8                HAL_RCC_GetHCLKFreq
 .text.HAL_RCC_GetPCLK1Freq
                0x0000000008006ed0       0x28 ./Drivers/STM32F7xx_HAL_Driver/Src/stm32f7xx_hal_rcc.o
                0x0000000008006ed0                HAL_RCC_GetPCLK1Freq
 .text.HAL_RCC_GetPCLK2Freq
                0x0000000008006ef8       0x28 ./Drivers/STM32F7xx_HAL_Driver/Src/stm32f7xx_hal_rcc.o
                0x0000000008006ef8                HAL_RCC_GetPCLK2Freq
 .text.HAL_RCCEx_PeriphCLKConfig
                0x0000000008006f20      0x850 ./Drivers/STM32F7xx_HAL_Driver/Src/stm32f7xx_hal_rcc_ex.o
                0x0000000008006f20                HAL_RCCEx_PeriphCLKConfig
 .text.HAL_SPI_Init
                0x0000000008007770      0x156 ./Drivers/STM32F7xx_HAL_Driver/Src/stm32f7xx_hal_spi.o
                0x0000000008007770                HAL_SPI_Init
 .text.HAL_SRAM_Init
                0x00000000080078c6       0x90 ./Drivers/STM32F7xx_HAL_Driver/Src/stm32f7xx_hal_sram.o
                0x00000000080078c6                HAL_SRAM_Init
 .text.HAL_UART_Init
                0x0000000008007956       0x9c ./Drivers/STM32F7xx_HAL_Driver/Src/stm32f7xx_hal_uart.o
                0x0000000008007956                HAL_UART_Init
 .text.HAL_UART_Transmit
                0x00000000080079f2      0x126 ./Drivers/STM32F7xx_HAL_Driver/Src/stm32f7xx_hal_uart.o
                0x00000000080079f2                HAL_UART_Transmit
 .text.UART_SetConfig
                0x0000000008007b18      0x4c8 ./Drivers/STM32F7xx_HAL_Driver/Src/stm32f7xx_hal_uart.o
                0x0000000008007b18                UART_SetConfig
 .text.UART_AdvFeatureConfig
                0x0000000008007fe0      0x144 ./Drivers/STM32F7xx_HAL_Driver/Src/stm32f7xx_hal_uart.o
                0x0000000008007fe0                UART_AdvFeatureConfig
 .text.UART_CheckIdleState
                0x0000000008008124       0x92 ./Drivers/STM32F7xx_HAL_Driver/Src/stm32f7xx_hal_uart.o
                0x0000000008008124                UART_CheckIdleState
 .text.UART_WaitOnFlagUntilTimeout
                0x00000000080081b6      0x188 ./Drivers/STM32F7xx_HAL_Driver/Src/stm32f7xx_hal_uart.o
                0x00000000080081b6                UART_WaitOnFlagUntilTimeout
 *fill*         0x000000000800833e        0x2 
 .text.FMC_NORSRAM_Init
                0x0000000008008340      0x120 ./Drivers/STM32F7xx_HAL_Driver/Src/stm32f7xx_ll_fmc.o
                0x0000000008008340                FMC_NORSRAM_Init
 .text.FMC_NORSRAM_Timing_Init
                0x0000000008008460       0xa0 ./Drivers/STM32F7xx_HAL_Driver/Src/stm32f7xx_ll_fmc.o
                0x0000000008008460                FMC_NORSRAM_Timing_Init
 .text.FMC_NORSRAM_Extended_Timing_Init
                0x0000000008008500       0x70 ./Drivers/STM32F7xx_HAL_Driver/Src/stm32f7xx_ll_fmc.o
                0x0000000008008500                FMC_NORSRAM_Extended_Timing_Init
 .text.USB_CoreInit
                0x0000000008008570       0xb0 ./Drivers/STM32F7xx_HAL_Driver/Src/stm32f7xx_ll_usb.o
                0x0000000008008570                USB_CoreInit
 .text.USB_DisableGlobalInt
                0x0000000008008620       0x22 ./Drivers/STM32F7xx_HAL_Driver/Src/stm32f7xx_ll_usb.o
                0x0000000008008620                USB_DisableGlobalInt
 .text.USB_SetCurrentMode
                0x0000000008008642       0x98 ./Drivers/STM32F7xx_HAL_Driver/Src/stm32f7xx_ll_usb.o
                0x0000000008008642                USB_SetCurrentMode
 *fill*         0x00000000080086da        0x2 
 .text.USB_DevInit
                0x00000000080086dc      0x2bc ./Drivers/STM32F7xx_HAL_Driver/Src/stm32f7xx_ll_usb.o
                0x00000000080086dc                USB_DevInit
 .text.USB_FlushTxFifo
                0x0000000008008998       0x64 ./Drivers/STM32F7xx_HAL_Driver/Src/stm32f7xx_ll_usb.o
                0x0000000008008998                USB_FlushTxFifo
 .text.USB_FlushRxFifo
                0x00000000080089fc       0x5c ./Drivers/STM32F7xx_HAL_Driver/Src/stm32f7xx_ll_usb.o
                0x00000000080089fc                USB_FlushRxFifo
 .text.USB_SetDevSpeed
                0x0000000008008a58       0x32 ./Drivers/STM32F7xx_HAL_Driver/Src/stm32f7xx_ll_usb.o
                0x0000000008008a58                USB_SetDevSpeed
 .text.USB_DevDisconnect
                0x0000000008008a8a       0x42 ./Drivers/STM32F7xx_HAL_Driver/Src/stm32f7xx_ll_usb.o
                0x0000000008008a8a                USB_DevDisconnect
 .text.USB_GetMode
                0x0000000008008acc       0x1c ./Drivers/STM32F7xx_HAL_Driver/Src/stm32f7xx_ll_usb.o
                0x0000000008008acc                USB_GetMode
 .text.USB_CoreReset
                0x0000000008008ae8       0x64 ./Drivers/STM32F7xx_HAL_Driver/Src/stm32f7xx_ll_usb.o
 .text.__libc_init_array
                0x0000000008008b4c       0x48 c:/st/stm32cubeide_1.9.0/stm32cubeide/plugins/com.st.stm32cube.ide.mcu.externaltools.gnu-tools-for-stm32.10.3-2021.10.win32_1.0.0.202111181127/tools/bin/../lib/gcc/arm-none-eabi/10.3.1/../../../../arm-none-eabi/lib/thumb/v7e-m+dp/hard\libc_nano.a(lib_a-init.o)
                0x0000000008008b4c                __libc_init_array
 .text.memset   0x0000000008008b94       0x10 c:/st/stm32cubeide_1.9.0/stm32cubeide/plugins/com.st.stm32cube.ide.mcu.externaltools.gnu-tools-for-stm32.10.3-2021.10.win32_1.0.0.202111181127/tools/bin/../lib/gcc/arm-none-eabi/10.3.1/../../../../arm-none-eabi/lib/thumb/v7e-m+dp/hard\libc_nano.a(lib_a-memset.o)
                0x0000000008008b94                memset
 *(.glue_7)
 .glue_7        0x0000000008008ba4        0x0 linker stubs
 *(.glue_7t)
 .glue_7t       0x0000000008008ba4        0x0 linker stubs
 *(.eh_frame)
 .eh_frame      0x0000000008008ba4        0x0 c:/st/stm32cubeide_1.9.0/stm32cubeide/plugins/com.st.stm32cube.ide.mcu.externaltools.gnu-tools-for-stm32.10.3-2021.10.win32_1.0.0.202111181127/tools/bin/../lib/gcc/arm-none-eabi/10.3.1/thumb/v7e-m+dp/hard/crtbegin.o
 *(.init)
 .init          0x0000000008008ba4        0x4 c:/st/stm32cubeide_1.9.0/stm32cubeide/plugins/com.st.stm32cube.ide.mcu.externaltools.gnu-tools-for-stm32.10.3-2021.10.win32_1.0.0.202111181127/tools/bin/../lib/gcc/arm-none-eabi/10.3.1/thumb/v7e-m+dp/hard/crti.o
                0x0000000008008ba4                _init
 .init          0x0000000008008ba8        0x8 c:/st/stm32cubeide_1.9.0/stm32cubeide/plugins/com.st.stm32cube.ide.mcu.externaltools.gnu-tools-for-stm32.10.3-2021.10.win32_1.0.0.202111181127/tools/bin/../lib/gcc/arm-none-eabi/10.3.1/thumb/v7e-m+dp/hard/crtn.o
 *(.fini)
 .fini          0x0000000008008bb0        0x4 c:/st/stm32cubeide_1.9.0/stm32cubeide/plugins/com.st.stm32cube.ide.mcu.externaltools.gnu-tools-for-stm32.10.3-2021.10.win32_1.0.0.202111181127/tools/bin/../lib/gcc/arm-none-eabi/10.3.1/thumb/v7e-m+dp/hard/crti.o
                0x0000000008008bb0                _fini
 .fini          0x0000000008008bb4        0x8 c:/st/stm32cubeide_1.9.0/stm32cubeide/plugins/com.st.stm32cube.ide.mcu.externaltools.gnu-tools-for-stm32.10.3-2021.10.win32_1.0.0.202111181127/tools/bin/../lib/gcc/arm-none-eabi/10.3.1/thumb/v7e-m+dp/hard/crtn.o
                0x0000000008008bbc                . = ALIGN (0x4)
                0x0000000008008bbc                _etext = .

.vfp11_veneer   0x0000000008008bbc        0x0
 .vfp11_veneer  0x0000000008008bbc        0x0 linker stubs

.v4_bx          0x0000000008008bbc        0x0
 .v4_bx         0x0000000008008bbc        0x0 linker stubs

.iplt           0x0000000008008bbc        0x0
 .iplt          0x0000000008008bbc        0x0 c:/st/stm32cubeide_1.9.0/stm32cubeide/plugins/com.st.stm32cube.ide.mcu.externaltools.gnu-tools-for-stm32.10.3-2021.10.win32_1.0.0.202111181127/tools/bin/../lib/gcc/arm-none-eabi/10.3.1/thumb/v7e-m+dp/hard/crtbegin.o

.rodata         0x0000000008008bbc      0x580
                0x0000000008008bbc                . = ALIGN (0x4)
 *(.rodata)
 .rodata        0x0000000008008bbc       0x48 ./Core/Src/ov5640.o
 *(.rodata*)
 .rodata.OV5640_Common.16
                0x0000000008008c04      0x3f8 ./Core/Src/ov5640.o
 .rodata.OV5640_PF_YUV422.15
                0x0000000008008ffc        0x8 ./Core/Src/ov5640.o
 .rodata.OV5640_PF_RGB888.14
                0x0000000008009004        0x8 ./Core/Src/ov5640.o
 .rodata.OV5640_PF_Y8.13
                0x000000000800900c        0x8 ./Core/Src/ov5640.o
 .rodata.OV5640_PF_JPEG.12
                0x0000000008009014        0x8 ./Core/Src/ov5640.o
 .rodata.OV5640_PF_RGB565.11
                0x000000000800901c        0x8 ./Core/Src/ov5640.o
 .rodata.OV5640_QQVGA.10
                0x0000000008009024       0x10 ./Core/Src/ov5640.o
 .rodata.OV5640_QVGA.9
                0x0000000008009034       0x10 ./Core/Src/ov5640.o
 .rodata.OV5640_480x272.8
                0x0000000008009044       0x10 ./Core/Src/ov5640.o
 .rodata.OV5640_VGA.7
                0x0000000008009054       0x10 ./Core/Src/ov5640.o
 .rodata.OV5640_WVGA.6
                0x0000000008009064       0x10 ./Core/Src/ov5640.o
 .rodata.OV5640_LightModeSunny.5
                0x0000000008009074       0x1c ./Core/Src/ov5640.o
 .rodata.OV5640_LightModeOffice.4
                0x0000000008009090       0x1c ./Core/Src/ov5640.o
 .rodata.OV5640_LightModeCloudy.3
                0x00000000080090ac       0x1c ./Core/Src/ov5640.o
 .rodata.OV5640_LightModeHome.2
                0x00000000080090c8       0x1c ./Core/Src/ov5640.o
 .rodata.OV5640_LightModeManualDefault.1
                0x00000000080090e4       0x1c ./Core/Src/ov5640.o
 .rodata.OV5640_LightModeAuto.0
                0x0000000008009100       0x1c ./Core/Src/ov5640.o
 .rodata.AHBPrescTable
                0x000000000800911c       0x10 ./Core/Src/system_stm32f7xx.o
                0x000000000800911c                AHBPrescTable
 .rodata.APBPrescTable
                0x000000000800912c        0x8 ./Core/Src/system_stm32f7xx.o
                0x000000000800912c                APBPrescTable
 .rodata.flagBitshiftOffset.0
                0x0000000008009134        0x8 ./Drivers/STM32F7xx_HAL_Driver/Src/stm32f7xx_hal_dma.o
                0x000000000800913c                . = ALIGN (0x4)

.ARM.extab      0x000000000800913c        0x0
                0x000000000800913c                . = ALIGN (0x4)
 *(.ARM.extab* .gnu.linkonce.armextab.*)
                0x000000000800913c                . = ALIGN (0x4)

.ARM            0x000000000800913c        0x8
                0x000000000800913c                . = ALIGN (0x4)
                0x000000000800913c                __exidx_start = .
 *(.ARM.exidx*)
 .ARM.exidx     0x000000000800913c        0x8 c:/st/stm32cubeide_1.9.0/stm32cubeide/plugins/com.st.stm32cube.ide.mcu.externaltools.gnu-tools-for-stm32.10.3-2021.10.win32_1.0.0.202111181127/tools/bin/../lib/gcc/arm-none-eabi/10.3.1/thumb/v7e-m+dp/hard\libgcc.a(_udivmoddi4.o)
                0x0000000008009144                __exidx_end = .
                0x0000000008009144                . = ALIGN (0x4)

.rel.dyn        0x0000000008009144        0x0
 .rel.iplt      0x0000000008009144        0x0 c:/st/stm32cubeide_1.9.0/stm32cubeide/plugins/com.st.stm32cube.ide.mcu.externaltools.gnu-tools-for-stm32.10.3-2021.10.win32_1.0.0.202111181127/tools/bin/../lib/gcc/arm-none-eabi/10.3.1/thumb/v7e-m+dp/hard/crtbegin.o

.preinit_array  0x0000000008009144        0x0
                0x0000000008009144                . = ALIGN (0x4)
                0x0000000008009144                PROVIDE (__preinit_array_start = .)
 *(.preinit_array*)
                0x0000000008009144                PROVIDE (__preinit_array_end = .)
                0x0000000008009144                . = ALIGN (0x4)

.init_array     0x0000000008009144        0x4
                0x0000000008009144                . = ALIGN (0x4)
                0x0000000008009144                PROVIDE (__init_array_start = .)
 *(SORT_BY_NAME(.init_array.*))
 *(.init_array*)
 .init_array    0x0000000008009144        0x4 c:/st/stm32cubeide_1.9.0/stm32cubeide/plugins/com.st.stm32cube.ide.mcu.externaltools.gnu-tools-for-stm32.10.3-2021.10.win32_1.0.0.202111181127/tools/bin/../lib/gcc/arm-none-eabi/10.3.1/thumb/v7e-m+dp/hard/crtbegin.o
                0x0000000008009148                PROVIDE (__init_array_end = .)
                0x0000000008009148                . = ALIGN (0x4)

.fini_array     0x0000000008009148        0x4
                0x0000000008009148                . = ALIGN (0x4)
                [!provide]                        PROVIDE (__fini_array_start = .)
 *(SORT_BY_NAME(.fini_array.*))
 *(.fini_array*)
 .fini_array    0x0000000008009148        0x4 c:/st/stm32cubeide_1.9.0/stm32cubeide/plugins/com.st.stm32cube.ide.mcu.externaltools.gnu-tools-for-stm32.10.3-2021.10.win32_1.0.0.202111181127/tools/bin/../lib/gcc/arm-none-eabi/10.3.1/thumb/v7e-m+dp/hard/crtbegin.o
                [!provide]                        PROVIDE (__fini_array_end = .)
                0x000000000800914c                . = ALIGN (0x4)
                0x000000000800914c                _sidata = LOADADDR (.data)

.data           0x0000000020000000       0x54 load address 0x000000000800914c
                0x0000000020000000                . = ALIGN (0x4)
                0x0000000020000000                _sdata = .
 *(.data)
 *(.data*)
 .data.OV5640_CAMERA_Driver
                0x0000000020000000       0x48 ./Core/Src/ov5640.o
                0x0000000020000000                OV5640_CAMERA_Driver
 .data.SystemCoreClock
                0x0000000020000048        0x4 ./Core/Src/system_stm32f7xx.o
                0x0000000020000048                SystemCoreClock
 .data.uwTickPrio
                0x000000002000004c        0x4 ./Drivers/STM32F7xx_HAL_Driver/Src/stm32f7xx_hal.o
                0x000000002000004c                uwTickPrio
 .data.uwTickFreq
                0x0000000020000050        0x1 ./Drivers/STM32F7xx_HAL_Driver/Src/stm32f7xx_hal.o
                0x0000000020000050                uwTickFreq
 *(.RamFunc)
 *(.RamFunc*)
                0x0000000020000054                . = ALIGN (0x4)
 *fill*         0x0000000020000051        0x3 
                0x0000000020000054                _edata = .

.igot.plt       0x0000000020000054        0x0 load address 0x00000000080091a0
 .igot.plt      0x0000000020000054        0x0 c:/st/stm32cubeide_1.9.0/stm32cubeide/plugins/com.st.stm32cube.ide.mcu.externaltools.gnu-tools-for-stm32.10.3-2021.10.win32_1.0.0.202111181127/tools/bin/../lib/gcc/arm-none-eabi/10.3.1/thumb/v7e-m+dp/hard/crtbegin.o
                0x0000000020000054                . = ALIGN (0x4)

.bss            0x0000000020000054    0x25e98 load address 0x00000000080091a0
                0x0000000020000054                _sbss = .
                0x0000000020000054                __bss_start__ = _sbss
 *(.bss)
 .bss           0x0000000020000054       0x1c c:/st/stm32cubeide_1.9.0/stm32cubeide/plugins/com.st.stm32cube.ide.mcu.externaltools.gnu-tools-for-stm32.10.3-2021.10.win32_1.0.0.202111181127/tools/bin/../lib/gcc/arm-none-eabi/10.3.1/thumb/v7e-m+dp/hard/crtbegin.o
 *(.bss*)
 .bss.hdcmi     0x0000000020000070       0x50 ./Core/Src/main.o
                0x0000000020000070                hdcmi
 .bss.hdma_dcmi
                0x00000000200000c0       0x60 ./Core/Src/main.o
                0x00000000200000c0                hdma_dcmi
 .bss.hi2c1     0x0000000020000120       0x4c ./Core/Src/main.o
                0x0000000020000120                hi2c1
 .bss.hspi1     0x000000002000016c       0x64 ./Core/Src/main.o
                0x000000002000016c                hspi1
 .bss.huart3    0x00000000200001d0       0x84 ./Core/Src/main.o
                0x00000000200001d0                huart3
 .bss.hpcd_USB_OTG_FS
                0x0000000020000254      0x404 ./Core/Src/main.o
                0x0000000020000254                hpcd_USB_OTG_FS
 .bss.hsram1    0x0000000020000658       0x4c ./Core/Src/main.o
                0x0000000020000658                hsram1
 .bss.p_cam     0x00000000200006a4       0x28 ./Core/Src/main.o
                0x00000000200006a4                p_cam
 .bss.cam_i2c   0x00000000200006cc       0x18 ./Core/Src/main.o
                0x00000000200006cc                cam_i2c
 .bss.image     0x00000000200006e4    0x25800 ./Core/Src/main.o
                0x00000000200006e4                image
 .bss.FMC_Initialized
                0x0000000020025ee4        0x4 ./Core/Src/stm32f7xx_hal_msp.o
 .bss.uwTick    0x0000000020025ee8        0x4 ./Drivers/STM32F7xx_HAL_Driver/Src/stm32f7xx_hal.o
                0x0000000020025ee8                uwTick
 *(COMMON)
                0x0000000020025eec                . = ALIGN (0x4)
                0x0000000020025eec                _ebss = .
                0x0000000020025eec                __bss_end__ = _ebss

._user_heap_stack
                0x0000000020025eec      0x604 load address 0x00000000080091a0
                0x0000000020025ef0                . = ALIGN (0x8)
 *fill*         0x0000000020025eec        0x4 
                [!provide]                        PROVIDE (end = .)
                0x0000000020025ef0                PROVIDE (_end = .)
                0x00000000200260f0                . = (. + _Min_Heap_Size)
 *fill*         0x0000000020025ef0      0x200 
                0x00000000200264f0                . = (. + _Min_Stack_Size)
 *fill*         0x00000000200260f0      0x400 
                0x00000000200264f0                . = ALIGN (0x8)

/DISCARD/
 libc.a(*)
 libm.a(*)
 libgcc.a(*)

.ARM.attributes
                0x0000000000000000       0x2e
 *(.ARM.attributes)
 .ARM.attributes
                0x0000000000000000       0x1e c:/st/stm32cubeide_1.9.0/stm32cubeide/plugins/com.st.stm32cube.ide.mcu.externaltools.gnu-tools-for-stm32.10.3-2021.10.win32_1.0.0.202111181127/tools/bin/../lib/gcc/arm-none-eabi/10.3.1/thumb/v7e-m+dp/hard/crti.o
 .ARM.attributes
                0x000000000000001e       0x32 c:/st/stm32cubeide_1.9.0/stm32cubeide/plugins/com.st.stm32cube.ide.mcu.externaltools.gnu-tools-for-stm32.10.3-2021.10.win32_1.0.0.202111181127/tools/bin/../lib/gcc/arm-none-eabi/10.3.1/thumb/v7e-m+dp/hard/crtbegin.o
 .ARM.attributes
                0x0000000000000050       0x32 ./Core/Src/main.o
 .ARM.attributes
                0x0000000000000082       0x32 ./Core/Src/ov5640.o
 .ARM.attributes
                0x00000000000000b4       0x32 ./Core/Src/ov5640_reg.o
 .ARM.attributes
                0x00000000000000e6       0x32 ./Core/Src/stm32f7xx_hal_msp.o
 .ARM.attributes
                0x0000000000000118       0x32 ./Core/Src/stm32f7xx_it.o
 .ARM.attributes
                0x000000000000014a       0x32 ./Core/Src/system_stm32f7xx.o
 .ARM.attributes
                0x000000000000017c       0x21 ./Core/Startup/startup_stm32f767zitx.o
 .ARM.attributes
                0x000000000000019d       0x32 ./Drivers/STM32F7xx_HAL_Driver/Src/stm32f7xx_hal.o
 .ARM.attributes
                0x00000000000001cf       0x32 ./Drivers/STM32F7xx_HAL_Driver/Src/stm32f7xx_hal_cortex.o
 .ARM.attributes
                0x0000000000000201       0x32 ./Drivers/STM32F7xx_HAL_Driver/Src/stm32f7xx_hal_dcmi.o
 .ARM.attributes
                0x0000000000000233       0x32 ./Drivers/STM32F7xx_HAL_Driver/Src/stm32f7xx_hal_dma.o
 .ARM.attributes
                0x0000000000000265       0x32 ./Drivers/STM32F7xx_HAL_Driver/Src/stm32f7xx_hal_dma_ex.o
 .ARM.attributes
                0x0000000000000297       0x32 ./Drivers/STM32F7xx_HAL_Driver/Src/stm32f7xx_hal_gpio.o
 .ARM.attributes
                0x00000000000002c9       0x32 ./Drivers/STM32F7xx_HAL_Driver/Src/stm32f7xx_hal_i2c.o
 .ARM.attributes
                0x00000000000002fb       0x32 ./Drivers/STM32F7xx_HAL_Driver/Src/stm32f7xx_hal_i2c_ex.o
 .ARM.attributes
                0x000000000000032d       0x32 ./Drivers/STM32F7xx_HAL_Driver/Src/stm32f7xx_hal_pcd.o
 .ARM.attributes
                0x000000000000035f       0x32 ./Drivers/STM32F7xx_HAL_Driver/Src/stm32f7xx_hal_pcd_ex.o
 .ARM.attributes
                0x0000000000000391       0x32 ./Drivers/STM32F7xx_HAL_Driver/Src/stm32f7xx_hal_pwr.o
 .ARM.attributes
                0x00000000000003c3       0x32 ./Drivers/STM32F7xx_HAL_Driver/Src/stm32f7xx_hal_pwr_ex.o
 .ARM.attributes
                0x00000000000003f5       0x32 ./Drivers/STM32F7xx_HAL_Driver/Src/stm32f7xx_hal_rcc.o
 .ARM.attributes
                0x0000000000000427       0x32 ./Drivers/STM32F7xx_HAL_Driver/Src/stm32f7xx_hal_rcc_ex.o
 .ARM.attributes
                0x0000000000000459       0x32 ./Drivers/STM32F7xx_HAL_Driver/Src/stm32f7xx_hal_spi.o
 .ARM.attributes
                0x000000000000048b       0x32 ./Drivers/STM32F7xx_HAL_Driver/Src/stm32f7xx_hal_sram.o
 .ARM.attributes
                0x00000000000004bd       0x32 ./Drivers/STM32F7xx_HAL_Driver/Src/stm32f7xx_hal_uart.o
 .ARM.attributes
                0x00000000000004ef       0x32 ./Drivers/STM32F7xx_HAL_Driver/Src/stm32f7xx_ll_fmc.o
 .ARM.attributes
                0x0000000000000521       0x32 ./Drivers/STM32F7xx_HAL_Driver/Src/stm32f7xx_ll_usb.o
 .ARM.attributes
                0x0000000000000553       0x32 c:/st/stm32cubeide_1.9.0/stm32cubeide/plugins/com.st.stm32cube.ide.mcu.externaltools.gnu-tools-for-stm32.10.3-2021.10.win32_1.0.0.202111181127/tools/bin/../lib/gcc/arm-none-eabi/10.3.1/../../../../arm-none-eabi/lib/thumb/v7e-m+dp/hard\libc_nano.a(lib_a-init.o)
 .ARM.attributes
                0x0000000000000585       0x32 c:/st/stm32cubeide_1.9.0/stm32cubeide/plugins/com.st.stm32cube.ide.mcu.externaltools.gnu-tools-for-stm32.10.3-2021.10.win32_1.0.0.202111181127/tools/bin/../lib/gcc/arm-none-eabi/10.3.1/../../../../arm-none-eabi/lib/thumb/v7e-m+dp/hard\libc_nano.a(lib_a-memset.o)
 .ARM.attributes
                0x00000000000005b7       0x1e c:/st/stm32cubeide_1.9.0/stm32cubeide/plugins/com.st.stm32cube.ide.mcu.externaltools.gnu-tools-for-stm32.10.3-2021.10.win32_1.0.0.202111181127/tools/bin/../lib/gcc/arm-none-eabi/10.3.1/thumb/v7e-m+dp/hard\libgcc.a(_aeabi_uldivmod.o)
 .ARM.attributes
                0x00000000000005d5       0x32 c:/st/stm32cubeide_1.9.0/stm32cubeide/plugins/com.st.stm32cube.ide.mcu.externaltools.gnu-tools-for-stm32.10.3-2021.10.win32_1.0.0.202111181127/tools/bin/../lib/gcc/arm-none-eabi/10.3.1/thumb/v7e-m+dp/hard\libgcc.a(_udivmoddi4.o)
 .ARM.attributes
                0x0000000000000607       0x1e c:/st/stm32cubeide_1.9.0/stm32cubeide/plugins/com.st.stm32cube.ide.mcu.externaltools.gnu-tools-for-stm32.10.3-2021.10.win32_1.0.0.202111181127/tools/bin/../lib/gcc/arm-none-eabi/10.3.1/thumb/v7e-m+dp/hard\libgcc.a(_dvmd_tls.o)
 .ARM.attributes
                0x0000000000000625       0x1e c:/st/stm32cubeide_1.9.0/stm32cubeide/plugins/com.st.stm32cube.ide.mcu.externaltools.gnu-tools-for-stm32.10.3-2021.10.win32_1.0.0.202111181127/tools/bin/../lib/gcc/arm-none-eabi/10.3.1/thumb/v7e-m+dp/hard/crtn.o
OUTPUT(test2.elf elf32-littlearm)
LOAD linker stubs
LOAD c:/st/stm32cubeide_1.9.0/stm32cubeide/plugins/com.st.stm32cube.ide.mcu.externaltools.gnu-tools-for-stm32.10.3-2021.10.win32_1.0.0.202111181127/tools/bin/../lib/gcc/arm-none-eabi/10.3.1/../../../../arm-none-eabi/lib/thumb/v7e-m+dp/hard\libc.a
LOAD c:/st/stm32cubeide_1.9.0/stm32cubeide/plugins/com.st.stm32cube.ide.mcu.externaltools.gnu-tools-for-stm32.10.3-2021.10.win32_1.0.0.202111181127/tools/bin/../lib/gcc/arm-none-eabi/10.3.1/../../../../arm-none-eabi/lib/thumb/v7e-m+dp/hard\libm.a
LOAD c:/st/stm32cubeide_1.9.0/stm32cubeide/plugins/com.st.stm32cube.ide.mcu.externaltools.gnu-tools-for-stm32.10.3-2021.10.win32_1.0.0.202111181127/tools/bin/../lib/gcc/arm-none-eabi/10.3.1/thumb/v7e-m+dp/hard\libgcc.a

.debug_info     0x0000000000000000    0x19c58
 .debug_info    0x0000000000000000     0x290b ./Core/Src/main.o
 .debug_info    0x000000000000290b     0x1209 ./Core/Src/ov5640.o
 .debug_info    0x0000000000003b14      0x1f0 ./Core/Src/ov5640_reg.o
 .debug_info    0x0000000000003d04     0x2014 ./Core/Src/stm32f7xx_hal_msp.o
 .debug_info    0x0000000000005d18      0x3ec ./Core/Src/stm32f7xx_it.o
 .debug_info    0x0000000000006104      0x72c ./Core/Src/system_stm32f7xx.o
 .debug_info    0x0000000000006830       0x22 ./Core/Startup/startup_stm32f767zitx.o
 .debug_info    0x0000000000006852      0xa82 ./Drivers/STM32F7xx_HAL_Driver/Src/stm32f7xx_hal.o
 .debug_info    0x00000000000072d4     0x109c ./Drivers/STM32F7xx_HAL_Driver/Src/stm32f7xx_hal_cortex.o
 .debug_info    0x0000000000008370      0xb92 ./Drivers/STM32F7xx_HAL_Driver/Src/stm32f7xx_hal_dcmi.o
 .debug_info    0x0000000000008f02      0x94f ./Drivers/STM32F7xx_HAL_Driver/Src/stm32f7xx_hal_dma.o
 .debug_info    0x0000000000009851      0x541 ./Drivers/STM32F7xx_HAL_Driver/Src/stm32f7xx_hal_dma_ex.o
 .debug_info    0x0000000000009d92      0x7a2 ./Drivers/STM32F7xx_HAL_Driver/Src/stm32f7xx_hal_gpio.o
 .debug_info    0x000000000000a534     0x2231 ./Drivers/STM32F7xx_HAL_Driver/Src/stm32f7xx_hal_i2c.o
 .debug_info    0x000000000000c765      0x9c8 ./Drivers/STM32F7xx_HAL_Driver/Src/stm32f7xx_hal_i2c_ex.o
 .debug_info    0x000000000000d12d     0x1613 ./Drivers/STM32F7xx_HAL_Driver/Src/stm32f7xx_hal_pcd.o
 .debug_info    0x000000000000e740      0x7b7 ./Drivers/STM32F7xx_HAL_Driver/Src/stm32f7xx_hal_pcd_ex.o
 .debug_info    0x000000000000eef7      0x978 ./Drivers/STM32F7xx_HAL_Driver/Src/stm32f7xx_hal_pwr.o
 .debug_info    0x000000000000f86f      0x92e ./Drivers/STM32F7xx_HAL_Driver/Src/stm32f7xx_hal_pwr_ex.o
 .debug_info    0x000000000001019d      0x9f8 ./Drivers/STM32F7xx_HAL_Driver/Src/stm32f7xx_hal_rcc.o
 .debug_info    0x0000000000010b95      0x78b ./Drivers/STM32F7xx_HAL_Driver/Src/stm32f7xx_hal_rcc_ex.o
 .debug_info    0x0000000000011320     0x1802 ./Drivers/STM32F7xx_HAL_Driver/Src/stm32f7xx_hal_spi.o
 .debug_info    0x0000000000012b22      0xdb8 ./Drivers/STM32F7xx_HAL_Driver/Src/stm32f7xx_hal_sram.o
 .debug_info    0x00000000000138da     0x3ccb ./Drivers/STM32F7xx_HAL_Driver/Src/stm32f7xx_hal_uart.o
 .debug_info    0x00000000000175a5      0xc35 ./Drivers/STM32F7xx_HAL_Driver/Src/stm32f7xx_ll_fmc.o
 .debug_info    0x00000000000181da     0x1a7e ./Drivers/STM32F7xx_HAL_Driver/Src/stm32f7xx_ll_usb.o

.debug_abbrev   0x0000000000000000     0x347b
 .debug_abbrev  0x0000000000000000      0x35c ./Core/Src/main.o
 .debug_abbrev  0x000000000000035c      0x244 ./Core/Src/ov5640.o
 .debug_abbrev  0x00000000000005a0       0xe9 ./Core/Src/ov5640_reg.o
 .debug_abbrev  0x0000000000000689      0x293 ./Core/Src/stm32f7xx_hal_msp.o
 .debug_abbrev  0x000000000000091c      0x15f ./Core/Src/stm32f7xx_it.o
 .debug_abbrev  0x0000000000000a7b      0x136 ./Core/Src/system_stm32f7xx.o
 .debug_abbrev  0x0000000000000bb1       0x12 ./Core/Startup/startup_stm32f767zitx.o
 .debug_abbrev  0x0000000000000bc3      0x20d ./Drivers/STM32F7xx_HAL_Driver/Src/stm32f7xx_hal.o
 .debug_abbrev  0x0000000000000dd0      0x316 ./Drivers/STM32F7xx_HAL_Driver/Src/stm32f7xx_hal_cortex.o
 .debug_abbrev  0x00000000000010e6      0x230 ./Drivers/STM32F7xx_HAL_Driver/Src/stm32f7xx_hal_dcmi.o
 .debug_abbrev  0x0000000000001316      0x25b ./Drivers/STM32F7xx_HAL_Driver/Src/stm32f7xx_hal_dma.o
 .debug_abbrev  0x0000000000001571      0x195 ./Drivers/STM32F7xx_HAL_Driver/Src/stm32f7xx_hal_dma_ex.o
 .debug_abbrev  0x0000000000001706      0x1c4 ./Drivers/STM32F7xx_HAL_Driver/Src/stm32f7xx_hal_gpio.o
 .debug_abbrev  0x00000000000018ca      0x243 ./Drivers/STM32F7xx_HAL_Driver/Src/stm32f7xx_hal_i2c.o
 .debug_abbrev  0x0000000000001b0d      0x18e ./Drivers/STM32F7xx_HAL_Driver/Src/stm32f7xx_hal_i2c_ex.o
 .debug_abbrev  0x0000000000001c9b      0x2d2 ./Drivers/STM32F7xx_HAL_Driver/Src/stm32f7xx_hal_pcd.o
 .debug_abbrev  0x0000000000001f6d      0x1bd ./Drivers/STM32F7xx_HAL_Driver/Src/stm32f7xx_hal_pcd_ex.o
 .debug_abbrev  0x000000000000212a      0x1b8 ./Drivers/STM32F7xx_HAL_Driver/Src/stm32f7xx_hal_pwr.o
 .debug_abbrev  0x00000000000022e2      0x1cb ./Drivers/STM32F7xx_HAL_Driver/Src/stm32f7xx_hal_pwr_ex.o
 .debug_abbrev  0x00000000000024ad      0x2d1 ./Drivers/STM32F7xx_HAL_Driver/Src/stm32f7xx_hal_rcc.o
 .debug_abbrev  0x000000000000277e      0x1b9 ./Drivers/STM32F7xx_HAL_Driver/Src/stm32f7xx_hal_rcc_ex.o
 .debug_abbrev  0x0000000000002937      0x254 ./Drivers/STM32F7xx_HAL_Driver/Src/stm32f7xx_hal_spi.o
 .debug_abbrev  0x0000000000002b8b      0x214 ./Drivers/STM32F7xx_HAL_Driver/Src/stm32f7xx_hal_sram.o
 .debug_abbrev  0x0000000000002d9f      0x2ce ./Drivers/STM32F7xx_HAL_Driver/Src/stm32f7xx_hal_uart.o
 .debug_abbrev  0x000000000000306d      0x196 ./Drivers/STM32F7xx_HAL_Driver/Src/stm32f7xx_ll_fmc.o
 .debug_abbrev  0x0000000000003203      0x278 ./Drivers/STM32F7xx_HAL_Driver/Src/stm32f7xx_ll_usb.o

.debug_aranges  0x0000000000000000     0x1460
 .debug_aranges
                0x0000000000000000       0x90 ./Core/Src/main.o
 .debug_aranges
                0x0000000000000090       0xf0 ./Core/Src/ov5640.o
 .debug_aranges
                0x0000000000000180       0x28 ./Core/Src/ov5640_reg.o
 .debug_aranges
                0x00000000000001a8       0x90 ./Core/Src/stm32f7xx_hal_msp.o
 .debug_aranges
                0x0000000000000238       0x68 ./Core/Src/stm32f7xx_it.o
 .debug_aranges
                0x00000000000002a0       0x28 ./Core/Src/system_stm32f7xx.o
 .debug_aranges
                0x00000000000002c8       0x28 ./Core/Startup/startup_stm32f767zitx.o
 .debug_aranges
                0x00000000000002f0      0x110 ./Drivers/STM32F7xx_HAL_Driver/Src/stm32f7xx_hal.o
 .debug_aranges
                0x0000000000000400      0x118 ./Drivers/STM32F7xx_HAL_Driver/Src/stm32f7xx_hal_cortex.o
 .debug_aranges
                0x0000000000000518       0xc0 ./Drivers/STM32F7xx_HAL_Driver/Src/stm32f7xx_hal_dcmi.o
 .debug_aranges
                0x00000000000005d8       0x90 ./Drivers/STM32F7xx_HAL_Driver/Src/stm32f7xx_hal_dma.o
 .debug_aranges
                0x0000000000000668       0x38 ./Drivers/STM32F7xx_HAL_Driver/Src/stm32f7xx_hal_dma_ex.o
 .debug_aranges
                0x00000000000006a0       0x58 ./Drivers/STM32F7xx_HAL_Driver/Src/stm32f7xx_hal_gpio.o
 .debug_aranges
                0x00000000000006f8      0x290 ./Drivers/STM32F7xx_HAL_Driver/Src/stm32f7xx_hal_i2c.o
 .debug_aranges
                0x0000000000000988       0x38 ./Drivers/STM32F7xx_HAL_Driver/Src/stm32f7xx_hal_i2c_ex.o
 .debug_aranges
                0x00000000000009c0      0x140 ./Drivers/STM32F7xx_HAL_Driver/Src/stm32f7xx_hal_pcd.o
 .debug_aranges
                0x0000000000000b00       0x48 ./Drivers/STM32F7xx_HAL_Driver/Src/stm32f7xx_hal_pcd_ex.o
 .debug_aranges
                0x0000000000000b48       0xa0 ./Drivers/STM32F7xx_HAL_Driver/Src/stm32f7xx_hal_pwr.o
 .debug_aranges
                0x0000000000000be8       0x80 ./Drivers/STM32F7xx_HAL_Driver/Src/stm32f7xx_hal_pwr_ex.o
 .debug_aranges
                0x0000000000000c68       0x88 ./Drivers/STM32F7xx_HAL_Driver/Src/stm32f7xx_hal_rcc.o
 .debug_aranges
                0x0000000000000cf0       0x50 ./Drivers/STM32F7xx_HAL_Driver/Src/stm32f7xx_hal_rcc_ex.o
 .debug_aranges
                0x0000000000000d40      0x1d8 ./Drivers/STM32F7xx_HAL_Driver/Src/stm32f7xx_hal_spi.o
 .debug_aranges
                0x0000000000000f18       0xb8 ./Drivers/STM32F7xx_HAL_Driver/Src/stm32f7xx_hal_sram.o
 .debug_aranges
                0x0000000000000fd0      0x230 ./Drivers/STM32F7xx_HAL_Driver/Src/stm32f7xx_hal_uart.o
 .debug_aranges
                0x0000000000001200       0xc8 ./Drivers/STM32F7xx_HAL_Driver/Src/stm32f7xx_ll_fmc.o
 .debug_aranges
                0x00000000000012c8      0x198 ./Drivers/STM32F7xx_HAL_Driver/Src/stm32f7xx_ll_usb.o

.debug_ranges   0x0000000000000000     0x12f8
 .debug_ranges  0x0000000000000000       0x80 ./Core/Src/main.o
 .debug_ranges  0x0000000000000080       0xe0 ./Core/Src/ov5640.o
 .debug_ranges  0x0000000000000160       0x18 ./Core/Src/ov5640_reg.o
 .debug_ranges  0x0000000000000178       0x80 ./Core/Src/stm32f7xx_hal_msp.o
 .debug_ranges  0x00000000000001f8       0x58 ./Core/Src/stm32f7xx_it.o
 .debug_ranges  0x0000000000000250       0x18 ./Core/Src/system_stm32f7xx.o
 .debug_ranges  0x0000000000000268       0x20 ./Core/Startup/startup_stm32f767zitx.o
 .debug_ranges  0x0000000000000288      0x100 ./Drivers/STM32F7xx_HAL_Driver/Src/stm32f7xx_hal.o
 .debug_ranges  0x0000000000000388      0x108 ./Drivers/STM32F7xx_HAL_Driver/Src/stm32f7xx_hal_cortex.o
 .debug_ranges  0x0000000000000490       0xb0 ./Drivers/STM32F7xx_HAL_Driver/Src/stm32f7xx_hal_dcmi.o
 .debug_ranges  0x0000000000000540       0x80 ./Drivers/STM32F7xx_HAL_Driver/Src/stm32f7xx_hal_dma.o
 .debug_ranges  0x00000000000005c0       0x28 ./Drivers/STM32F7xx_HAL_Driver/Src/stm32f7xx_hal_dma_ex.o
 .debug_ranges  0x00000000000005e8       0x48 ./Drivers/STM32F7xx_HAL_Driver/Src/stm32f7xx_hal_gpio.o
 .debug_ranges  0x0000000000000630      0x280 ./Drivers/STM32F7xx_HAL_Driver/Src/stm32f7xx_hal_i2c.o
 .debug_ranges  0x00000000000008b0       0x28 ./Drivers/STM32F7xx_HAL_Driver/Src/stm32f7xx_hal_i2c_ex.o
 .debug_ranges  0x00000000000008d8      0x130 ./Drivers/STM32F7xx_HAL_Driver/Src/stm32f7xx_hal_pcd.o
 .debug_ranges  0x0000000000000a08       0x38 ./Drivers/STM32F7xx_HAL_Driver/Src/stm32f7xx_hal_pcd_ex.o
 .debug_ranges  0x0000000000000a40       0x90 ./Drivers/STM32F7xx_HAL_Driver/Src/stm32f7xx_hal_pwr.o
 .debug_ranges  0x0000000000000ad0       0x70 ./Drivers/STM32F7xx_HAL_Driver/Src/stm32f7xx_hal_pwr_ex.o
 .debug_ranges  0x0000000000000b40       0x78 ./Drivers/STM32F7xx_HAL_Driver/Src/stm32f7xx_hal_rcc.o
 .debug_ranges  0x0000000000000bb8       0x40 ./Drivers/STM32F7xx_HAL_Driver/Src/stm32f7xx_hal_rcc_ex.o
 .debug_ranges  0x0000000000000bf8      0x1c8 ./Drivers/STM32F7xx_HAL_Driver/Src/stm32f7xx_hal_spi.o
 .debug_ranges  0x0000000000000dc0       0xa8 ./Drivers/STM32F7xx_HAL_Driver/Src/stm32f7xx_hal_sram.o
 .debug_ranges  0x0000000000000e68      0x250 ./Drivers/STM32F7xx_HAL_Driver/Src/stm32f7xx_hal_uart.o
 .debug_ranges  0x00000000000010b8       0xb8 ./Drivers/STM32F7xx_HAL_Driver/Src/stm32f7xx_ll_fmc.o
 .debug_ranges  0x0000000000001170      0x188 ./Drivers/STM32F7xx_HAL_Driver/Src/stm32f7xx_ll_usb.o

.debug_macro    0x0000000000000000    0x2a628
 .debug_macro   0x0000000000000000      0x33e ./Core/Src/main.o
 .debug_macro   0x000000000000033e      0xa90 ./Core/Src/main.o
 .debug_macro   0x0000000000000dce      0x2a5 ./Core/Src/main.o
 .debug_macro   0x0000000000001073       0x2e ./Core/Src/main.o
 .debug_macro   0x00000000000010a1       0x3b ./Core/Src/main.o
 .debug_macro   0x00000000000010dc       0x22 ./Core/Src/main.o
 .debug_macro   0x00000000000010fe       0x8e ./Core/Src/main.o
 .debug_macro   0x000000000000118c       0x51 ./Core/Src/main.o
 .debug_macro   0x00000000000011dd      0x103 ./Core/Src/main.o
 .debug_macro   0x00000000000012e0       0x6a ./Core/Src/main.o
 .debug_macro   0x000000000000134a      0x1df ./Core/Src/main.o
 .debug_macro   0x0000000000001529       0x1c ./Core/Src/main.o
 .debug_macro   0x0000000000001545       0x22 ./Core/Src/main.o
 .debug_macro   0x0000000000001567       0xd9 ./Core/Src/main.o
 .debug_macro   0x0000000000001640     0x12cd ./Core/Src/main.o
 .debug_macro   0x000000000000290d      0x11f ./Core/Src/main.o
 .debug_macro   0x0000000000002a2c       0x19 ./Core/Src/main.o
 .debug_macro   0x0000000000002a45    0x1a9dd ./Core/Src/main.o
 .debug_macro   0x000000000001d422       0x6d ./Core/Src/main.o
 .debug_macro   0x000000000001d48f     0x3714 ./Core/Src/main.o
 .debug_macro   0x0000000000020ba3      0x174 ./Core/Src/main.o
 .debug_macro   0x0000000000020d17       0x63 ./Core/Src/main.o
 .debug_macro   0x0000000000020d7a     0x1add ./Core/Src/main.o
 .debug_macro   0x0000000000022857      0x6c4 ./Core/Src/main.o
 .debug_macro   0x0000000000022f1b      0x18b ./Core/Src/main.o
 .debug_macro   0x00000000000230a6      0x115 ./Core/Src/main.o
 .debug_macro   0x00000000000231bb      0x26e ./Core/Src/main.o
 .debug_macro   0x0000000000023429       0xa5 ./Core/Src/main.o
 .debug_macro   0x00000000000234ce      0x24f ./Core/Src/main.o
 .debug_macro   0x000000000002371d       0x71 ./Core/Src/main.o
 .debug_macro   0x000000000002378e       0x58 ./Core/Src/main.o
 .debug_macro   0x00000000000237e6      0x236 ./Core/Src/main.o
 .debug_macro   0x0000000000023a1c      0x22c ./Core/Src/main.o
 .debug_macro   0x0000000000023c48      0x14e ./Core/Src/main.o
 .debug_macro   0x0000000000023d96      0x3db ./Core/Src/main.o
 .debug_macro   0x0000000000024171       0x12 ./Core/Src/main.o
 .debug_macro   0x0000000000024183      0x504 ./Core/Src/main.o
 .debug_macro   0x0000000000024687      0x22c ./Core/Src/main.o
 .debug_macro   0x00000000000248b3       0x61 ./Core/Src/main.o
 .debug_macro   0x0000000000024914       0xa5 ./Core/Src/main.o
 .debug_macro   0x00000000000249b9      0x12e ./Core/Src/main.o
 .debug_macro   0x0000000000024ae7      0x108 ./Core/Src/main.o
 .debug_macro   0x0000000000024bef       0x35 ./Core/Src/main.o
 .debug_macro   0x0000000000024c24      0x2fe ./Core/Src/main.o
 .debug_macro   0x0000000000024f22      0x5a5 ./Core/Src/main.o
 .debug_macro   0x00000000000254c7       0x44 ./Core/Src/main.o
 .debug_macro   0x000000000002550b      0x256 ./Core/Src/main.o
 .debug_macro   0x0000000000025761       0xba ./Core/Src/main.o
 .debug_macro   0x000000000002581b      0x15b ./Core/Src/main.o
 .debug_macro   0x0000000000025976      0x148 ./Core/Src/main.o
 .debug_macro   0x0000000000025abe      0xfed ./Core/Src/main.o
 .debug_macro   0x0000000000026aab      0x159 ./Core/Src/main.o
 .debug_macro   0x0000000000026c04       0x52 ./Core/Src/main.o
 .debug_macro   0x0000000000026c56       0x1d ./Core/Src/main.o
 .debug_macro   0x0000000000026c73       0x3c ./Core/Src/main.o
 .debug_macro   0x0000000000026caf       0x34 ./Core/Src/main.o
 .debug_macro   0x0000000000026ce3       0x16 ./Core/Src/main.o
 .debug_macro   0x0000000000026cf9       0x43 ./Core/Src/main.o
 .debug_macro   0x0000000000026d3c       0x34 ./Core/Src/main.o
 .debug_macro   0x0000000000026d70       0x10 ./Core/Src/main.o
 .debug_macro   0x0000000000026d80       0x58 ./Core/Src/main.o
 .debug_macro   0x0000000000026dd8       0x71 ./Core/Src/main.o
 .debug_macro   0x0000000000026e49       0x1c ./Core/Src/main.o
 .debug_macro   0x0000000000026e65      0x12a ./Core/Src/main.o
 .debug_macro   0x0000000000026f8f      0x341 ./Core/Src/main.o
 .debug_macro   0x00000000000272d0       0x10 ./Core/Src/main.o
 .debug_macro   0x00000000000272e0       0x35 ./Core/Src/main.o
 .debug_macro   0x0000000000027315       0x20 ./Core/Src/main.o
 .debug_macro   0x0000000000027335       0x22 ./Core/Src/main.o
 .debug_macro   0x0000000000027357       0x9d ./Core/Src/ov5640.o
 .debug_macro   0x00000000000273f4       0x85 ./Core/Src/ov5640_reg.o
 .debug_macro   0x0000000000027479      0x23b ./Core/Src/stm32f7xx_hal_msp.o
 .debug_macro   0x00000000000276b4      0x245 ./Core/Src/stm32f7xx_it.o
 .debug_macro   0x00000000000278f9      0x22c ./Core/Src/system_stm32f7xx.o
 .debug_macro   0x0000000000027b25      0x250 ./Drivers/STM32F7xx_HAL_Driver/Src/stm32f7xx_hal.o
 .debug_macro   0x0000000000027d75      0x22c ./Drivers/STM32F7xx_HAL_Driver/Src/stm32f7xx_hal_cortex.o
 .debug_macro   0x0000000000027fa1      0x233 ./Drivers/STM32F7xx_HAL_Driver/Src/stm32f7xx_hal_dcmi.o
 .debug_macro   0x00000000000281d4      0x232 ./Drivers/STM32F7xx_HAL_Driver/Src/stm32f7xx_hal_dma.o
 .debug_macro   0x0000000000028406      0x22c ./Drivers/STM32F7xx_HAL_Driver/Src/stm32f7xx_hal_dma_ex.o
 .debug_macro   0x0000000000028632      0x232 ./Drivers/STM32F7xx_HAL_Driver/Src/stm32f7xx_hal_gpio.o
 .debug_macro   0x0000000000028864      0x2f8 ./Drivers/STM32F7xx_HAL_Driver/Src/stm32f7xx_hal_i2c.o
 .debug_macro   0x0000000000028b5c      0x22c ./Drivers/STM32F7xx_HAL_Driver/Src/stm32f7xx_hal_i2c_ex.o
 .debug_macro   0x0000000000028d88      0x238 ./Drivers/STM32F7xx_HAL_Driver/Src/stm32f7xx_hal_pcd.o
 .debug_macro   0x0000000000028fc0      0x22c ./Drivers/STM32F7xx_HAL_Driver/Src/stm32f7xx_hal_pcd_ex.o
 .debug_macro   0x00000000000291ec      0x24a ./Drivers/STM32F7xx_HAL_Driver/Src/stm32f7xx_hal_pwr.o
 .debug_macro   0x0000000000029436      0x244 ./Drivers/STM32F7xx_HAL_Driver/Src/stm32f7xx_hal_pwr_ex.o
 .debug_macro   0x000000000002967a      0x250 ./Drivers/STM32F7xx_HAL_Driver/Src/stm32f7xx_hal_rcc.o
 .debug_macro   0x00000000000298ca      0x22c ./Drivers/STM32F7xx_HAL_Driver/Src/stm32f7xx_hal_rcc_ex.o
 .debug_macro   0x0000000000029af6      0x23b ./Drivers/STM32F7xx_HAL_Driver/Src/stm32f7xx_hal_spi.o
 .debug_macro   0x0000000000029d31      0x22c ./Drivers/STM32F7xx_HAL_Driver/Src/stm32f7xx_hal_sram.o
 .debug_macro   0x0000000000029f5d      0x249 ./Drivers/STM32F7xx_HAL_Driver/Src/stm32f7xx_hal_uart.o
 .debug_macro   0x000000000002a1a6      0x256 ./Drivers/STM32F7xx_HAL_Driver/Src/stm32f7xx_ll_fmc.o
 .debug_macro   0x000000000002a3fc      0x22c ./Drivers/STM32F7xx_HAL_Driver/Src/stm32f7xx_ll_usb.o

.debug_line     0x0000000000000000    0x1a1cc
 .debug_line    0x0000000000000000      0xcaf ./Core/Src/main.o
 .debug_line    0x0000000000000caf     0x10cd ./Core/Src/ov5640.o
 .debug_line    0x0000000000001d7c      0x3f5 ./Core/Src/ov5640_reg.o
 .debug_line    0x0000000000002171      0xa81 ./Core/Src/stm32f7xx_hal_msp.o
 .debug_line    0x0000000000002bf2      0x84a ./Core/Src/stm32f7xx_it.o
 .debug_line    0x000000000000343c      0x7ef ./Core/Src/system_stm32f7xx.o
 .debug_line    0x0000000000003c2b       0x88 ./Core/Startup/startup_stm32f767zitx.o
 .debug_line    0x0000000000003cb3      0xab0 ./Drivers/STM32F7xx_HAL_Driver/Src/stm32f7xx_hal.o
 .debug_line    0x0000000000004763      0xd06 ./Drivers/STM32F7xx_HAL_Driver/Src/stm32f7xx_hal_cortex.o
 .debug_line    0x0000000000005469      0xea4 ./Drivers/STM32F7xx_HAL_Driver/Src/stm32f7xx_hal_dcmi.o
 .debug_line    0x000000000000630d      0xfcf ./Drivers/STM32F7xx_HAL_Driver/Src/stm32f7xx_hal_dma.o
 .debug_line    0x00000000000072dc     0x13c2 ./Drivers/STM32F7xx_HAL_Driver/Src/stm32f7xx_hal_dma_ex.o
 .debug_line    0x000000000000869e      0xbf4 ./Drivers/STM32F7xx_HAL_Driver/Src/stm32f7xx_hal_gpio.o
 .debug_line    0x0000000000009292     0x3425 ./Drivers/STM32F7xx_HAL_Driver/Src/stm32f7xx_hal_i2c.o
 .debug_line    0x000000000000c6b7      0x8ab ./Drivers/STM32F7xx_HAL_Driver/Src/stm32f7xx_hal_i2c_ex.o
 .debug_line    0x000000000000cf62     0x139c ./Drivers/STM32F7xx_HAL_Driver/Src/stm32f7xx_hal_pcd.o
 .debug_line    0x000000000000e2fe      0x881 ./Drivers/STM32F7xx_HAL_Driver/Src/stm32f7xx_hal_pcd_ex.o
 .debug_line    0x000000000000eb7f      0x984 ./Drivers/STM32F7xx_HAL_Driver/Src/stm32f7xx_hal_pwr.o
 .debug_line    0x000000000000f503      0x9f5 ./Drivers/STM32F7xx_HAL_Driver/Src/stm32f7xx_hal_pwr_ex.o
 .debug_line    0x000000000000fef8      0xef2 ./Drivers/STM32F7xx_HAL_Driver/Src/stm32f7xx_hal_rcc.o
 .debug_line    0x0000000000010dea      0xece ./Drivers/STM32F7xx_HAL_Driver/Src/stm32f7xx_hal_rcc_ex.o
 .debug_line    0x0000000000011cb8     0x1fde ./Drivers/STM32F7xx_HAL_Driver/Src/stm32f7xx_hal_spi.o
 .debug_line    0x0000000000013c96      0xd80 ./Drivers/STM32F7xx_HAL_Driver/Src/stm32f7xx_hal_sram.o
 .debug_line    0x0000000000014a16     0x3289 ./Drivers/STM32F7xx_HAL_Driver/Src/stm32f7xx_hal_uart.o
 .debug_line    0x0000000000017c9f      0xaee ./Drivers/STM32F7xx_HAL_Driver/Src/stm32f7xx_ll_fmc.o
 .debug_line    0x000000000001878d     0x1a3f ./Drivers/STM32F7xx_HAL_Driver/Src/stm32f7xx_ll_usb.o

.debug_str      0x0000000000000000   0x100392
 .debug_str     0x0000000000000000    0xfaed8 ./Core/Src/main.o
                                      0xfb8cf (size before relaxing)
 .debug_str     0x00000000000faed8      0x44b ./Core/Src/ov5640.o
                                       0x957d (size before relaxing)
 .debug_str     0x00000000000fb323       0x1f ./Core/Src/ov5640_reg.o
                                       0x8655 (size before relaxing)
 .debug_str     0x00000000000fb342      0x411 ./Core/Src/stm32f7xx_hal_msp.o
                                      0xf3a08 (size before relaxing)
 .debug_str     0x00000000000fb753       0xf4 ./Core/Src/stm32f7xx_it.o
                                      0xf275b (size before relaxing)
 .debug_str     0x00000000000fb847      0x1a4 ./Core/Src/system_stm32f7xx.o
                                      0xf21c3 (size before relaxing)
 .debug_str     0x00000000000fb9eb       0x36 ./Core/Startup/startup_stm32f767zitx.o
                                         0x79 (size before relaxing)
 .debug_str     0x00000000000fba21      0x43d ./Drivers/STM32F7xx_HAL_Driver/Src/stm32f7xx_hal.o
                                      0xf2c03 (size before relaxing)
 .debug_str     0x00000000000fbe5e      0x326 ./Drivers/STM32F7xx_HAL_Driver/Src/stm32f7xx_hal_cortex.o
                                      0xf2bb3 (size before relaxing)
 .debug_str     0x00000000000fc184      0x26c ./Drivers/STM32F7xx_HAL_Driver/Src/stm32f7xx_hal_dcmi.o
                                      0xf26fd (size before relaxing)
 .debug_str     0x00000000000fc3f0      0x2bc ./Drivers/STM32F7xx_HAL_Driver/Src/stm32f7xx_hal_dma.o
                                      0xf2502 (size before relaxing)
 .debug_str     0x00000000000fc6ac       0x98 ./Drivers/STM32F7xx_HAL_Driver/Src/stm32f7xx_hal_dma_ex.o
                                      0xf22b1 (size before relaxing)
 .debug_str     0x00000000000fc744      0x105 ./Drivers/STM32F7xx_HAL_Driver/Src/stm32f7xx_hal_gpio.o
                                      0xf2281 (size before relaxing)
 .debug_str     0x00000000000fc849      0xd55 ./Drivers/STM32F7xx_HAL_Driver/Src/stm32f7xx_hal_i2c.o
                                      0xf339a (size before relaxing)
 .debug_str     0x00000000000fd59e       0x89 ./Drivers/STM32F7xx_HAL_Driver/Src/stm32f7xx_hal_i2c_ex.o
                                      0xf2669 (size before relaxing)
 .debug_str     0x00000000000fd627      0x80b ./Drivers/STM32F7xx_HAL_Driver/Src/stm32f7xx_hal_pcd.o
                                      0xf2b96 (size before relaxing)
 .debug_str     0x00000000000fde32      0x12d ./Drivers/STM32F7xx_HAL_Driver/Src/stm32f7xx_hal_pcd_ex.o
                                      0xf24b9 (size before relaxing)
 .debug_str     0x00000000000fdf5f      0x2ac ./Drivers/STM32F7xx_HAL_Driver/Src/stm32f7xx_hal_pwr.o
                                      0xf2464 (size before relaxing)
 .debug_str     0x00000000000fe20b      0x1bd ./Drivers/STM32F7xx_HAL_Driver/Src/stm32f7xx_hal_pwr_ex.o
                                      0xf2432 (size before relaxing)
 .debug_str     0x00000000000fe3c8      0x241 ./Drivers/STM32F7xx_HAL_Driver/Src/stm32f7xx_hal_rcc.o
                                      0xf253e (size before relaxing)
 .debug_str     0x00000000000fe609      0x147 ./Drivers/STM32F7xx_HAL_Driver/Src/stm32f7xx_hal_rcc_ex.o
                                      0xf24a1 (size before relaxing)
 .debug_str     0x00000000000fe750      0x58c ./Drivers/STM32F7xx_HAL_Driver/Src/stm32f7xx_hal_spi.o
                                      0xf2a03 (size before relaxing)
 .debug_str     0x00000000000fecdc      0x291 ./Drivers/STM32F7xx_HAL_Driver/Src/stm32f7xx_hal_sram.o
                                      0xf26c8 (size before relaxing)
 .debug_str     0x00000000000fef6d      0x817 ./Drivers/STM32F7xx_HAL_Driver/Src/stm32f7xx_hal_uart.o
                                      0xf2e64 (size before relaxing)
 .debug_str     0x00000000000ff784      0x7ca ./Drivers/STM32F7xx_HAL_Driver/Src/stm32f7xx_ll_fmc.o
                                      0xf29d4 (size before relaxing)
 .debug_str     0x00000000000fff4e      0x444 ./Drivers/STM32F7xx_HAL_Driver/Src/stm32f7xx_ll_usb.o
                                      0xf2a1f (size before relaxing)

.comment        0x0000000000000000       0x50
 .comment       0x0000000000000000       0x50 ./Core/Src/main.o
                                         0x51 (size before relaxing)
 .comment       0x0000000000000050       0x51 ./Core/Src/ov5640.o
 .comment       0x0000000000000050       0x51 ./Core/Src/ov5640_reg.o
 .comment       0x0000000000000050       0x51 ./Core/Src/stm32f7xx_hal_msp.o
 .comment       0x0000000000000050       0x51 ./Core/Src/stm32f7xx_it.o
 .comment       0x0000000000000050       0x51 ./Core/Src/system_stm32f7xx.o
 .comment       0x0000000000000050       0x51 ./Drivers/STM32F7xx_HAL_Driver/Src/stm32f7xx_hal.o
 .comment       0x0000000000000050       0x51 ./Drivers/STM32F7xx_HAL_Driver/Src/stm32f7xx_hal_cortex.o
 .comment       0x0000000000000050       0x51 ./Drivers/STM32F7xx_HAL_Driver/Src/stm32f7xx_hal_dcmi.o
 .comment       0x0000000000000050       0x51 ./Drivers/STM32F7xx_HAL_Driver/Src/stm32f7xx_hal_dma.o
 .comment       0x0000000000000050       0x51 ./Drivers/STM32F7xx_HAL_Driver/Src/stm32f7xx_hal_dma_ex.o
 .comment       0x0000000000000050       0x51 ./Drivers/STM32F7xx_HAL_Driver/Src/stm32f7xx_hal_gpio.o
 .comment       0x0000000000000050       0x51 ./Drivers/STM32F7xx_HAL_Driver/Src/stm32f7xx_hal_i2c.o
 .comment       0x0000000000000050       0x51 ./Drivers/STM32F7xx_HAL_Driver/Src/stm32f7xx_hal_i2c_ex.o
 .comment       0x0000000000000050       0x51 ./Drivers/STM32F7xx_HAL_Driver/Src/stm32f7xx_hal_pcd.o
 .comment       0x0000000000000050       0x51 ./Drivers/STM32F7xx_HAL_Driver/Src/stm32f7xx_hal_pcd_ex.o
 .comment       0x0000000000000050       0x51 ./Drivers/STM32F7xx_HAL_Driver/Src/stm32f7xx_hal_pwr.o
 .comment       0x0000000000000050       0x51 ./Drivers/STM32F7xx_HAL_Driver/Src/stm32f7xx_hal_pwr_ex.o
 .comment       0x0000000000000050       0x51 ./Drivers/STM32F7xx_HAL_Driver/Src/stm32f7xx_hal_rcc.o
 .comment       0x0000000000000050       0x51 ./Drivers/STM32F7xx_HAL_Driver/Src/stm32f7xx_hal_rcc_ex.o
 .comment       0x0000000000000050       0x51 ./Drivers/STM32F7xx_HAL_Driver/Src/stm32f7xx_hal_spi.o
 .comment       0x0000000000000050       0x51 ./Drivers/STM32F7xx_HAL_Driver/Src/stm32f7xx_hal_sram.o
 .comment       0x0000000000000050       0x51 ./Drivers/STM32F7xx_HAL_Driver/Src/stm32f7xx_hal_uart.o
 .comment       0x0000000000000050       0x51 ./Drivers/STM32F7xx_HAL_Driver/Src/stm32f7xx_ll_fmc.o
 .comment       0x0000000000000050       0x51 ./Drivers/STM32F7xx_HAL_Driver/Src/stm32f7xx_ll_usb.o

.debug_frame    0x0000000000000000     0x55b8
 .debug_frame   0x0000000000000000      0x1f4 ./Core/Src/main.o
 .debug_frame   0x00000000000001f4      0x400 ./Core/Src/ov5640.o
 .debug_frame   0x00000000000005f4       0x60 ./Core/Src/ov5640_reg.o
 .debug_frame   0x0000000000000654      0x234 ./Core/Src/stm32f7xx_hal_msp.o
 .debug_frame   0x0000000000000888      0x120 ./Core/Src/stm32f7xx_it.o
 .debug_frame   0x00000000000009a8       0x58 ./Core/Src/system_stm32f7xx.o
 .debug_frame   0x0000000000000a00      0x3f4 ./Drivers/STM32F7xx_HAL_Driver/Src/stm32f7xx_hal.o
 .debug_frame   0x0000000000000df4      0x498 ./Drivers/STM32F7xx_HAL_Driver/Src/stm32f7xx_hal_cortex.o
 .debug_frame   0x000000000000128c      0x348 ./Drivers/STM32F7xx_HAL_Driver/Src/stm32f7xx_hal_dcmi.o
 .debug_frame   0x00000000000015d4      0x250 ./Drivers/STM32F7xx_HAL_Driver/Src/stm32f7xx_hal_dma.o
 .debug_frame   0x0000000000001824       0xac ./Drivers/STM32F7xx_HAL_Driver/Src/stm32f7xx_hal_dma_ex.o
 .debug_frame   0x00000000000018d0      0x14c ./Drivers/STM32F7xx_HAL_Driver/Src/stm32f7xx_hal_gpio.o
 .debug_frame   0x0000000000001a1c      0xbe8 ./Drivers/STM32F7xx_HAL_Driver/Src/stm32f7xx_hal_i2c.o
 .debug_frame   0x0000000000002604       0xb0 ./Drivers/STM32F7xx_HAL_Driver/Src/stm32f7xx_hal_i2c_ex.o
 .debug_frame   0x00000000000026b4      0x59c ./Drivers/STM32F7xx_HAL_Driver/Src/stm32f7xx_hal_pcd.o
 .debug_frame   0x0000000000002c50      0x100 ./Drivers/STM32F7xx_HAL_Driver/Src/stm32f7xx_hal_pcd_ex.o
 .debug_frame   0x0000000000002d50      0x254 ./Drivers/STM32F7xx_HAL_Driver/Src/stm32f7xx_hal_pwr.o
 .debug_frame   0x0000000000002fa4      0x1c8 ./Drivers/STM32F7xx_HAL_Driver/Src/stm32f7xx_hal_pwr_ex.o
 .debug_frame   0x000000000000316c      0x1f8 ./Drivers/STM32F7xx_HAL_Driver/Src/stm32f7xx_hal_rcc.o
 .debug_frame   0x0000000000003364      0x118 ./Drivers/STM32F7xx_HAL_Driver/Src/stm32f7xx_hal_rcc_ex.o
 .debug_frame   0x000000000000347c      0x860 ./Drivers/STM32F7xx_HAL_Driver/Src/stm32f7xx_hal_spi.o
 .debug_frame   0x0000000000003cdc      0x30c ./Drivers/STM32F7xx_HAL_Driver/Src/stm32f7xx_hal_sram.o
 .debug_frame   0x0000000000003fe8      0xa10 ./Drivers/STM32F7xx_HAL_Driver/Src/stm32f7xx_hal_uart.o
 .debug_frame   0x00000000000049f8      0x37c ./Drivers/STM32F7xx_HAL_Driver/Src/stm32f7xx_ll_fmc.o
 .debug_frame   0x0000000000004d74      0x798 ./Drivers/STM32F7xx_HAL_Driver/Src/stm32f7xx_ll_usb.o
 .debug_frame   0x000000000000550c       0x2c c:/st/stm32cubeide_1.9.0/stm32cubeide/plugins/com.st.stm32cube.ide.mcu.externaltools.gnu-tools-for-stm32.10.3-2021.10.win32_1.0.0.202111181127/tools/bin/../lib/gcc/arm-none-eabi/10.3.1/../../../../arm-none-eabi/lib/thumb/v7e-m+dp/hard\libc_nano.a(lib_a-init.o)
 .debug_frame   0x0000000000005538       0x20 c:/st/stm32cubeide_1.9.0/stm32cubeide/plugins/com.st.stm32cube.ide.mcu.externaltools.gnu-tools-for-stm32.10.3-2021.10.win32_1.0.0.202111181127/tools/bin/../lib/gcc/arm-none-eabi/10.3.1/../../../../arm-none-eabi/lib/thumb/v7e-m+dp/hard\libc_nano.a(lib_a-memset.o)
 .debug_frame   0x0000000000005558       0x2c c:/st/stm32cubeide_1.9.0/stm32cubeide/plugins/com.st.stm32cube.ide.mcu.externaltools.gnu-tools-for-stm32.10.3-2021.10.win32_1.0.0.202111181127/tools/bin/../lib/gcc/arm-none-eabi/10.3.1/thumb/v7e-m+dp/hard\libgcc.a(_aeabi_uldivmod.o)
 .debug_frame   0x0000000000005584       0x34 c:/st/stm32cubeide_1.9.0/stm32cubeide/plugins/com.st.stm32cube.ide.mcu.externaltools.gnu-tools-for-stm32.10.3-2021.10.win32_1.0.0.202111181127/tools/bin/../lib/gcc/arm-none-eabi/10.3.1/thumb/v7e-m+dp/hard\libgcc.a(_udivmoddi4.o)
