Archive member included to satisfy reference by file (symbol)

c:/st/stm32cubeide_1.9.0/stm32cubeide/plugins/com.st.stm32cube.ide.mcu.externaltools.gnu-tools-for-stm32.10.3-2021.10.win32_1.0.0.202111181127/tools/bin/../lib/gcc/arm-none-eabi/10.3.1/../../../../arm-none-eabi/lib/thumb/v7e-m+dp/hard\libc_nano.a(lib_a-errno.o)
                              ./Core/Src/syscalls.o (__errno)
c:/st/stm32cubeide_1.9.0/stm32cubeide/plugins/com.st.stm32cube.ide.mcu.externaltools.gnu-tools-for-stm32.10.3-2021.10.win32_1.0.0.202111181127/tools/bin/../lib/gcc/arm-none-eabi/10.3.1/../../../../arm-none-eabi/lib/thumb/v7e-m+dp/hard\libc_nano.a(lib_a-exit.o)
                              c:/st/stm32cubeide_1.9.0/stm32cubeide/plugins/com.st.stm32cube.ide.mcu.externaltools.gnu-tools-for-stm32.10.3-2021.10.win32_1.0.0.202111181127/tools/bin/../lib/gcc/arm-none-eabi/10.3.1/../../../../arm-none-eabi/lib/thumb/v7e-m+dp/hard/crt0.o (exit)
c:/st/stm32cubeide_1.9.0/stm32cubeide/plugins/com.st.stm32cube.ide.mcu.externaltools.gnu-tools-for-stm32.10.3-2021.10.win32_1.0.0.202111181127/tools/bin/../lib/gcc/arm-none-eabi/10.3.1/../../../../arm-none-eabi/lib/thumb/v7e-m+dp/hard\libc_nano.a(lib_a-impure.o)
                              c:/st/stm32cubeide_1.9.0/stm32cubeide/plugins/com.st.stm32cube.ide.mcu.externaltools.gnu-tools-for-stm32.10.3-2021.10.win32_1.0.0.202111181127/tools/bin/../lib/gcc/arm-none-eabi/10.3.1/../../../../arm-none-eabi/lib/thumb/v7e-m+dp/hard\libc_nano.a(lib_a-exit.o) (_global_impure_ptr)
c:/st/stm32cubeide_1.9.0/stm32cubeide/plugins/com.st.stm32cube.ide.mcu.externaltools.gnu-tools-for-stm32.10.3-2021.10.win32_1.0.0.202111181127/tools/bin/../lib/gcc/arm-none-eabi/10.3.1/../../../../arm-none-eabi/lib/thumb/v7e-m+dp/hard\libc_nano.a(lib_a-init.o)
                              c:/st/stm32cubeide_1.9.0/stm32cubeide/plugins/com.st.stm32cube.ide.mcu.externaltools.gnu-tools-for-stm32.10.3-2021.10.win32_1.0.0.202111181127/tools/bin/../lib/gcc/arm-none-eabi/10.3.1/../../../../arm-none-eabi/lib/thumb/v7e-m+dp/hard/crt0.o (__libc_init_array)
c:/st/stm32cubeide_1.9.0/stm32cubeide/plugins/com.st.stm32cube.ide.mcu.externaltools.gnu-tools-for-stm32.10.3-2021.10.win32_1.0.0.202111181127/tools/bin/../lib/gcc/arm-none-eabi/10.3.1/../../../../arm-none-eabi/lib/thumb/v7e-m+dp/hard\libc_nano.a(lib_a-memset.o)
                              c:/st/stm32cubeide_1.9.0/stm32cubeide/plugins/com.st.stm32cube.ide.mcu.externaltools.gnu-tools-for-stm32.10.3-2021.10.win32_1.0.0.202111181127/tools/bin/../lib/gcc/arm-none-eabi/10.3.1/../../../../arm-none-eabi/lib/thumb/v7e-m+dp/hard/crt0.o (memset)
c:/st/stm32cubeide_1.9.0/stm32cubeide/plugins/com.st.stm32cube.ide.mcu.externaltools.gnu-tools-for-stm32.10.3-2021.10.win32_1.0.0.202111181127/tools/bin/../lib/gcc/arm-none-eabi/10.3.1/thumb/v7e-m+dp/hard\libgcc.a(_aeabi_uldivmod.o)
                              ./Drivers/STM32F7xx_HAL_Driver/Src/stm32f7xx_hal_rcc.o (__aeabi_uldivmod)
c:/st/stm32cubeide_1.9.0/stm32cubeide/plugins/com.st.stm32cube.ide.mcu.externaltools.gnu-tools-for-stm32.10.3-2021.10.win32_1.0.0.202111181127/tools/bin/../lib/gcc/arm-none-eabi/10.3.1/thumb/v7e-m+dp/hard\libgcc.a(_udivmoddi4.o)
                              c:/st/stm32cubeide_1.9.0/stm32cubeide/plugins/com.st.stm32cube.ide.mcu.externaltools.gnu-tools-for-stm32.10.3-2021.10.win32_1.0.0.202111181127/tools/bin/../lib/gcc/arm-none-eabi/10.3.1/thumb/v7e-m+dp/hard\libgcc.a(_aeabi_uldivmod.o) (__udivmoddi4)
c:/st/stm32cubeide_1.9.0/stm32cubeide/plugins/com.st.stm32cube.ide.mcu.externaltools.gnu-tools-for-stm32.10.3-2021.10.win32_1.0.0.202111181127/tools/bin/../lib/gcc/arm-none-eabi/10.3.1/thumb/v7e-m+dp/hard\libgcc.a(_dvmd_tls.o)
                              c:/st/stm32cubeide_1.9.0/stm32cubeide/plugins/com.st.stm32cube.ide.mcu.externaltools.gnu-tools-for-stm32.10.3-2021.10.win32_1.0.0.202111181127/tools/bin/../lib/gcc/arm-none-eabi/10.3.1/thumb/v7e-m+dp/hard\libgcc.a(_aeabi_uldivmod.o) (__aeabi_ldiv0)

Discarded input sections

 .text          0x0000000000000000        0x0 c:/st/stm32cubeide_1.9.0/stm32cubeide/plugins/com.st.stm32cube.ide.mcu.externaltools.gnu-tools-for-stm32.10.3-2021.10.win32_1.0.0.202111181127/tools/bin/../lib/gcc/arm-none-eabi/10.3.1/thumb/v7e-m+dp/hard/crti.o
 .data          0x0000000000000000        0x0 c:/st/stm32cubeide_1.9.0/stm32cubeide/plugins/com.st.stm32cube.ide.mcu.externaltools.gnu-tools-for-stm32.10.3-2021.10.win32_1.0.0.202111181127/tools/bin/../lib/gcc/arm-none-eabi/10.3.1/thumb/v7e-m+dp/hard/crti.o
 .bss           0x0000000000000000        0x0 c:/st/stm32cubeide_1.9.0/stm32cubeide/plugins/com.st.stm32cube.ide.mcu.externaltools.gnu-tools-for-stm32.10.3-2021.10.win32_1.0.0.202111181127/tools/bin/../lib/gcc/arm-none-eabi/10.3.1/thumb/v7e-m+dp/hard/crti.o
[...]
Memory Configuration

Name             Origin             Length             Attributes
RAM              0x0000000020000000 0x0000000000080000 xrw
FLASH            0x0000000008000000 0x0000000000200000 xr
*default*        0x0000000000000000 0xffffffffffffffff

Linker script and memory map

LOAD c:/st/stm32cubeide_1.9.0/stm32cubeide/plugins/com.st.stm32cube.ide.mcu.externaltools.gnu-tools-for-stm32.10.3-2021.10.win32_1.0.0.202111181127/tools/bin/../lib/gcc/arm-none-eabi/10.3.1/thumb/v7e-m+dp/hard/crti.o
LOAD c:/st/stm32cubeide_1.9.0/stm32cubeide/plugins/com.st.stm32cube.ide.mcu.externaltools.gnu-tools-for-stm32.10.3-2021.10.win32_1.0.0.202111181127/tools/bin/../lib/gcc/arm-none-eabi/10.3.1/thumb/v7e-m+dp/hard/crtbegin.o
LOAD c:/st/stm32cubeide_1.9.0/stm32cubeide/plugins/com.st.stm32cube.ide.mcu.externaltools.gnu-tools-for-stm32.10.3-2021.10.win32_1.0.0.202111181127/tools/bin/../lib/gcc/arm-none-eabi/10.3.1/../../../../arm-none-eabi/lib/thumb/v7e-m+dp/hard/crt0.o
LOAD ./Core/Src/main.o
LOAD ./Core/Src/ov5640.o
LOAD ./Core/Src/ov5640_reg.o
LOAD ./Core/Src/stm32f7xx_hal_msp.o
LOAD ./Core/Src/stm32f7xx_it.o
LOAD ./Core/Src/syscalls.o
LOAD ./Core/Src/sysmem.o
LOAD ./Core/Src/system_stm32f7xx.o
LOAD ./Core/Startup/startup_stm32f767zitx.o
LOAD ./Drivers/STM32F7xx_HAL_Driver/Src/stm32f7xx_hal.o
LOAD ./Drivers/STM32F7xx_HAL_Driver/Src/stm32f7xx_hal_cortex.o
LOAD ./Drivers/STM32F7xx_HAL_Driver/Src/stm32f7xx_hal_dcmi.o
LOAD ./Drivers/STM32F7xx_HAL_Driver/Src/stm32f7xx_hal_dcmi_ex.o
LOAD ./Drivers/STM32F7xx_HAL_Driver/Src/stm32f7xx_hal_dma.o
LOAD ./Drivers/STM32F7xx_HAL_Driver/Src/stm32f7xx_hal_dma_ex.o
LOAD ./Drivers/STM32F7xx_HAL_Driver/Src/stm32f7xx_hal_exti.o
LOAD ./Drivers/STM32F7xx_HAL_Driver/Src/stm32f7xx_hal_flash.o
LOAD ./Drivers/STM32F7xx_HAL_Driver/Src/stm32f7xx_hal_flash_ex.o
LOAD ./Drivers/STM32F7xx_HAL_Driver/Src/stm32f7xx_hal_gpio.o
LOAD ./Drivers/STM32F7xx_HAL_Driver/Src/stm32f7xx_hal_i2c.o
LOAD ./Drivers/STM32F7xx_HAL_Driver/Src/stm32f7xx_hal_i2c_ex.o
LOAD ./Drivers/STM32F7xx_HAL_Driver/Src/stm32f7xx_hal_pcd.o
LOAD ./Drivers/STM32F7xx_HAL_Driver/Src/stm32f7xx_hal_pcd_ex.o
LOAD ./Drivers/STM32F7xx_HAL_Driver/Src/stm32f7xx_hal_pwr.o
LOAD ./Drivers/STM32F7xx_HAL_Driver/Src/stm32f7xx_hal_pwr_ex.o
LOAD ./Drivers/STM32F7xx_HAL_Driver/Src/stm32f7xx_hal_rcc.o
LOAD ./Drivers/STM32F7xx_HAL_Driver/Src/stm32f7xx_hal_rcc_ex.o
LOAD ./Drivers/STM32F7xx_HAL_Driver/Src/stm32f7xx_hal_tim.o
LOAD ./Drivers/STM32F7xx_HAL_Driver/Src/stm32f7xx_hal_tim_ex.o
LOAD ./Drivers/STM32F7xx_HAL_Driver/Src/stm32f7xx_hal_uart.o
LOAD ./Drivers/STM32F7xx_HAL_Driver/Src/stm32f7xx_hal_uart_ex.o
LOAD ./Drivers/STM32F7xx_HAL_Driver/Src/stm32f7xx_ll_usb.o
START GROUP
LOAD c:/st/stm32cubeide_1.9.0/stm32cubeide/plugins/com.st.stm32cube.ide.mcu.externaltools.gnu-tools-for-stm32.10.3-2021.10.win32_1.0.0.202111181127/tools/bin/../lib/gcc/arm-none-eabi/10.3.1/../../../../arm-none-eabi/lib/thumb/v7e-m+dp/hard\libstdc++_nano.a
LOAD c:/st/stm32cubeide_1.9.0/stm32cubeide/plugins/com.st.stm32cube.ide.mcu.externaltools.gnu-tools-for-stm32.10.3-2021.10.win32_1.0.0.202111181127/tools/bin/../lib/gcc/arm-none-eabi/10.3.1/../../../../arm-none-eabi/lib/thumb/v7e-m+dp/hard\libsupc++_nano.a
END GROUP
LOAD c:/st/stm32cubeide_1.9.0/stm32cubeide/plugins/com.st.stm32cube.ide.mcu.externaltools.gnu-tools-for-stm32.10.3-2021.10.win32_1.0.0.202111181127/tools/bin/../lib/gcc/arm-none-eabi/10.3.1/../../../../arm-none-eabi/lib/thumb/v7e-m+dp/hard\libstdc++_nano.a
LOAD c:/st/stm32cubeide_1.9.0/stm32cubeide/plugins/com.st.stm32cube.ide.mcu.externaltools.gnu-tools-for-stm32.10.3-2021.10.win32_1.0.0.202111181127/tools/bin/../lib/gcc/arm-none-eabi/10.3.1/../../../../arm-none-eabi/lib/thumb/v7e-m+dp/hard\libm.a
LOAD c:/st/stm32cubeide_1.9.0/stm32cubeide/plugins/com.st.stm32cube.ide.mcu.externaltools.gnu-tools-for-stm32.10.3-2021.10.win32_1.0.0.202111181127/tools/bin/../lib/gcc/arm-none-eabi/10.3.1/../../../../arm-none-eabi/lib/thumb/v7e-m+dp/hard\libc_nano.a
START GROUP
LOAD c:/st/stm32cubeide_1.9.0/stm32cubeide/plugins/com.st.stm32cube.ide.mcu.externaltools.gnu-tools-for-stm32.10.3-2021.10.win32_1.0.0.202111181127/tools/bin/../lib/gcc/arm-none-eabi/10.3.1/thumb/v7e-m+dp/hard\libgcc.a
LOAD c:/st/stm32cubeide_1.9.0/stm32cubeide/plugins/com.st.stm32cube.ide.mcu.externaltools.gnu-tools-for-stm32.10.3-2021.10.win32_1.0.0.202111181127/tools/bin/../lib/gcc/arm-none-eabi/10.3.1/../../../../arm-none-eabi/lib/thumb/v7e-m+dp/hard\libc_nano.a
END GROUP
START GROUP
LOAD c:/st/stm32cubeide_1.9.0/stm32cubeide/plugins/com.st.stm32cube.ide.mcu.externaltools.gnu-tools-for-stm32.10.3-2021.10.win32_1.0.0.202111181127/tools/bin/../lib/gcc/arm-none-eabi/10.3.1/thumb/v7e-m+dp/hard\libgcc.a
LOAD c:/st/stm32cubeide_1.9.0/stm32cubeide/plugins/com.st.stm32cube.ide.mcu.externaltools.gnu-tools-for-stm32.10.3-2021.10.win32_1.0.0.202111181127/tools/bin/../lib/gcc/arm-none-eabi/10.3.1/../../../../arm-none-eabi/lib/thumb/v7e-m+dp/hard\libc_nano.a
LOAD c:/st/stm32cubeide_1.9.0/stm32cubeide/plugins/com.st.stm32cube.ide.mcu.externaltools.gnu-tools-for-stm32.10.3-2021.10.win32_1.0.0.202111181127/tools/bin/../lib/gcc/arm-none-eabi/10.3.1/../../../../arm-none-eabi/lib/thumb/v7e-m+dp/hard\libnosys.a
END GROUP
START GROUP
LOAD c:/st/stm32cubeide_1.9.0/stm32cubeide/plugins/com.st.stm32cube.ide.mcu.externaltools.gnu-tools-for-stm32.10.3-2021.10.win32_1.0.0.202111181127/tools/bin/../lib/gcc/arm-none-eabi/10.3.1/thumb/v7e-m+dp/hard\libgcc.a
LOAD c:/st/stm32cubeide_1.9.0/stm32cubeide/plugins/com.st.stm32cube.ide.mcu.externaltools.gnu-tools-for-stm32.10.3-2021.10.win32_1.0.0.202111181127/tools/bin/../lib/gcc/arm-none-eabi/10.3.1/../../../../arm-none-eabi/lib/thumb/v7e-m+dp/hard\libc_nano.a
LOAD c:/st/stm32cubeide_1.9.0/stm32cubeide/plugins/com.st.stm32cube.ide.mcu.externaltools.gnu-tools-for-stm32.10.3-2021.10.win32_1.0.0.202111181127/tools/bin/../lib/gcc/arm-none-eabi/10.3.1/../../../../arm-none-eabi/lib/thumb/v7e-m+dp/hard\libnosys.a
END GROUP
LOAD c:/st/stm32cubeide_1.9.0/stm32cubeide/plugins/com.st.stm32cube.ide.mcu.externaltools.gnu-tools-for-stm32.10.3-2021.10.win32_1.0.0.202111181127/tools/bin/../lib/gcc/arm-none-eabi/10.3.1/thumb/v7e-m+dp/hard/crtend.o
LOAD c:/st/stm32cubeide_1.9.0/stm32cubeide/plugins/com.st.stm32cube.ide.mcu.externaltools.gnu-tools-for-stm32.10.3-2021.10.win32_1.0.0.202111181127/tools/bin/../lib/gcc/arm-none-eabi/10.3.1/thumb/v7e-m+dp/hard/crtn.o
                0x0000000020080000                _estack = (ORIGIN (RAM) + LENGTH (RAM))
                0x0000000000000200                _Min_Heap_Size = 0x200
                0x0000000000000400                _Min_Stack_Size = 0x400

.isr_vector     0x0000000008000000      0x1f8
                0x0000000008000000                . = ALIGN (0x4)
 *(.isr_vector)
 .isr_vector    0x0000000008000000      0x1f8 ./Core/Startup/startup_stm32f767zitx.o
                0x0000000008000000                g_pfnVectors
                0x00000000080001f8                . = ALIGN (0x4)

.text           0x00000000080001f8     0x82c0
                0x00000000080001f8                . = ALIGN (0x4)
 *(.text)
 .text          0x00000000080001f8       0x40 c:/st/stm32cubeide_1.9.0/stm32cubeide/plugins/com.st.stm32cube.ide.mcu.externaltools.gnu-tools-for-stm32.10.3-2021.10.win32_1.0.0.202111181127/tools/bin/../lib/gcc/arm-none-eabi/10.3.1/thumb/v7e-m+dp/hard/crtbegin.o
 .text          0x0000000008000238       0x30 c:/st/stm32cubeide_1.9.0/stm32cubeide/plugins/com.st.stm32cube.ide.mcu.externaltools.gnu-tools-for-stm32.10.3-2021.10.win32_1.0.0.202111181127/tools/bin/../lib/gcc/arm-none-eabi/10.3.1/thumb/v7e-m+dp/hard\libgcc.a(_aeabi_uldivmod.o)
                0x0000000008000238                __aeabi_uldivmod
 .text          0x0000000008000268      0x2d0 c:/st/stm32cubeide_1.9.0/stm32cubeide/plugins/com.st.stm32cube.ide.mcu.externaltools.gnu-tools-for-stm32.10.3-2021.10.win32_1.0.0.202111181127/tools/bin/../lib/gcc/arm-none-eabi/10.3.1/thumb/v7e-m+dp/hard\libgcc.a(_udivmoddi4.o)
                0x0000000008000268                __udivmoddi4
 .text          0x0000000008000538        0x4 c:/st/stm32cubeide_1.9.0/stm32cubeide/plugins/com.st.stm32cube.ide.mcu.externaltools.gnu-tools-for-stm32.10.3-2021.10.win32_1.0.0.202111181127/tools/bin/../lib/gcc/arm-none-eabi/10.3.1/thumb/v7e-m+dp/hard\libgcc.a(_dvmd_tls.o)
                0x0000000008000538                __aeabi_idiv0
                0x0000000008000538                __aeabi_ldiv0
 *(.text*)
 .text.OV5640_WriteReg
                0x000000000800053c       0x4c ./Core/Src/main.o
                0x000000000800053c                OV5640_WriteReg
 .text.OV5640_ReadReg
                0x0000000008000588       0x50 ./Core/Src/main.o
                0x0000000008000588                OV5640_ReadReg
 .text.OV5640_Powerup
                0x00000000080005d8       0x40 ./Core/Src/main.o
                0x00000000080005d8                OV5640_Powerup
 .text.main     0x0000000008000618      0x15c ./Core/Src/main.o
                0x0000000008000618                main
 .text.SystemClock_Config
                0x0000000008000774       0xe4 ./Core/Src/main.o
                0x0000000008000774                SystemClock_Config
 .text.MX_DCMI_Init
                0x0000000008000858       0x68 ./Core/Src/main.o
 .text.MX_I2C1_Init
                0x00000000080008c0       0x80 ./Core/Src/main.o
 .text.MX_USART3_UART_Init
                0x0000000008000940       0x60 ./Core/Src/main.o
 .text.MX_USB_OTG_FS_PCD_Init
                0x00000000080009a0       0x5c ./Core/Src/main.o
 .text.MX_DMA_Init
                0x00000000080009fc       0x3c ./Core/Src/main.o
 .text.MX_GPIO_Init
                0x0000000008000a38      0x210 ./Core/Src/main.o
 .text.Error_Handler
                0x0000000008000c48        0xa ./Core/Src/main.o
                0x0000000008000c48                Error_Handler
 *fill*         0x0000000008000c52        0x2 
 .text.OV5640_RegisterBusIO
                0x0000000008000c54       0x8c ./Core/Src/ov5640.o
                0x0000000008000c54                OV5640_RegisterBusIO
 .text.OV5640_Init
                0x0000000008000ce0       0xf4 ./Core/Src/ov5640.o
                0x0000000008000ce0                OV5640_Init
 .text.OV5640_DeInit
                0x0000000008000dd4       0x28 ./Core/Src/ov5640.o
                0x0000000008000dd4                OV5640_DeInit
 .text.OV5640_SetPixelFormat
                0x0000000008000dfc      0x328 ./Core/Src/ov5640.o
                0x0000000008000dfc                OV5640_SetPixelFormat
 .text.OV5640_GetPixelFormat
                0x0000000008001124       0x1a ./Core/Src/ov5640.o
                0x0000000008001124                OV5640_GetPixelFormat
 *fill*         0x000000000800113e        0x2 
 .text.OV5640_SetResolution
                0x0000000008001140      0x1ec ./Core/Src/ov5640.o
                0x0000000008001140                OV5640_SetResolution
 .text.OV5640_GetResolution
                0x000000000800132c      0x14c ./Core/Src/ov5640.o
                0x000000000800132c                OV5640_GetResolution
 .text.OV5640_SetPolarities
                0x0000000008001478       0x8c ./Core/Src/ov5640.o
                0x0000000008001478                OV5640_SetPolarities
 .text.OV5640_ReadID
                0x0000000008001504       0xa6 ./Core/Src/ov5640.o
                0x0000000008001504                OV5640_ReadID
 .text.OV5640_GetCapabilities
                0x00000000080015aa       0x66 ./Core/Src/ov5640.o
                0x00000000080015aa                OV5640_GetCapabilities
 .text.OV5640_SetLightMode
                0x0000000008001610      0x2d4 ./Core/Src/ov5640.o
                0x0000000008001610                OV5640_SetLightMode
 .text.OV5640_SetColorEffect
                0x00000000080018e4      0x400 ./Core/Src/ov5640.o
                0x00000000080018e4                OV5640_SetColorEffect
 .text.OV5640_SetBrightness
                0x0000000008001ce4       0xe0 ./Core/Src/ov5640.o
                0x0000000008001ce4                OV5640_SetBrightness
 .text.OV5640_SetSaturation
                0x0000000008001dc4       0xd0 ./Core/Src/ov5640.o
                0x0000000008001dc4                OV5640_SetSaturation
 .text.OV5640_SetContrast
                0x0000000008001e94       0xd0 ./Core/Src/ov5640.o
                0x0000000008001e94                OV5640_SetContrast
 .text.OV5640_SetHueDegree
                0x0000000008001f64      0x108 ./Core/Src/ov5640.o
                0x0000000008001f64                OV5640_SetHueDegree
 .text.OV5640_MirrorFlipConfig
                0x000000000800206c      0x1d2 ./Core/Src/ov5640.o
                0x000000000800206c                OV5640_MirrorFlipConfig
 .text.OV5640_ZoomConfig
                0x000000000800223e       0xd0 ./Core/Src/ov5640.o
                0x000000000800223e                OV5640_ZoomConfig
 .text.OV5640_NightModeConfig
                0x000000000800230e      0x20c ./Core/Src/ov5640.o
                0x000000000800230e                OV5640_NightModeConfig
 .text.OV5640_GetAWBRGBGain
                0x000000000800251a      0x11a ./Core/Src/ov5640.o
                0x000000000800251a                OV5640_GetAWBRGBGain
 .text.OV5640_Delay
                0x0000000008002634       0x1a ./Core/Src/ov5640.o
 .text.OV5640_ReadRegWrap
                0x000000000800264e       0x32 ./Core/Src/ov5640.o
 .text.OV5640_WriteRegWrap
                0x0000000008002680       0x32 ./Core/Src/ov5640.o
 .text.ov5640_read_reg
                0x00000000080026b2       0x2e ./Core/Src/ov5640_reg.o
                0x00000000080026b2                ov5640_read_reg
 .text.ov5640_write_reg
                0x00000000080026e0       0x2e ./Core/Src/ov5640_reg.o
                0x00000000080026e0                ov5640_write_reg
 *fill*         0x000000000800270e        0x2 
 .text.HAL_MspInit
                0x0000000008002710       0x48 ./Core/Src/stm32f7xx_hal_msp.o
                0x0000000008002710                HAL_MspInit
 .text.HAL_DCMI_MspInit
                0x0000000008002758      0x1fc ./Core/Src/stm32f7xx_hal_msp.o
                0x0000000008002758                HAL_DCMI_MspInit
 .text.HAL_I2C_MspInit
                0x0000000008002954       0xc0 ./Core/Src/stm32f7xx_hal_msp.o
                0x0000000008002954                HAL_I2C_MspInit
 .text.HAL_UART_MspInit
                0x0000000008002a14       0xc0 ./Core/Src/stm32f7xx_hal_msp.o
                0x0000000008002a14                HAL_UART_MspInit
 .text.HAL_PCD_MspInit
                0x0000000008002ad4       0xf4 ./Core/Src/stm32f7xx_hal_msp.o
                0x0000000008002ad4                HAL_PCD_MspInit
 .text.NMI_Handler
                0x0000000008002bc8        0x6 ./Core/Src/stm32f7xx_it.o
                0x0000000008002bc8                NMI_Handler
 .text.HardFault_Handler
                0x0000000008002bce        0x6 ./Core/Src/stm32f7xx_it.o
                0x0000000008002bce                HardFault_Handler
 .text.MemManage_Handler
                0x0000000008002bd4        0x6 ./Core/Src/stm32f7xx_it.o
                0x0000000008002bd4                MemManage_Handler
 .text.BusFault_Handler
                0x0000000008002bda        0x6 ./Core/Src/stm32f7xx_it.o
                0x0000000008002bda                BusFault_Handler
 .text.UsageFault_Handler
                0x0000000008002be0        0x6 ./Core/Src/stm32f7xx_it.o
                0x0000000008002be0                UsageFault_Handler
 .text.SVC_Handler
                0x0000000008002be6        0xe ./Core/Src/stm32f7xx_it.o
                0x0000000008002be6                SVC_Handler
 .text.DebugMon_Handler
                0x0000000008002bf4        0xe ./Core/Src/stm32f7xx_it.o
                0x0000000008002bf4                DebugMon_Handler
 .text.PendSV_Handler
                0x0000000008002c02        0xe ./Core/Src/stm32f7xx_it.o
                0x0000000008002c02                PendSV_Handler
 .text.SysTick_Handler
                0x0000000008002c10        0xc ./Core/Src/stm32f7xx_it.o
                0x0000000008002c10                SysTick_Handler
 .text.DMA2_Stream1_IRQHandler
                0x0000000008002c1c       0x14 ./Core/Src/stm32f7xx_it.o
                0x0000000008002c1c                DMA2_Stream1_IRQHandler
 .text.SystemInit
                0x0000000008002c30       0x24 ./Core/Src/system_stm32f7xx.o
                0x0000000008002c30                SystemInit
 .text.Reset_Handler
                0x0000000008002c54       0x50 ./Core/Startup/startup_stm32f767zitx.o
                0x0000000008002c54                Reset_Handler
 .text.Default_Handler
                0x0000000008002ca4        0x2 ./Core/Startup/startup_stm32f767zitx.o
                0x0000000008002ca4                RTC_Alarm_IRQHandler
                0x0000000008002ca4                EXTI2_IRQHandler
                0x0000000008002ca4                TIM8_CC_IRQHandler
                0x0000000008002ca4                UART8_IRQHandler
                0x0000000008002ca4                SPI4_IRQHandler
                0x0000000008002ca4                TIM1_CC_IRQHandler
                0x0000000008002ca4                DMA2_Stream5_IRQHandler
                0x0000000008002ca4                JPEG_IRQHandler
                0x0000000008002ca4                DMA1_Stream5_IRQHandler
                0x0000000008002ca4                CAN3_RX1_IRQHandler
                0x0000000008002ca4                PVD_IRQHandler
                0x0000000008002ca4                TAMP_STAMP_IRQHandler
                0x0000000008002ca4                CAN2_RX1_IRQHandler
                0x0000000008002ca4                EXTI3_IRQHandler
                0x0000000008002ca4                TIM8_TRG_COM_TIM14_IRQHandler
                0x0000000008002ca4                DFSDM1_FLT1_IRQHandler
                0x0000000008002ca4                TIM1_UP_TIM10_IRQHandler
                0x0000000008002ca4                TIM8_UP_TIM13_IRQHandler
                0x0000000008002ca4                I2C3_ER_IRQHandler
                0x0000000008002ca4                DFSDM1_FLT2_IRQHandler
                0x0000000008002ca4                EXTI0_IRQHandler
                0x0000000008002ca4                I2C2_EV_IRQHandler
                0x0000000008002ca4                DMA1_Stream2_IRQHandler
                0x0000000008002ca4                CAN1_RX0_IRQHandler
                0x0000000008002ca4                FPU_IRQHandler
                0x0000000008002ca4                OTG_HS_WKUP_IRQHandler
                0x0000000008002ca4                CAN3_SCE_IRQHandler
                0x0000000008002ca4                LTDC_ER_IRQHandler
                0x0000000008002ca4                CAN2_SCE_IRQHandler
                0x0000000008002ca4                DMA2_Stream2_IRQHandler
                0x0000000008002ca4                SPI1_IRQHandler
                0x0000000008002ca4                TIM6_DAC_IRQHandler
                0x0000000008002ca4                TIM1_BRK_TIM9_IRQHandler
                0x0000000008002ca4                DCMI_IRQHandler
                0x0000000008002ca4                CAN2_RX0_IRQHandler
                0x0000000008002ca4                DMA2_Stream3_IRQHandler
                0x0000000008002ca4                SAI2_IRQHandler
                0x0000000008002ca4                DFSDM1_FLT3_IRQHandler
                0x0000000008002ca4                USART6_IRQHandler
                0x0000000008002ca4                CAN3_RX0_IRQHandler
                0x0000000008002ca4                USART3_IRQHandler
                0x0000000008002ca4                CAN1_RX1_IRQHandler
                0x0000000008002ca4                UART5_IRQHandler
                0x0000000008002ca4                DMA2_Stream0_IRQHandler
                0x0000000008002ca4                TIM4_IRQHandler
                0x0000000008002ca4                QUADSPI_IRQHandler
                0x0000000008002ca4                I2C1_EV_IRQHandler
                0x0000000008002ca4                DMA1_Stream6_IRQHandler
                0x0000000008002ca4                DMA1_Stream1_IRQHandler
                0x0000000008002ca4                UART4_IRQHandler
                0x0000000008002ca4                TIM3_IRQHandler
                0x0000000008002ca4                RCC_IRQHandler
                0x0000000008002ca4                TIM8_BRK_TIM12_IRQHandler
                0x0000000008002ca4                Default_Handler
                0x0000000008002ca4                CEC_IRQHandler
                0x0000000008002ca4                EXTI15_10_IRQHandler
                0x0000000008002ca4                ADC_IRQHandler
                0x0000000008002ca4                DMA1_Stream7_IRQHandler
                0x0000000008002ca4                SPI5_IRQHandler
                0x0000000008002ca4                TIM7_IRQHandler
                0x0000000008002ca4                SDMMC1_IRQHandler
                0x0000000008002ca4                CAN2_TX_IRQHandler
                0x0000000008002ca4                TIM5_IRQHandler
                0x0000000008002ca4                DMA2_Stream7_IRQHandler
                0x0000000008002ca4                I2C3_EV_IRQHandler
                0x0000000008002ca4                EXTI9_5_IRQHandler
                0x0000000008002ca4                RTC_WKUP_IRQHandler
                0x0000000008002ca4                LTDC_IRQHandler
                0x0000000008002ca4                ETH_WKUP_IRQHandler
                0x0000000008002ca4                SPDIF_RX_IRQHandler
                0x0000000008002ca4                SPI2_IRQHandler
                0x0000000008002ca4                OTG_HS_EP1_IN_IRQHandler
                0x0000000008002ca4                DMA1_Stream0_IRQHandler
                0x0000000008002ca4                CAN1_TX_IRQHandler
                0x0000000008002ca4                EXTI4_IRQHandler
                0x0000000008002ca4                RNG_IRQHandler
                0x0000000008002ca4                ETH_IRQHandler
                0x0000000008002ca4                OTG_HS_EP1_OUT_IRQHandler
                0x0000000008002ca4                WWDG_IRQHandler
                0x0000000008002ca4                SPI6_IRQHandler
                0x0000000008002ca4                MDIOS_IRQHandler
                0x0000000008002ca4                I2C4_EV_IRQHandler
                0x0000000008002ca4                CAN3_TX_IRQHandler
                0x0000000008002ca4                TIM2_IRQHandler
                0x0000000008002ca4                OTG_FS_WKUP_IRQHandler
                0x0000000008002ca4                TIM1_TRG_COM_TIM11_IRQHandler
                0x0000000008002ca4                OTG_HS_IRQHandler
                0x0000000008002ca4                DMA2D_IRQHandler
                0x0000000008002ca4                EXTI1_IRQHandler
                0x0000000008002ca4                SDMMC2_IRQHandler
                0x0000000008002ca4                UART7_IRQHandler
                0x0000000008002ca4                USART2_IRQHandler
                0x0000000008002ca4                DFSDM1_FLT0_IRQHandler
                0x0000000008002ca4                I2C2_ER_IRQHandler
                0x0000000008002ca4                CAN1_SCE_IRQHandler
                0x0000000008002ca4                FLASH_IRQHandler
                0x0000000008002ca4                DMA2_Stream4_IRQHandler
                0x0000000008002ca4                USART1_IRQHandler
                0x0000000008002ca4                OTG_FS_IRQHandler
                0x0000000008002ca4                SPI3_IRQHandler
                0x0000000008002ca4                DMA1_Stream4_IRQHandler
                0x0000000008002ca4                I2C1_ER_IRQHandler
                0x0000000008002ca4                FMC_IRQHandler
                0x0000000008002ca4                LPTIM1_IRQHandler
                0x0000000008002ca4                I2C4_ER_IRQHandler
                0x0000000008002ca4                DMA2_Stream6_IRQHandler
                0x0000000008002ca4                SAI1_IRQHandler
                0x0000000008002ca4                DMA1_Stream3_IRQHandler
 .text.HAL_Init
                0x0000000008002ca6       0x1a ./Drivers/STM32F7xx_HAL_Driver/Src/stm32f7xx_hal.o
                0x0000000008002ca6                HAL_Init
 .text.HAL_InitTick
                0x0000000008002cc0       0x60 ./Drivers/STM32F7xx_HAL_Driver/Src/stm32f7xx_hal.o
                0x0000000008002cc0                HAL_InitTick
 .text.HAL_IncTick
                0x0000000008002d20       0x28 ./Drivers/STM32F7xx_HAL_Driver/Src/stm32f7xx_hal.o
                0x0000000008002d20                HAL_IncTick
 .text.HAL_GetTick
                0x0000000008002d48       0x18 ./Drivers/STM32F7xx_HAL_Driver/Src/stm32f7xx_hal.o
                0x0000000008002d48                HAL_GetTick
 .text.HAL_Delay
                0x0000000008002d60       0x48 ./Drivers/STM32F7xx_HAL_Driver/Src/stm32f7xx_hal.o
                0x0000000008002d60                HAL_Delay
 .text.__NVIC_SetPriorityGrouping
                0x0000000008002da8       0x48 ./Drivers/STM32F7xx_HAL_Driver/Src/stm32f7xx_hal_cortex.o
 .text.__NVIC_GetPriorityGrouping
                0x0000000008002df0       0x1c ./Drivers/STM32F7xx_HAL_Driver/Src/stm32f7xx_hal_cortex.o
 .text.__NVIC_EnableIRQ
                0x0000000008002e0c       0x3c ./Drivers/STM32F7xx_HAL_Driver/Src/stm32f7xx_hal_cortex.o
 .text.__NVIC_SetPriority
                0x0000000008002e48       0x54 ./Drivers/STM32F7xx_HAL_Driver/Src/stm32f7xx_hal_cortex.o
 .text.NVIC_EncodePriority
                0x0000000008002e9c       0x66 ./Drivers/STM32F7xx_HAL_Driver/Src/stm32f7xx_hal_cortex.o
 *fill*         0x0000000008002f02        0x2 
 .text.SysTick_Config
                0x0000000008002f04       0x44 ./Drivers/STM32F7xx_HAL_Driver/Src/stm32f7xx_hal_cortex.o
 .text.HAL_NVIC_SetPriorityGrouping
                0x0000000008002f48       0x16 ./Drivers/STM32F7xx_HAL_Driver/Src/stm32f7xx_hal_cortex.o
                0x0000000008002f48                HAL_NVIC_SetPriorityGrouping
 .text.HAL_NVIC_SetPriority
                0x0000000008002f5e       0x38 ./Drivers/STM32F7xx_HAL_Driver/Src/stm32f7xx_hal_cortex.o
                0x0000000008002f5e                HAL_NVIC_SetPriority
 .text.HAL_NVIC_EnableIRQ
                0x0000000008002f96       0x1c ./Drivers/STM32F7xx_HAL_Driver/Src/stm32f7xx_hal_cortex.o
                0x0000000008002f96                HAL_NVIC_EnableIRQ
 .text.HAL_SYSTICK_Config
                0x0000000008002fb2       0x18 ./Drivers/STM32F7xx_HAL_Driver/Src/stm32f7xx_hal_cortex.o
                0x0000000008002fb2                HAL_SYSTICK_Config
 *fill*         0x0000000008002fca        0x2 
 .text.HAL_DCMI_Init
                0x0000000008002fcc       0xf4 ./Drivers/STM32F7xx_HAL_Driver/Src/stm32f7xx_hal_dcmi.o
                0x0000000008002fcc                HAL_DCMI_Init
 .text.HAL_DCMI_Start_DMA
                0x00000000080030c0      0x15c ./Drivers/STM32F7xx_HAL_Driver/Src/stm32f7xx_hal_dcmi.o
                0x00000000080030c0                HAL_DCMI_Start_DMA
 .text.HAL_DCMI_Stop
                0x000000000800321c       0xbc ./Drivers/STM32F7xx_HAL_Driver/Src/stm32f7xx_hal_dcmi.o
                0x000000000800321c                HAL_DCMI_Stop
 .text.HAL_DCMI_Suspend
                0x00000000080032d8       0xa8 ./Drivers/STM32F7xx_HAL_Driver/Src/stm32f7xx_hal_dcmi.o
                0x00000000080032d8                HAL_DCMI_Suspend
 .text.HAL_DCMI_ErrorCallback
                0x0000000008003380       0x14 ./Drivers/STM32F7xx_HAL_Driver/Src/stm32f7xx_hal_dcmi.o
                0x0000000008003380                HAL_DCMI_ErrorCallback
 .text.DCMI_DMAXferCplt
                0x0000000008003394      0x12a ./Drivers/STM32F7xx_HAL_Driver/Src/stm32f7xx_hal_dcmi.o
 .text.DCMI_DMAError
                0x00000000080034be       0x3a ./Drivers/STM32F7xx_HAL_Driver/Src/stm32f7xx_hal_dcmi.o
 .text.HAL_DMA_Init
                0x00000000080034f8      0x15c ./Drivers/STM32F7xx_HAL_Driver/Src/stm32f7xx_hal_dma.o
                0x00000000080034f8                HAL_DMA_Init
 .text.HAL_DMA_Start_IT
                0x0000000008003654       0xc0 ./Drivers/STM32F7xx_HAL_Driver/Src/stm32f7xx_hal_dma.o
                0x0000000008003654                HAL_DMA_Start_IT
 .text.HAL_DMA_Abort
                0x0000000008003714       0xe0 ./Drivers/STM32F7xx_HAL_Driver/Src/stm32f7xx_hal_dma.o
                0x0000000008003714                HAL_DMA_Abort
 .text.HAL_DMA_IRQHandler
                0x00000000080037f4      0x314 ./Drivers/STM32F7xx_HAL_Driver/Src/stm32f7xx_hal_dma.o
                0x00000000080037f4                HAL_DMA_IRQHandler
 .text.DMA_SetConfig
                0x0000000008003b08       0x5c ./Drivers/STM32F7xx_HAL_Driver/Src/stm32f7xx_hal_dma.o
 .text.DMA_CalcBaseAndBitshift
                0x0000000008003b64       0x6c ./Drivers/STM32F7xx_HAL_Driver/Src/stm32f7xx_hal_dma.o
 .text.DMA_CheckFifoParam
                0x0000000008003bd0       0xf8 ./Drivers/STM32F7xx_HAL_Driver/Src/stm32f7xx_hal_dma.o
 .text.HAL_DMAEx_MultiBufferStart_IT
                0x0000000008003cc8     0x126c ./Drivers/STM32F7xx_HAL_Driver/Src/stm32f7xx_hal_dma_ex.o
                0x0000000008003cc8                HAL_DMAEx_MultiBufferStart_IT
 .text.HAL_DMAEx_ChangeMemory
                0x0000000008004f34       0x34 ./Drivers/STM32F7xx_HAL_Driver/Src/stm32f7xx_hal_dma_ex.o
                0x0000000008004f34                HAL_DMAEx_ChangeMemory
 .text.DMA_MultiBufferSetConfig
                0x0000000008004f68       0x4c ./Drivers/STM32F7xx_HAL_Driver/Src/stm32f7xx_hal_dma_ex.o
 .text.HAL_GPIO_Init
                0x0000000008004fb4      0x358 ./Drivers/STM32F7xx_HAL_Driver/Src/stm32f7xx_hal_gpio.o
                0x0000000008004fb4                HAL_GPIO_Init
 .text.HAL_GPIO_WritePin
                0x000000000800530c       0x32 ./Drivers/STM32F7xx_HAL_Driver/Src/stm32f7xx_hal_gpio.o
                0x000000000800530c                HAL_GPIO_WritePin
 *fill*         0x000000000800533e        0x2 
 .text.HAL_I2C_Init
                0x0000000008005340      0x120 ./Drivers/STM32F7xx_HAL_Driver/Src/stm32f7xx_hal_i2c.o
                0x0000000008005340                HAL_I2C_Init
 .text.HAL_I2C_Mem_Write
                0x0000000008005460      0x228 ./Drivers/STM32F7xx_HAL_Driver/Src/stm32f7xx_hal_i2c.o
                0x0000000008005460                HAL_I2C_Mem_Write
 .text.HAL_I2C_Mem_Read
                0x0000000008005688      0x234 ./Drivers/STM32F7xx_HAL_Driver/Src/stm32f7xx_hal_i2c.o
                0x0000000008005688                HAL_I2C_Mem_Read
 .text.I2C_RequestMemoryWrite
                0x00000000080058bc       0xa8 ./Drivers/STM32F7xx_HAL_Driver/Src/stm32f7xx_hal_i2c.o
 .text.I2C_RequestMemoryRead
                0x0000000008005964       0xa8 ./Drivers/STM32F7xx_HAL_Driver/Src/stm32f7xx_hal_i2c.o
 .text.I2C_Flush_TXDR
                0x0000000008005a0c       0x48 ./Drivers/STM32F7xx_HAL_Driver/Src/stm32f7xx_hal_i2c.o
 .text.I2C_WaitOnFlagUntilTimeout
                0x0000000008005a54       0x80 ./Drivers/STM32F7xx_HAL_Driver/Src/stm32f7xx_hal_i2c.o
 .text.I2C_WaitOnTXISFlagUntilTimeout
                0x0000000008005ad4       0x80 ./Drivers/STM32F7xx_HAL_Driver/Src/stm32f7xx_hal_i2c.o
 .text.I2C_WaitOnSTOPFlagUntilTimeout
                0x0000000008005b54       0x78 ./Drivers/STM32F7xx_HAL_Driver/Src/stm32f7xx_hal_i2c.o
 .text.I2C_IsErrorOccurred
                0x0000000008005bcc      0x1d8 ./Drivers/STM32F7xx_HAL_Driver/Src/stm32f7xx_hal_i2c.o
 .text.I2C_TransferConfig
                0x0000000008005da4       0x64 ./Drivers/STM32F7xx_HAL_Driver/Src/stm32f7xx_hal_i2c.o
 .text.HAL_I2CEx_ConfigAnalogFilter
                0x0000000008005e08       0x96 ./Drivers/STM32F7xx_HAL_Driver/Src/stm32f7xx_hal_i2c_ex.o
                0x0000000008005e08                HAL_I2CEx_ConfigAnalogFilter
 .text.HAL_I2CEx_ConfigDigitalFilter
                0x0000000008005e9e       0x98 ./Drivers/STM32F7xx_HAL_Driver/Src/stm32f7xx_hal_i2c_ex.o
                0x0000000008005e9e                HAL_I2CEx_ConfigDigitalFilter
 .text.HAL_PCD_Init
                0x0000000008005f36      0x248 ./Drivers/STM32F7xx_HAL_Driver/Src/stm32f7xx_hal_pcd.o
                0x0000000008005f36                HAL_PCD_Init
 *fill*         0x000000000800617e        0x2 
 .text.HAL_PCDEx_ActivateLPM
                0x0000000008006180       0x48 ./Drivers/STM32F7xx_HAL_Driver/Src/stm32f7xx_hal_pcd_ex.o
                0x0000000008006180                HAL_PCDEx_ActivateLPM
 .text.HAL_PWR_EnableBkUpAccess
                0x00000000080061c8       0x20 ./Drivers/STM32F7xx_HAL_Driver/Src/stm32f7xx_hal_pwr.o
                0x00000000080061c8                HAL_PWR_EnableBkUpAccess
 .text.HAL_PWREx_EnableOverDrive
                0x00000000080061e8       0xa0 ./Drivers/STM32F7xx_HAL_Driver/Src/stm32f7xx_hal_pwr_ex.o
                0x00000000080061e8                HAL_PWREx_EnableOverDrive
 .text.HAL_RCC_OscConfig
                0x0000000008006288      0x55c ./Drivers/STM32F7xx_HAL_Driver/Src/stm32f7xx_hal_rcc.o
                0x0000000008006288                HAL_RCC_OscConfig
 .text.HAL_RCC_ClockConfig
                0x00000000080067e4      0x1d8 ./Drivers/STM32F7xx_HAL_Driver/Src/stm32f7xx_hal_rcc.o
                0x00000000080067e4                HAL_RCC_ClockConfig
 .text.HAL_RCC_GetSysClockFreq
                0x00000000080069bc      0x20c ./Drivers/STM32F7xx_HAL_Driver/Src/stm32f7xx_hal_rcc.o
                0x00000000080069bc                HAL_RCC_GetSysClockFreq
 .text.HAL_RCC_GetHCLKFreq
                0x0000000008006bc8       0x18 ./Drivers/STM32F7xx_HAL_Driver/Src/stm32f7xx_hal_rcc.o
                0x0000000008006bc8                HAL_RCC_GetHCLKFreq
 .text.HAL_RCC_GetPCLK1Freq
                0x0000000008006be0       0x28 ./Drivers/STM32F7xx_HAL_Driver/Src/stm32f7xx_hal_rcc.o
                0x0000000008006be0                HAL_RCC_GetPCLK1Freq
 .text.HAL_RCC_GetPCLK2Freq
                0x0000000008006c08       0x28 ./Drivers/STM32F7xx_HAL_Driver/Src/stm32f7xx_hal_rcc.o
                0x0000000008006c08                HAL_RCC_GetPCLK2Freq
 .text.HAL_RCCEx_PeriphCLKConfig
                0x0000000008006c30      0x850 ./Drivers/STM32F7xx_HAL_Driver/Src/stm32f7xx_hal_rcc_ex.o
                0x0000000008006c30                HAL_RCCEx_PeriphCLKConfig
 .text.HAL_UART_Init
                0x0000000008007480       0x9c ./Drivers/STM32F7xx_HAL_Driver/Src/stm32f7xx_hal_uart.o
                0x0000000008007480                HAL_UART_Init
 .text.HAL_UART_Transmit
                0x000000000800751c      0x126 ./Drivers/STM32F7xx_HAL_Driver/Src/stm32f7xx_hal_uart.o
                0x000000000800751c                HAL_UART_Transmit
 *fill*         0x0000000008007642        0x2 
 .text.UART_SetConfig
                0x0000000008007644      0x4c8 ./Drivers/STM32F7xx_HAL_Driver/Src/stm32f7xx_hal_uart.o
                0x0000000008007644                UART_SetConfig
 .text.UART_AdvFeatureConfig
                0x0000000008007b0c      0x144 ./Drivers/STM32F7xx_HAL_Driver/Src/stm32f7xx_hal_uart.o
                0x0000000008007b0c                UART_AdvFeatureConfig
 .text.UART_CheckIdleState
                0x0000000008007c50       0x92 ./Drivers/STM32F7xx_HAL_Driver/Src/stm32f7xx_hal_uart.o
                0x0000000008007c50                UART_CheckIdleState
 .text.UART_WaitOnFlagUntilTimeout
                0x0000000008007ce2      0x188 ./Drivers/STM32F7xx_HAL_Driver/Src/stm32f7xx_hal_uart.o
                0x0000000008007ce2                UART_WaitOnFlagUntilTimeout
 *fill*         0x0000000008007e6a        0x2 
 .text.USB_CoreInit
                0x0000000008007e6c       0xb0 ./Drivers/STM32F7xx_HAL_Driver/Src/stm32f7xx_ll_usb.o
                0x0000000008007e6c                USB_CoreInit
 .text.USB_DisableGlobalInt
                0x0000000008007f1c       0x22 ./Drivers/STM32F7xx_HAL_Driver/Src/stm32f7xx_ll_usb.o
                0x0000000008007f1c                USB_DisableGlobalInt
 .text.USB_SetCurrentMode
                0x0000000008007f3e       0x98 ./Drivers/STM32F7xx_HAL_Driver/Src/stm32f7xx_ll_usb.o
                0x0000000008007f3e                USB_SetCurrentMode
 *fill*         0x0000000008007fd6        0x2 
 .text.USB_DevInit
                0x0000000008007fd8      0x2bc ./Drivers/STM32F7xx_HAL_Driver/Src/stm32f7xx_ll_usb.o
                0x0000000008007fd8                USB_DevInit
 .text.USB_FlushTxFifo
                0x0000000008008294       0x64 ./Drivers/STM32F7xx_HAL_Driver/Src/stm32f7xx_ll_usb.o
                0x0000000008008294                USB_FlushTxFifo
 .text.USB_FlushRxFifo
                0x00000000080082f8       0x5c ./Drivers/STM32F7xx_HAL_Driver/Src/stm32f7xx_ll_usb.o
                0x00000000080082f8                USB_FlushRxFifo
 .text.USB_SetDevSpeed
                0x0000000008008354       0x32 ./Drivers/STM32F7xx_HAL_Driver/Src/stm32f7xx_ll_usb.o
                0x0000000008008354                USB_SetDevSpeed
 .text.USB_DevDisconnect
                0x0000000008008386       0x42 ./Drivers/STM32F7xx_HAL_Driver/Src/stm32f7xx_ll_usb.o
                0x0000000008008386                USB_DevDisconnect
 .text.USB_GetMode
                0x00000000080083c8       0x1c ./Drivers/STM32F7xx_HAL_Driver/Src/stm32f7xx_ll_usb.o
                0x00000000080083c8                USB_GetMode
 .text.USB_CoreReset
                0x00000000080083e4       0x64 ./Drivers/STM32F7xx_HAL_Driver/Src/stm32f7xx_ll_usb.o
 .text.__libc_init_array
                0x0000000008008448       0x48 c:/st/stm32cubeide_1.9.0/stm32cubeide/plugins/com.st.stm32cube.ide.mcu.externaltools.gnu-tools-for-stm32.10.3-2021.10.win32_1.0.0.202111181127/tools/bin/../lib/gcc/arm-none-eabi/10.3.1/../../../../arm-none-eabi/lib/thumb/v7e-m+dp/hard\libc_nano.a(lib_a-init.o)
                0x0000000008008448                __libc_init_array
 .text.memset   0x0000000008008490       0x10 c:/st/stm32cubeide_1.9.0/stm32cubeide/plugins/com.st.stm32cube.ide.mcu.externaltools.gnu-tools-for-stm32.10.3-2021.10.win32_1.0.0.202111181127/tools/bin/../lib/gcc/arm-none-eabi/10.3.1/../../../../arm-none-eabi/lib/thumb/v7e-m+dp/hard\libc_nano.a(lib_a-memset.o)
                0x0000000008008490                memset
 *(.glue_7)
 .glue_7        0x00000000080084a0        0x0 linker stubs
 *(.glue_7t)
 .glue_7t       0x00000000080084a0        0x0 linker stubs
 *(.eh_frame)
 .eh_frame      0x00000000080084a0        0x0 c:/st/stm32cubeide_1.9.0/stm32cubeide/plugins/com.st.stm32cube.ide.mcu.externaltools.gnu-tools-for-stm32.10.3-2021.10.win32_1.0.0.202111181127/tools/bin/../lib/gcc/arm-none-eabi/10.3.1/thumb/v7e-m+dp/hard/crtbegin.o
 *(.init)
 .init          0x00000000080084a0        0x4 c:/st/stm32cubeide_1.9.0/stm32cubeide/plugins/com.st.stm32cube.ide.mcu.externaltools.gnu-tools-for-stm32.10.3-2021.10.win32_1.0.0.202111181127/tools/bin/../lib/gcc/arm-none-eabi/10.3.1/thumb/v7e-m+dp/hard/crti.o
                0x00000000080084a0                _init
 .init          0x00000000080084a4        0x8 c:/st/stm32cubeide_1.9.0/stm32cubeide/plugins/com.st.stm32cube.ide.mcu.externaltools.gnu-tools-for-stm32.10.3-2021.10.win32_1.0.0.202111181127/tools/bin/../lib/gcc/arm-none-eabi/10.3.1/thumb/v7e-m+dp/hard/crtn.o
 *(.fini)
 .fini          0x00000000080084ac        0x4 c:/st/stm32cubeide_1.9.0/stm32cubeide/plugins/com.st.stm32cube.ide.mcu.externaltools.gnu-tools-for-stm32.10.3-2021.10.win32_1.0.0.202111181127/tools/bin/../lib/gcc/arm-none-eabi/10.3.1/thumb/v7e-m+dp/hard/crti.o
                0x00000000080084ac                _fini
 .fini          0x00000000080084b0        0x8 c:/st/stm32cubeide_1.9.0/stm32cubeide/plugins/com.st.stm32cube.ide.mcu.externaltools.gnu-tools-for-stm32.10.3-2021.10.win32_1.0.0.202111181127/tools/bin/../lib/gcc/arm-none-eabi/10.3.1/thumb/v7e-m+dp/hard/crtn.o
                0x00000000080084b8                . = ALIGN (0x4)
                0x00000000080084b8                _etext = .

.vfp11_veneer   0x00000000080084b8        0x0
 .vfp11_veneer  0x00000000080084b8        0x0 linker stubs

.v4_bx          0x00000000080084b8        0x0
 .v4_bx         0x00000000080084b8        0x0 linker stubs

.iplt           0x00000000080084b8        0x0
 .iplt          0x00000000080084b8        0x0 c:/st/stm32cubeide_1.9.0/stm32cubeide/plugins/com.st.stm32cube.ide.mcu.externaltools.gnu-tools-for-stm32.10.3-2021.10.win32_1.0.0.202111181127/tools/bin/../lib/gcc/arm-none-eabi/10.3.1/thumb/v7e-m+dp/hard/crtbegin.o

.rodata         0x00000000080084b8      0x580
                0x00000000080084b8                . = ALIGN (0x4)
 *(.rodata)
 .rodata        0x00000000080084b8       0x48 ./Core/Src/ov5640.o
 *(.rodata*)
 .rodata.OV5640_Common.16
                0x0000000008008500      0x3f8 ./Core/Src/ov5640.o
 .rodata.OV5640_PF_YUV422.15
                0x00000000080088f8        0x8 ./Core/Src/ov5640.o
 .rodata.OV5640_PF_RGB888.14
                0x0000000008008900        0x8 ./Core/Src/ov5640.o
 .rodata.OV5640_PF_Y8.13
                0x0000000008008908        0x8 ./Core/Src/ov5640.o
 .rodata.OV5640_PF_JPEG.12
                0x0000000008008910        0x8 ./Core/Src/ov5640.o
 .rodata.OV5640_PF_RGB565.11
                0x0000000008008918        0x8 ./Core/Src/ov5640.o
 .rodata.OV5640_QQVGA.10
                0x0000000008008920       0x10 ./Core/Src/ov5640.o
 .rodata.OV5640_QVGA.9
                0x0000000008008930       0x10 ./Core/Src/ov5640.o
 .rodata.OV5640_480x272.8
                0x0000000008008940       0x10 ./Core/Src/ov5640.o
 .rodata.OV5640_VGA.7
                0x0000000008008950       0x10 ./Core/Src/ov5640.o
 .rodata.OV5640_WVGA.6
                0x0000000008008960       0x10 ./Core/Src/ov5640.o
 .rodata.OV5640_LightModeSunny.5
                0x0000000008008970       0x1c ./Core/Src/ov5640.o
 .rodata.OV5640_LightModeOffice.4
                0x000000000800898c       0x1c ./Core/Src/ov5640.o
 .rodata.OV5640_LightModeCloudy.3
                0x00000000080089a8       0x1c ./Core/Src/ov5640.o
 .rodata.OV5640_LightModeHome.2
                0x00000000080089c4       0x1c ./Core/Src/ov5640.o
 .rodata.OV5640_LightModeManualDefault.1
                0x00000000080089e0       0x1c ./Core/Src/ov5640.o
 .rodata.OV5640_LightModeAuto.0
                0x00000000080089fc       0x1c ./Core/Src/ov5640.o
 .rodata.AHBPrescTable
                0x0000000008008a18       0x10 ./Core/Src/system_stm32f7xx.o
                0x0000000008008a18                AHBPrescTable
 .rodata.APBPrescTable
                0x0000000008008a28        0x8 ./Core/Src/system_stm32f7xx.o
                0x0000000008008a28                APBPrescTable
 .rodata.flagBitshiftOffset.0
                0x0000000008008a30        0x8 ./Drivers/STM32F7xx_HAL_Driver/Src/stm32f7xx_hal_dma.o
                0x0000000008008a38                . = ALIGN (0x4)

.ARM.extab      0x0000000008008a38        0x0
                0x0000000008008a38                . = ALIGN (0x4)
 *(.ARM.extab* .gnu.linkonce.armextab.*)
                0x0000000008008a38                . = ALIGN (0x4)

.ARM            0x0000000008008a38        0x8
                0x0000000008008a38                . = ALIGN (0x4)
                0x0000000008008a38                __exidx_start = .
 *(.ARM.exidx*)
 .ARM.exidx     0x0000000008008a38        0x8 c:/st/stm32cubeide_1.9.0/stm32cubeide/plugins/com.st.stm32cube.ide.mcu.externaltools.gnu-tools-for-stm32.10.3-2021.10.win32_1.0.0.202111181127/tools/bin/../lib/gcc/arm-none-eabi/10.3.1/thumb/v7e-m+dp/hard\libgcc.a(_udivmoddi4.o)
                0x0000000008008a40                __exidx_end = .
                0x0000000008008a40                . = ALIGN (0x4)

.rel.dyn        0x0000000008008a40        0x0
 .rel.iplt      0x0000000008008a40        0x0 c:/st/stm32cubeide_1.9.0/stm32cubeide/plugins/com.st.stm32cube.ide.mcu.externaltools.gnu-tools-for-stm32.10.3-2021.10.win32_1.0.0.202111181127/tools/bin/../lib/gcc/arm-none-eabi/10.3.1/thumb/v7e-m+dp/hard/crtbegin.o

.preinit_array  0x0000000008008a40        0x0
                0x0000000008008a40                . = ALIGN (0x4)
                0x0000000008008a40                PROVIDE (__preinit_array_start = .)
 *(.preinit_array*)
                0x0000000008008a40                PROVIDE (__preinit_array_end = .)
                0x0000000008008a40                . = ALIGN (0x4)

.init_array     0x0000000008008a40        0x4
                0x0000000008008a40                . = ALIGN (0x4)
                0x0000000008008a40                PROVIDE (__init_array_start = .)
 *(SORT_BY_NAME(.init_array.*))
 *(.init_array*)
 .init_array    0x0000000008008a40        0x4 c:/st/stm32cubeide_1.9.0/stm32cubeide/plugins/com.st.stm32cube.ide.mcu.externaltools.gnu-tools-for-stm32.10.3-2021.10.win32_1.0.0.202111181127/tools/bin/../lib/gcc/arm-none-eabi/10.3.1/thumb/v7e-m+dp/hard/crtbegin.o
                0x0000000008008a44                PROVIDE (__init_array_end = .)
                0x0000000008008a44                . = ALIGN (0x4)

.fini_array     0x0000000008008a44        0x4
                0x0000000008008a44                . = ALIGN (0x4)
                [!provide]                        PROVIDE (__fini_array_start = .)
 *(SORT_BY_NAME(.fini_array.*))
 *(.fini_array*)
 .fini_array    0x0000000008008a44        0x4 c:/st/stm32cubeide_1.9.0/stm32cubeide/plugins/com.st.stm32cube.ide.mcu.externaltools.gnu-tools-for-stm32.10.3-2021.10.win32_1.0.0.202111181127/tools/bin/../lib/gcc/arm-none-eabi/10.3.1/thumb/v7e-m+dp/hard/crtbegin.o
                [!provide]                        PROVIDE (__fini_array_end = .)
                0x0000000008008a48                . = ALIGN (0x4)
                0x0000000008008a48                _sidata = LOADADDR (.data)

.data           0x0000000020000000       0x54 load address 0x0000000008008a48
                0x0000000020000000                . = ALIGN (0x4)
                0x0000000020000000                _sdata = .
 *(.data)
 *(.data*)
 .data.OV5640_CAMERA_Driver
                0x0000000020000000       0x48 ./Core/Src/ov5640.o
                0x0000000020000000                OV5640_CAMERA_Driver
 .data.SystemCoreClock
                0x0000000020000048        0x4 ./Core/Src/system_stm32f7xx.o
                0x0000000020000048                SystemCoreClock
 .data.uwTickPrio
                0x000000002000004c        0x4 ./Drivers/STM32F7xx_HAL_Driver/Src/stm32f7xx_hal.o
                0x000000002000004c                uwTickPrio
 .data.uwTickFreq
                0x0000000020000050        0x1 ./Drivers/STM32F7xx_HAL_Driver/Src/stm32f7xx_hal.o
                0x0000000020000050                uwTickFreq
 *(.RamFunc)
 *(.RamFunc*)
                0x0000000020000054                . = ALIGN (0x4)
 *fill*         0x0000000020000051        0x3 
                0x0000000020000054                _edata = .

.igot.plt       0x0000000020000054        0x0 load address 0x0000000008008a9c
 .igot.plt      0x0000000020000054        0x0 c:/st/stm32cubeide_1.9.0/stm32cubeide/plugins/com.st.stm32cube.ide.mcu.externaltools.gnu-tools-for-stm32.10.3-2021.10.win32_1.0.0.202111181127/tools/bin/../lib/gcc/arm-none-eabi/10.3.1/thumb/v7e-m+dp/hard/crtbegin.o
                0x0000000020000054                . = ALIGN (0x4)

.bss            0x0000000020000054    0x25de4 load address 0x0000000008008a9c
                0x0000000020000054                _sbss = .
                0x0000000020000054                __bss_start__ = _sbss
 *(.bss)
 .bss           0x0000000020000054       0x1c c:/st/stm32cubeide_1.9.0/stm32cubeide/plugins/com.st.stm32cube.ide.mcu.externaltools.gnu-tools-for-stm32.10.3-2021.10.win32_1.0.0.202111181127/tools/bin/../lib/gcc/arm-none-eabi/10.3.1/thumb/v7e-m+dp/hard/crtbegin.o
 *(.bss*)
 .bss.hdcmi     0x0000000020000070       0x50 ./Core/Src/main.o
                0x0000000020000070                hdcmi
 .bss.hdma_dcmi
                0x00000000200000c0       0x60 ./Core/Src/main.o
                0x00000000200000c0                hdma_dcmi
 .bss.hi2c1     0x0000000020000120       0x4c ./Core/Src/main.o
                0x0000000020000120                hi2c1
 .bss.huart3    0x000000002000016c       0x84 ./Core/Src/main.o
                0x000000002000016c                huart3
 .bss.hpcd_USB_OTG_FS
                0x00000000200001f0      0x404 ./Core/Src/main.o
                0x00000000200001f0                hpcd_USB_OTG_FS
 .bss.p_cam     0x00000000200005f4       0x28 ./Core/Src/main.o
                0x00000000200005f4                p_cam
 .bss.cam_i2c   0x000000002000061c       0x18 ./Core/Src/main.o
                0x000000002000061c                cam_i2c
 .bss.image     0x0000000020000634    0x25800 ./Core/Src/main.o
                0x0000000020000634                image
 .bss.uwTick    0x0000000020025e34        0x4 ./Drivers/STM32F7xx_HAL_Driver/Src/stm32f7xx_hal.o
                0x0000000020025e34                uwTick
 *(COMMON)
                0x0000000020025e38                . = ALIGN (0x4)
                0x0000000020025e38                _ebss = .
                0x0000000020025e38                __bss_end__ = _ebss

._user_heap_stack
                0x0000000020025e38      0x600 load address 0x0000000008008a9c
                0x0000000020025e38                . = ALIGN (0x8)
                [!provide]                        PROVIDE (end = .)
                0x0000000020025e38                PROVIDE (_end = .)
                0x0000000020026038                . = (. + _Min_Heap_Size)
 *fill*         0x0000000020025e38      0x200 
                0x0000000020026438                . = (. + _Min_Stack_Size)
 *fill*         0x0000000020026038      0x400 
                0x0000000020026438                . = ALIGN (0x8)

/DISCARD/
 libc.a(*)
 libm.a(*)
 libgcc.a(*)

.ARM.attributes
                0x0000000000000000       0x2e
 *(.ARM.attributes)
 .ARM.attributes
                0x0000000000000000       0x1e c:/st/stm32cubeide_1.9.0/stm32cubeide/plugins/com.st.stm32cube.ide.mcu.externaltools.gnu-tools-for-stm32.10.3-2021.10.win32_1.0.0.202111181127/tools/bin/../lib/gcc/arm-none-eabi/10.3.1/thumb/v7e-m+dp/hard/crti.o
 .ARM.attributes
                0x000000000000001e       0x32 c:/st/stm32cubeide_1.9.0/stm32cubeide/plugins/com.st.stm32cube.ide.mcu.externaltools.gnu-tools-for-stm32.10.3-2021.10.win32_1.0.0.202111181127/tools/bin/../lib/gcc/arm-none-eabi/10.3.1/thumb/v7e-m+dp/hard/crtbegin.o
 .ARM.attributes
                0x0000000000000050       0x32 ./Core/Src/main.o
 .ARM.attributes
                0x0000000000000082       0x32 ./Core/Src/ov5640.o
 .ARM.attributes
                0x00000000000000b4       0x32 ./Core/Src/ov5640_reg.o
 .ARM.attributes
                0x00000000000000e6       0x32 ./Core/Src/stm32f7xx_hal_msp.o
 .ARM.attributes
                0x0000000000000118       0x32 ./Core/Src/stm32f7xx_it.o
 .ARM.attributes
                0x000000000000014a       0x32 ./Core/Src/system_stm32f7xx.o
 .ARM.attributes
                0x000000000000017c       0x21 ./Core/Startup/startup_stm32f767zitx.o
 .ARM.attributes
                0x000000000000019d       0x32 ./Drivers/STM32F7xx_HAL_Driver/Src/stm32f7xx_hal.o
 .ARM.attributes
                0x00000000000001cf       0x32 ./Drivers/STM32F7xx_HAL_Driver/Src/stm32f7xx_hal_cortex.o
 .ARM.attributes
                0x0000000000000201       0x32 ./Drivers/STM32F7xx_HAL_Driver/Src/stm32f7xx_hal_dcmi.o
 .ARM.attributes
                0x0000000000000233       0x32 ./Drivers/STM32F7xx_HAL_Driver/Src/stm32f7xx_hal_dma.o
 .ARM.attributes
                0x0000000000000265       0x32 ./Drivers/STM32F7xx_HAL_Driver/Src/stm32f7xx_hal_dma_ex.o
 .ARM.attributes
                0x0000000000000297       0x32 ./Drivers/STM32F7xx_HAL_Driver/Src/stm32f7xx_hal_gpio.o
 .ARM.attributes
                0x00000000000002c9       0x32 ./Drivers/STM32F7xx_HAL_Driver/Src/stm32f7xx_hal_i2c.o
 .ARM.attributes
                0x00000000000002fb       0x32 ./Drivers/STM32F7xx_HAL_Driver/Src/stm32f7xx_hal_i2c_ex.o
 .ARM.attributes
                0x000000000000032d       0x32 ./Drivers/STM32F7xx_HAL_Driver/Src/stm32f7xx_hal_pcd.o
 .ARM.attributes
                0x000000000000035f       0x32 ./Drivers/STM32F7xx_HAL_Driver/Src/stm32f7xx_hal_pcd_ex.o
 .ARM.attributes
                0x0000000000000391       0x32 ./Drivers/STM32F7xx_HAL_Driver/Src/stm32f7xx_hal_pwr.o
 .ARM.attributes
                0x00000000000003c3       0x32 ./Drivers/STM32F7xx_HAL_Driver/Src/stm32f7xx_hal_pwr_ex.o
 .ARM.attributes
                0x00000000000003f5       0x32 ./Drivers/STM32F7xx_HAL_Driver/Src/stm32f7xx_hal_rcc.o
 .ARM.attributes
                0x0000000000000427       0x32 ./Drivers/STM32F7xx_HAL_Driver/Src/stm32f7xx_hal_rcc_ex.o
 .ARM.attributes
                0x0000000000000459       0x32 ./Drivers/STM32F7xx_HAL_Driver/Src/stm32f7xx_hal_uart.o
 .ARM.attributes
                0x000000000000048b       0x32 ./Drivers/STM32F7xx_HAL_Driver/Src/stm32f7xx_ll_usb.o
 .ARM.attributes
                0x00000000000004bd       0x32 c:/st/stm32cubeide_1.9.0/stm32cubeide/plugins/com.st.stm32cube.ide.mcu.externaltools.gnu-tools-for-stm32.10.3-2021.10.win32_1.0.0.202111181127/tools/bin/../lib/gcc/arm-none-eabi/10.3.1/../../../../arm-none-eabi/lib/thumb/v7e-m+dp/hard\libc_nano.a(lib_a-init.o)
 .ARM.attributes
                0x00000000000004ef       0x32 c:/st/stm32cubeide_1.9.0/stm32cubeide/plugins/com.st.stm32cube.ide.mcu.externaltools.gnu-tools-for-stm32.10.3-2021.10.win32_1.0.0.202111181127/tools/bin/../lib/gcc/arm-none-eabi/10.3.1/../../../../arm-none-eabi/lib/thumb/v7e-m+dp/hard\libc_nano.a(lib_a-memset.o)
 .ARM.attributes
                0x0000000000000521       0x1e c:/st/stm32cubeide_1.9.0/stm32cubeide/plugins/com.st.stm32cube.ide.mcu.externaltools.gnu-tools-for-stm32.10.3-2021.10.win32_1.0.0.202111181127/tools/bin/../lib/gcc/arm-none-eabi/10.3.1/thumb/v7e-m+dp/hard\libgcc.a(_aeabi_uldivmod.o)
 .ARM.attributes
                0x000000000000053f       0x32 c:/st/stm32cubeide_1.9.0/stm32cubeide/plugins/com.st.stm32cube.ide.mcu.externaltools.gnu-tools-for-stm32.10.3-2021.10.win32_1.0.0.202111181127/tools/bin/../lib/gcc/arm-none-eabi/10.3.1/thumb/v7e-m+dp/hard\libgcc.a(_udivmoddi4.o)
 .ARM.attributes
                0x0000000000000571       0x1e c:/st/stm32cubeide_1.9.0/stm32cubeide/plugins/com.st.stm32cube.ide.mcu.externaltools.gnu-tools-for-stm32.10.3-2021.10.win32_1.0.0.202111181127/tools/bin/../lib/gcc/arm-none-eabi/10.3.1/thumb/v7e-m+dp/hard\libgcc.a(_dvmd_tls.o)
 .ARM.attributes
                0x000000000000058f       0x1e c:/st/stm32cubeide_1.9.0/stm32cubeide/plugins/com.st.stm32cube.ide.mcu.externaltools.gnu-tools-for-stm32.10.3-2021.10.win32_1.0.0.202111181127/tools/bin/../lib/gcc/arm-none-eabi/10.3.1/thumb/v7e-m+dp/hard/crtn.o
OUTPUT(test2.elf elf32-littlearm)
LOAD linker stubs
LOAD c:/st/stm32cubeide_1.9.0/stm32cubeide/plugins/com.st.stm32cube.ide.mcu.externaltools.gnu-tools-for-stm32.10.3-2021.10.win32_1.0.0.202111181127/tools/bin/../lib/gcc/arm-none-eabi/10.3.1/../../../../arm-none-eabi/lib/thumb/v7e-m+dp/hard\libc.a
LOAD c:/st/stm32cubeide_1.9.0/stm32cubeide/plugins/com.st.stm32cube.ide.mcu.externaltools.gnu-tools-for-stm32.10.3-2021.10.win32_1.0.0.202111181127/tools/bin/../lib/gcc/arm-none-eabi/10.3.1/../../../../arm-none-eabi/lib/thumb/v7e-m+dp/hard\libm.a
LOAD c:/st/stm32cubeide_1.9.0/stm32cubeide/plugins/com.st.stm32cube.ide.mcu.externaltools.gnu-tools-for-stm32.10.3-2021.10.win32_1.0.0.202111181127/tools/bin/../lib/gcc/arm-none-eabi/10.3.1/thumb/v7e-m+dp/hard\libgcc.a

.debug_info     0x0000000000000000    0x15e50
 .debug_info    0x0000000000000000     0x2326 ./Core/Src/main.o
 .debug_info    0x0000000000002326     0x1209 ./Core/Src/ov5640.o
 .debug_info    0x000000000000352f      0x1f0 ./Core/Src/ov5640_reg.o
 .debug_info    0x000000000000371f     0x19e0 ./Core/Src/stm32f7xx_hal_msp.o
 .debug_info    0x00000000000050ff      0x3ec ./Core/Src/stm32f7xx_it.o
 .debug_info    0x00000000000054eb      0x72c ./Core/Src/system_stm32f7xx.o
 .debug_info    0x0000000000005c17       0x22 ./Core/Startup/startup_stm32f767zitx.o
 .debug_info    0x0000000000005c39      0xa82 ./Drivers/STM32F7xx_HAL_Driver/Src/stm32f7xx_hal.o
 .debug_info    0x00000000000066bb     0x109c ./Drivers/STM32F7xx_HAL_Driver/Src/stm32f7xx_hal_cortex.o
 .debug_info    0x0000000000007757      0xb92 ./Drivers/STM32F7xx_HAL_Driver/Src/stm32f7xx_hal_dcmi.o
 .debug_info    0x00000000000082e9      0x94f ./Drivers/STM32F7xx_HAL_Driver/Src/stm32f7xx_hal_dma.o
 .debug_info    0x0000000000008c38      0x541 ./Drivers/STM32F7xx_HAL_Driver/Src/stm32f7xx_hal_dma_ex.o
 .debug_info    0x0000000000009179      0x7a2 ./Drivers/STM32F7xx_HAL_Driver/Src/stm32f7xx_hal_gpio.o
 .debug_info    0x000000000000991b     0x2231 ./Drivers/STM32F7xx_HAL_Driver/Src/stm32f7xx_hal_i2c.o
 .debug_info    0x000000000000bb4c      0x9c8 ./Drivers/STM32F7xx_HAL_Driver/Src/stm32f7xx_hal_i2c_ex.o
 .debug_info    0x000000000000c514     0x1613 ./Drivers/STM32F7xx_HAL_Driver/Src/stm32f7xx_hal_pcd.o
 .debug_info    0x000000000000db27      0x7b7 ./Drivers/STM32F7xx_HAL_Driver/Src/stm32f7xx_hal_pcd_ex.o
 .debug_info    0x000000000000e2de      0x978 ./Drivers/STM32F7xx_HAL_Driver/Src/stm32f7xx_hal_pwr.o
 .debug_info    0x000000000000ec56      0x92e ./Drivers/STM32F7xx_HAL_Driver/Src/stm32f7xx_hal_pwr_ex.o
 .debug_info    0x000000000000f584      0x9f8 ./Drivers/STM32F7xx_HAL_Driver/Src/stm32f7xx_hal_rcc.o
 .debug_info    0x000000000000ff7c      0x78b ./Drivers/STM32F7xx_HAL_Driver/Src/stm32f7xx_hal_rcc_ex.o
 .debug_info    0x0000000000010707     0x3ccb ./Drivers/STM32F7xx_HAL_Driver/Src/stm32f7xx_hal_uart.o
 .debug_info    0x00000000000143d2     0x1a7e ./Drivers/STM32F7xx_HAL_Driver/Src/stm32f7xx_ll_usb.o

.debug_abbrev   0x0000000000000000     0x2e4b
 .debug_abbrev  0x0000000000000000      0x35c ./Core/Src/main.o
 .debug_abbrev  0x000000000000035c      0x244 ./Core/Src/ov5640.o
 .debug_abbrev  0x00000000000005a0       0xe9 ./Core/Src/ov5640_reg.o
 .debug_abbrev  0x0000000000000689      0x261 ./Core/Src/stm32f7xx_hal_msp.o
 .debug_abbrev  0x00000000000008ea      0x15f ./Core/Src/stm32f7xx_it.o
 .debug_abbrev  0x0000000000000a49      0x136 ./Core/Src/system_stm32f7xx.o
 .debug_abbrev  0x0000000000000b7f       0x12 ./Core/Startup/startup_stm32f767zitx.o
 .debug_abbrev  0x0000000000000b91      0x20d ./Drivers/STM32F7xx_HAL_Driver/Src/stm32f7xx_hal.o
 .debug_abbrev  0x0000000000000d9e      0x316 ./Drivers/STM32F7xx_HAL_Driver/Src/stm32f7xx_hal_cortex.o
 .debug_abbrev  0x00000000000010b4      0x230 ./Drivers/STM32F7xx_HAL_Driver/Src/stm32f7xx_hal_dcmi.o
 .debug_abbrev  0x00000000000012e4      0x25b ./Drivers/STM32F7xx_HAL_Driver/Src/stm32f7xx_hal_dma.o
 .debug_abbrev  0x000000000000153f      0x195 ./Drivers/STM32F7xx_HAL_Driver/Src/stm32f7xx_hal_dma_ex.o
 .debug_abbrev  0x00000000000016d4      0x1c4 ./Drivers/STM32F7xx_HAL_Driver/Src/stm32f7xx_hal_gpio.o
 .debug_abbrev  0x0000000000001898      0x243 ./Drivers/STM32F7xx_HAL_Driver/Src/stm32f7xx_hal_i2c.o
 .debug_abbrev  0x0000000000001adb      0x18e ./Drivers/STM32F7xx_HAL_Driver/Src/stm32f7xx_hal_i2c_ex.o
 .debug_abbrev  0x0000000000001c69      0x2d2 ./Drivers/STM32F7xx_HAL_Driver/Src/stm32f7xx_hal_pcd.o
 .debug_abbrev  0x0000000000001f3b      0x1bd ./Drivers/STM32F7xx_HAL_Driver/Src/stm32f7xx_hal_pcd_ex.o
 .debug_abbrev  0x00000000000020f8      0x1b8 ./Drivers/STM32F7xx_HAL_Driver/Src/stm32f7xx_hal_pwr.o
 .debug_abbrev  0x00000000000022b0      0x1cb ./Drivers/STM32F7xx_HAL_Driver/Src/stm32f7xx_hal_pwr_ex.o
 .debug_abbrev  0x000000000000247b      0x2d1 ./Drivers/STM32F7xx_HAL_Driver/Src/stm32f7xx_hal_rcc.o
 .debug_abbrev  0x000000000000274c      0x1b9 ./Drivers/STM32F7xx_HAL_Driver/Src/stm32f7xx_hal_rcc_ex.o
 .debug_abbrev  0x0000000000002905      0x2ce ./Drivers/STM32F7xx_HAL_Driver/Src/stm32f7xx_hal_uart.o
 .debug_abbrev  0x0000000000002bd3      0x278 ./Drivers/STM32F7xx_HAL_Driver/Src/stm32f7xx_ll_usb.o

.debug_aranges  0x0000000000000000     0x10c8
 .debug_aranges
                0x0000000000000000       0x80 ./Core/Src/main.o
 .debug_aranges
                0x0000000000000080       0xf0 ./Core/Src/ov5640.o
 .debug_aranges
                0x0000000000000170       0x28 ./Core/Src/ov5640_reg.o
 .debug_aranges
                0x0000000000000198       0x60 ./Core/Src/stm32f7xx_hal_msp.o
 .debug_aranges
                0x00000000000001f8       0x68 ./Core/Src/stm32f7xx_it.o
 .debug_aranges
                0x0000000000000260       0x28 ./Core/Src/system_stm32f7xx.o
 .debug_aranges
                0x0000000000000288       0x28 ./Core/Startup/startup_stm32f767zitx.o
 .debug_aranges
                0x00000000000002b0      0x110 ./Drivers/STM32F7xx_HAL_Driver/Src/stm32f7xx_hal.o
 .debug_aranges
                0x00000000000003c0      0x118 ./Drivers/STM32F7xx_HAL_Driver/Src/stm32f7xx_hal_cortex.o
 .debug_aranges
                0x00000000000004d8       0xc0 ./Drivers/STM32F7xx_HAL_Driver/Src/stm32f7xx_hal_dcmi.o
 .debug_aranges
                0x0000000000000598       0x90 ./Drivers/STM32F7xx_HAL_Driver/Src/stm32f7xx_hal_dma.o
 .debug_aranges
                0x0000000000000628       0x38 ./Drivers/STM32F7xx_HAL_Driver/Src/stm32f7xx_hal_dma_ex.o
 .debug_aranges
                0x0000000000000660       0x58 ./Drivers/STM32F7xx_HAL_Driver/Src/stm32f7xx_hal_gpio.o
 .debug_aranges
                0x00000000000006b8      0x290 ./Drivers/STM32F7xx_HAL_Driver/Src/stm32f7xx_hal_i2c.o
 .debug_aranges
                0x0000000000000948       0x38 ./Drivers/STM32F7xx_HAL_Driver/Src/stm32f7xx_hal_i2c_ex.o
 .debug_aranges
                0x0000000000000980      0x140 ./Drivers/STM32F7xx_HAL_Driver/Src/stm32f7xx_hal_pcd.o
 .debug_aranges
                0x0000000000000ac0       0x48 ./Drivers/STM32F7xx_HAL_Driver/Src/stm32f7xx_hal_pcd_ex.o
 .debug_aranges
                0x0000000000000b08       0xa0 ./Drivers/STM32F7xx_HAL_Driver/Src/stm32f7xx_hal_pwr.o
 .debug_aranges
                0x0000000000000ba8       0x80 ./Drivers/STM32F7xx_HAL_Driver/Src/stm32f7xx_hal_pwr_ex.o
 .debug_aranges
                0x0000000000000c28       0x88 ./Drivers/STM32F7xx_HAL_Driver/Src/stm32f7xx_hal_rcc.o
 .debug_aranges
                0x0000000000000cb0       0x50 ./Drivers/STM32F7xx_HAL_Driver/Src/stm32f7xx_hal_rcc_ex.o
 .debug_aranges
                0x0000000000000d00      0x230 ./Drivers/STM32F7xx_HAL_Driver/Src/stm32f7xx_hal_uart.o
 .debug_aranges
                0x0000000000000f30      0x198 ./Drivers/STM32F7xx_HAL_Driver/Src/stm32f7xx_ll_usb.o

.debug_ranges   0x0000000000000000      0xf90
 .debug_ranges  0x0000000000000000       0x70 ./Core/Src/main.o
 .debug_ranges  0x0000000000000070       0xe0 ./Core/Src/ov5640.o
 .debug_ranges  0x0000000000000150       0x18 ./Core/Src/ov5640_reg.o
 .debug_ranges  0x0000000000000168       0x50 ./Core/Src/stm32f7xx_hal_msp.o
 .debug_ranges  0x00000000000001b8       0x58 ./Core/Src/stm32f7xx_it.o
 .debug_ranges  0x0000000000000210       0x18 ./Core/Src/system_stm32f7xx.o
 .debug_ranges  0x0000000000000228       0x20 ./Core/Startup/startup_stm32f767zitx.o
 .debug_ranges  0x0000000000000248      0x100 ./Drivers/STM32F7xx_HAL_Driver/Src/stm32f7xx_hal.o
 .debug_ranges  0x0000000000000348      0x108 ./Drivers/STM32F7xx_HAL_Driver/Src/stm32f7xx_hal_cortex.o
 .debug_ranges  0x0000000000000450       0xb0 ./Drivers/STM32F7xx_HAL_Driver/Src/stm32f7xx_hal_dcmi.o
 .debug_ranges  0x0000000000000500       0x80 ./Drivers/STM32F7xx_HAL_Driver/Src/stm32f7xx_hal_dma.o
 .debug_ranges  0x0000000000000580       0x28 ./Drivers/STM32F7xx_HAL_Driver/Src/stm32f7xx_hal_dma_ex.o
 .debug_ranges  0x00000000000005a8       0x48 ./Drivers/STM32F7xx_HAL_Driver/Src/stm32f7xx_hal_gpio.o
 .debug_ranges  0x00000000000005f0      0x280 ./Drivers/STM32F7xx_HAL_Driver/Src/stm32f7xx_hal_i2c.o
 .debug_ranges  0x0000000000000870       0x28 ./Drivers/STM32F7xx_HAL_Driver/Src/stm32f7xx_hal_i2c_ex.o
 .debug_ranges  0x0000000000000898      0x130 ./Drivers/STM32F7xx_HAL_Driver/Src/stm32f7xx_hal_pcd.o
 .debug_ranges  0x00000000000009c8       0x38 ./Drivers/STM32F7xx_HAL_Driver/Src/stm32f7xx_hal_pcd_ex.o
 .debug_ranges  0x0000000000000a00       0x90 ./Drivers/STM32F7xx_HAL_Driver/Src/stm32f7xx_hal_pwr.o
 .debug_ranges  0x0000000000000a90       0x70 ./Drivers/STM32F7xx_HAL_Driver/Src/stm32f7xx_hal_pwr_ex.o
 .debug_ranges  0x0000000000000b00       0x78 ./Drivers/STM32F7xx_HAL_Driver/Src/stm32f7xx_hal_rcc.o
 .debug_ranges  0x0000000000000b78       0x40 ./Drivers/STM32F7xx_HAL_Driver/Src/stm32f7xx_hal_rcc_ex.o
 .debug_ranges  0x0000000000000bb8      0x250 ./Drivers/STM32F7xx_HAL_Driver/Src/stm32f7xx_hal_uart.o
 .debug_ranges  0x0000000000000e08      0x188 ./Drivers/STM32F7xx_HAL_Driver/Src/stm32f7xx_ll_usb.o

.debug_macro    0x0000000000000000    0x293bd
 .debug_macro   0x0000000000000000      0x30f ./Core/Src/main.o
 .debug_macro   0x000000000000030f      0xa90 ./Core/Src/main.o
 .debug_macro   0x0000000000000d9f      0x299 ./Core/Src/main.o
 .debug_macro   0x0000000000001038       0x2e ./Core/Src/main.o
 .debug_macro   0x0000000000001066       0x3b ./Core/Src/main.o
 .debug_macro   0x00000000000010a1       0x22 ./Core/Src/main.o
 .debug_macro   0x00000000000010c3       0x8e ./Core/Src/main.o
 .debug_macro   0x0000000000001151       0x51 ./Core/Src/main.o
 .debug_macro   0x00000000000011a2      0x103 ./Core/Src/main.o
 .debug_macro   0x00000000000012a5       0x6a ./Core/Src/main.o
 .debug_macro   0x000000000000130f      0x1df ./Core/Src/main.o
 .debug_macro   0x00000000000014ee       0x1c ./Core/Src/main.o
 .debug_macro   0x000000000000150a       0x22 ./Core/Src/main.o
 .debug_macro   0x000000000000152c       0xd9 ./Core/Src/main.o
 .debug_macro   0x0000000000001605     0x12cd ./Core/Src/main.o
 .debug_macro   0x00000000000028d2      0x11f ./Core/Src/main.o
 .debug_macro   0x00000000000029f1       0x19 ./Core/Src/main.o
 .debug_macro   0x0000000000002a0a    0x1a9dd ./Core/Src/main.o
 .debug_macro   0x000000000001d3e7       0x6d ./Core/Src/main.o
 .debug_macro   0x000000000001d454     0x3714 ./Core/Src/main.o
 .debug_macro   0x0000000000020b68      0x174 ./Core/Src/main.o
 .debug_macro   0x0000000000020cdc       0x63 ./Core/Src/main.o
 .debug_macro   0x0000000000020d3f     0x1add ./Core/Src/main.o
 .debug_macro   0x000000000002281c      0x6c4 ./Core/Src/main.o
 .debug_macro   0x0000000000022ee0      0x18b ./Core/Src/main.o
 .debug_macro   0x000000000002306b      0x115 ./Core/Src/main.o
 .debug_macro   0x0000000000023180      0x26e ./Core/Src/main.o
 .debug_macro   0x00000000000233ee       0xa5 ./Core/Src/main.o
 .debug_macro   0x0000000000023493      0x24f ./Core/Src/main.o
 .debug_macro   0x00000000000236e2       0x71 ./Core/Src/main.o
 .debug_macro   0x0000000000023753       0x58 ./Core/Src/main.o
 .debug_macro   0x00000000000237ab      0x236 ./Core/Src/main.o
 .debug_macro   0x00000000000239e1      0x22c ./Core/Src/main.o
 .debug_macro   0x0000000000023c0d      0x14e ./Core/Src/main.o
 .debug_macro   0x0000000000023d5b      0x3db ./Core/Src/main.o
 .debug_macro   0x0000000000024136       0x12 ./Core/Src/main.o
 .debug_macro   0x0000000000024148      0x22c ./Core/Src/main.o
 .debug_macro   0x0000000000024374       0x61 ./Core/Src/main.o
 .debug_macro   0x00000000000243d5       0xa5 ./Core/Src/main.o
 .debug_macro   0x000000000002447a      0x12e ./Core/Src/main.o
 .debug_macro   0x00000000000245a8      0x108 ./Core/Src/main.o
 .debug_macro   0x00000000000246b0       0x35 ./Core/Src/main.o
 .debug_macro   0x00000000000246e5      0x5a5 ./Core/Src/main.o
 .debug_macro   0x0000000000024c8a       0x44 ./Core/Src/main.o
 .debug_macro   0x0000000000024cce      0x256 ./Core/Src/main.o
 .debug_macro   0x0000000000024f24       0xba ./Core/Src/main.o
 .debug_macro   0x0000000000024fde      0x15b ./Core/Src/main.o
 .debug_macro   0x0000000000025139      0x154 ./Core/Src/main.o
 .debug_macro   0x000000000002528d      0xfed ./Core/Src/main.o
 .debug_macro   0x000000000002627a      0x159 ./Core/Src/main.o
 .debug_macro   0x00000000000263d3       0x52 ./Core/Src/main.o
 .debug_macro   0x0000000000026425       0x1d ./Core/Src/main.o
 .debug_macro   0x0000000000026442       0x3c ./Core/Src/main.o
 .debug_macro   0x000000000002647e       0x34 ./Core/Src/main.o
 .debug_macro   0x00000000000264b2       0x16 ./Core/Src/main.o
 .debug_macro   0x00000000000264c8       0x43 ./Core/Src/main.o
 .debug_macro   0x000000000002650b       0x34 ./Core/Src/main.o
 .debug_macro   0x000000000002653f       0x10 ./Core/Src/main.o
 .debug_macro   0x000000000002654f       0x58 ./Core/Src/main.o
 .debug_macro   0x00000000000265a7       0x71 ./Core/Src/main.o
 .debug_macro   0x0000000000026618       0x1c ./Core/Src/main.o
 .debug_macro   0x0000000000026634      0x12a ./Core/Src/main.o
 .debug_macro   0x000000000002675e      0x341 ./Core/Src/main.o
 .debug_macro   0x0000000000026a9f       0x10 ./Core/Src/main.o
 .debug_macro   0x0000000000026aaf       0x35 ./Core/Src/main.o
 .debug_macro   0x0000000000026ae4       0x20 ./Core/Src/main.o
 .debug_macro   0x0000000000026b04       0x22 ./Core/Src/main.o
 .debug_macro   0x0000000000026b26       0x9d ./Core/Src/ov5640.o
 .debug_macro   0x0000000000026bc3       0x85 ./Core/Src/ov5640_reg.o
 .debug_macro   0x0000000000026c48      0x20c ./Core/Src/stm32f7xx_hal_msp.o
 .debug_macro   0x0000000000026e54      0x216 ./Core/Src/stm32f7xx_it.o
 .debug_macro   0x000000000002706a      0x1fd ./Core/Src/system_stm32f7xx.o
 .debug_macro   0x0000000000027267      0x221 ./Drivers/STM32F7xx_HAL_Driver/Src/stm32f7xx_hal.o
 .debug_macro   0x0000000000027488      0x1fd ./Drivers/STM32F7xx_HAL_Driver/Src/stm32f7xx_hal_cortex.o
 .debug_macro   0x0000000000027685      0x204 ./Drivers/STM32F7xx_HAL_Driver/Src/stm32f7xx_hal_dcmi.o
 .debug_macro   0x0000000000027889      0x203 ./Drivers/STM32F7xx_HAL_Driver/Src/stm32f7xx_hal_dma.o
 .debug_macro   0x0000000000027a8c      0x1fd ./Drivers/STM32F7xx_HAL_Driver/Src/stm32f7xx_hal_dma_ex.o
 .debug_macro   0x0000000000027c89      0x203 ./Drivers/STM32F7xx_HAL_Driver/Src/stm32f7xx_hal_gpio.o
 .debug_macro   0x0000000000027e8c      0x2c9 ./Drivers/STM32F7xx_HAL_Driver/Src/stm32f7xx_hal_i2c.o
 .debug_macro   0x0000000000028155      0x1fd ./Drivers/STM32F7xx_HAL_Driver/Src/stm32f7xx_hal_i2c_ex.o
 .debug_macro   0x0000000000028352      0x209 ./Drivers/STM32F7xx_HAL_Driver/Src/stm32f7xx_hal_pcd.o
 .debug_macro   0x000000000002855b      0x1fd ./Drivers/STM32F7xx_HAL_Driver/Src/stm32f7xx_hal_pcd_ex.o
 .debug_macro   0x0000000000028758      0x21b ./Drivers/STM32F7xx_HAL_Driver/Src/stm32f7xx_hal_pwr.o
 .debug_macro   0x0000000000028973      0x215 ./Drivers/STM32F7xx_HAL_Driver/Src/stm32f7xx_hal_pwr_ex.o
 .debug_macro   0x0000000000028b88      0x221 ./Drivers/STM32F7xx_HAL_Driver/Src/stm32f7xx_hal_rcc.o
 .debug_macro   0x0000000000028da9      0x1fd ./Drivers/STM32F7xx_HAL_Driver/Src/stm32f7xx_hal_rcc_ex.o
 .debug_macro   0x0000000000028fa6      0x21a ./Drivers/STM32F7xx_HAL_Driver/Src/stm32f7xx_hal_uart.o
 .debug_macro   0x00000000000291c0      0x1fd ./Drivers/STM32F7xx_HAL_Driver/Src/stm32f7xx_ll_usb.o

.debug_line     0x0000000000000000    0x1604b
 .debug_line    0x0000000000000000      0xba0 ./Core/Src/main.o
 .debug_line    0x0000000000000ba0     0x10cd ./Core/Src/ov5640.o
 .debug_line    0x0000000000001c6d      0x3f5 ./Core/Src/ov5640_reg.o
 .debug_line    0x0000000000002062      0x909 ./Core/Src/stm32f7xx_hal_msp.o
 .debug_line    0x000000000000296b      0x7eb ./Core/Src/stm32f7xx_it.o
 .debug_line    0x0000000000003156      0x790 ./Core/Src/system_stm32f7xx.o
 .debug_line    0x00000000000038e6       0x88 ./Core/Startup/startup_stm32f767zitx.o
 .debug_line    0x000000000000396e      0xa51 ./Drivers/STM32F7xx_HAL_Driver/Src/stm32f7xx_hal.o
 .debug_line    0x00000000000043bf      0xca7 ./Drivers/STM32F7xx_HAL_Driver/Src/stm32f7xx_hal_cortex.o
 .debug_line    0x0000000000005066      0xe45 ./Drivers/STM32F7xx_HAL_Driver/Src/stm32f7xx_hal_dcmi.o
 .debug_line    0x0000000000005eab      0xf70 ./Drivers/STM32F7xx_HAL_Driver/Src/stm32f7xx_hal_dma.o
 .debug_line    0x0000000000006e1b     0x1363 ./Drivers/STM32F7xx_HAL_Driver/Src/stm32f7xx_hal_dma_ex.o
 .debug_line    0x000000000000817e      0xb95 ./Drivers/STM32F7xx_HAL_Driver/Src/stm32f7xx_hal_gpio.o
 .debug_line    0x0000000000008d13     0x33c6 ./Drivers/STM32F7xx_HAL_Driver/Src/stm32f7xx_hal_i2c.o
 .debug_line    0x000000000000c0d9      0x84c ./Drivers/STM32F7xx_HAL_Driver/Src/stm32f7xx_hal_i2c_ex.o
 .debug_line    0x000000000000c925     0x133d ./Drivers/STM32F7xx_HAL_Driver/Src/stm32f7xx_hal_pcd.o
 .debug_line    0x000000000000dc62      0x822 ./Drivers/STM32F7xx_HAL_Driver/Src/stm32f7xx_hal_pcd_ex.o
 .debug_line    0x000000000000e484      0x925 ./Drivers/STM32F7xx_HAL_Driver/Src/stm32f7xx_hal_pwr.o
 .debug_line    0x000000000000eda9      0x996 ./Drivers/STM32F7xx_HAL_Driver/Src/stm32f7xx_hal_pwr_ex.o
 .debug_line    0x000000000000f73f      0xe93 ./Drivers/STM32F7xx_HAL_Driver/Src/stm32f7xx_hal_rcc.o
 .debug_line    0x00000000000105d2      0xe6f ./Drivers/STM32F7xx_HAL_Driver/Src/stm32f7xx_hal_rcc_ex.o
 .debug_line    0x0000000000011441     0x322a ./Drivers/STM32F7xx_HAL_Driver/Src/stm32f7xx_hal_uart.o
 .debug_line    0x000000000001466b     0x19e0 ./Drivers/STM32F7xx_HAL_Driver/Src/stm32f7xx_ll_usb.o

.debug_str      0x0000000000000000    0xfa25c
 .debug_str     0x0000000000000000    0xf5df3 ./Core/Src/main.o
                                      0xf6755 (size before relaxing)
 .debug_str     0x00000000000f5df3      0x44b ./Core/Src/ov5640.o
                                       0x957d (size before relaxing)
 .debug_str     0x00000000000f623e       0x1f ./Core/Src/ov5640_reg.o
                                       0x8655 (size before relaxing)
 .debug_str     0x00000000000f625d      0x37c ./Core/Src/stm32f7xx_hal_msp.o
                                      0xee8bc (size before relaxing)
 .debug_str     0x00000000000f65d9       0xf4 ./Core/Src/stm32f7xx_it.o
                                      0xed9f2 (size before relaxing)
 .debug_str     0x00000000000f66cd      0x1a4 ./Core/Src/system_stm32f7xx.o
                                      0xed417 (size before relaxing)
 .debug_str     0x00000000000f6871       0x36 ./Core/Startup/startup_stm32f767zitx.o
                                         0x79 (size before relaxing)
 .debug_str     0x00000000000f68a7      0x447 ./Drivers/STM32F7xx_HAL_Driver/Src/stm32f7xx_hal.o
                                      0xede57 (size before relaxing)
 .debug_str     0x00000000000f6cee      0x326 ./Drivers/STM32F7xx_HAL_Driver/Src/stm32f7xx_hal_cortex.o
                                      0xede07 (size before relaxing)
 .debug_str     0x00000000000f7014      0x271 ./Drivers/STM32F7xx_HAL_Driver/Src/stm32f7xx_hal_dcmi.o
                                      0xed951 (size before relaxing)
 .debug_str     0x00000000000f7285      0x2c4 ./Drivers/STM32F7xx_HAL_Driver/Src/stm32f7xx_hal_dma.o
                                      0xed756 (size before relaxing)
 .debug_str     0x00000000000f7549       0x98 ./Drivers/STM32F7xx_HAL_Driver/Src/stm32f7xx_hal_dma_ex.o
                                      0xed505 (size before relaxing)
 .debug_str     0x00000000000f75e1      0x105 ./Drivers/STM32F7xx_HAL_Driver/Src/stm32f7xx_hal_gpio.o
                                      0xed4d5 (size before relaxing)
 .debug_str     0x00000000000f76e6      0xd55 ./Drivers/STM32F7xx_HAL_Driver/Src/stm32f7xx_hal_i2c.o
                                      0xee5ee (size before relaxing)
 .debug_str     0x00000000000f843b       0x89 ./Drivers/STM32F7xx_HAL_Driver/Src/stm32f7xx_hal_i2c_ex.o
                                      0xed8bd (size before relaxing)
 .debug_str     0x00000000000f84c4      0x80b ./Drivers/STM32F7xx_HAL_Driver/Src/stm32f7xx_hal_pcd.o
                                      0xeddea (size before relaxing)
 .debug_str     0x00000000000f8ccf      0x12d ./Drivers/STM32F7xx_HAL_Driver/Src/stm32f7xx_hal_pcd_ex.o
                                      0xed70d (size before relaxing)
 .debug_str     0x00000000000f8dfc      0x2ac ./Drivers/STM32F7xx_HAL_Driver/Src/stm32f7xx_hal_pwr.o
                                      0xed6b8 (size before relaxing)
 .debug_str     0x00000000000f90a8      0x1bd ./Drivers/STM32F7xx_HAL_Driver/Src/stm32f7xx_hal_pwr_ex.o
                                      0xed686 (size before relaxing)
 .debug_str     0x00000000000f9265      0x241 ./Drivers/STM32F7xx_HAL_Driver/Src/stm32f7xx_hal_rcc.o
                                      0xed792 (size before relaxing)
 .debug_str     0x00000000000f94a6      0x147 ./Drivers/STM32F7xx_HAL_Driver/Src/stm32f7xx_hal_rcc_ex.o
                                      0xed6f5 (size before relaxing)
 .debug_str     0x00000000000f95ed      0x82b ./Drivers/STM32F7xx_HAL_Driver/Src/stm32f7xx_hal_uart.o
                                      0xee0b8 (size before relaxing)
 .debug_str     0x00000000000f9e18      0x444 ./Drivers/STM32F7xx_HAL_Driver/Src/stm32f7xx_ll_usb.o
                                      0xedc73 (size before relaxing)

.comment        0x0000000000000000       0x50
 .comment       0x0000000000000000       0x50 ./Core/Src/main.o
                                         0x51 (size before relaxing)
 .comment       0x0000000000000050       0x51 ./Core/Src/ov5640.o
 .comment       0x0000000000000050       0x51 ./Core/Src/ov5640_reg.o
 .comment       0x0000000000000050       0x51 ./Core/Src/stm32f7xx_hal_msp.o
 .comment       0x0000000000000050       0x51 ./Core/Src/stm32f7xx_it.o
 .comment       0x0000000000000050       0x51 ./Core/Src/system_stm32f7xx.o
 .comment       0x0000000000000050       0x51 ./Drivers/STM32F7xx_HAL_Driver/Src/stm32f7xx_hal.o
 .comment       0x0000000000000050       0x51 ./Drivers/STM32F7xx_HAL_Driver/Src/stm32f7xx_hal_cortex.o
 .comment       0x0000000000000050       0x51 ./Drivers/STM32F7xx_HAL_Driver/Src/stm32f7xx_hal_dcmi.o
 .comment       0x0000000000000050       0x51 ./Drivers/STM32F7xx_HAL_Driver/Src/stm32f7xx_hal_dma.o
 .comment       0x0000000000000050       0x51 ./Drivers/STM32F7xx_HAL_Driver/Src/stm32f7xx_hal_dma_ex.o
 .comment       0x0000000000000050       0x51 ./Drivers/STM32F7xx_HAL_Driver/Src/stm32f7xx_hal_gpio.o
 .comment       0x0000000000000050       0x51 ./Drivers/STM32F7xx_HAL_Driver/Src/stm32f7xx_hal_i2c.o
 .comment       0x0000000000000050       0x51 ./Drivers/STM32F7xx_HAL_Driver/Src/stm32f7xx_hal_i2c_ex.o
 .comment       0x0000000000000050       0x51 ./Drivers/STM32F7xx_HAL_Driver/Src/stm32f7xx_hal_pcd.o
 .comment       0x0000000000000050       0x51 ./Drivers/STM32F7xx_HAL_Driver/Src/stm32f7xx_hal_pcd_ex.o
 .comment       0x0000000000000050       0x51 ./Drivers/STM32F7xx_HAL_Driver/Src/stm32f7xx_hal_pwr.o
 .comment       0x0000000000000050       0x51 ./Drivers/STM32F7xx_HAL_Driver/Src/stm32f7xx_hal_pwr_ex.o
 .comment       0x0000000000000050       0x51 ./Drivers/STM32F7xx_HAL_Driver/Src/stm32f7xx_hal_rcc.o
 .comment       0x0000000000000050       0x51 ./Drivers/STM32F7xx_HAL_Driver/Src/stm32f7xx_hal_rcc_ex.o
 .comment       0x0000000000000050       0x51 ./Drivers/STM32F7xx_HAL_Driver/Src/stm32f7xx_hal_uart.o
 .comment       0x0000000000000050       0x51 ./Drivers/STM32F7xx_HAL_Driver/Src/stm32f7xx_ll_usb.o

.debug_frame    0x0000000000000000     0x45bc
 .debug_frame   0x0000000000000000      0x1b0 ./Core/Src/main.o
 .debug_frame   0x00000000000001b0      0x400 ./Core/Src/ov5640.o
 .debug_frame   0x00000000000005b0       0x60 ./Core/Src/ov5640_reg.o
 .debug_frame   0x0000000000000610      0x164 ./Core/Src/stm32f7xx_hal_msp.o
 .debug_frame   0x0000000000000774      0x120 ./Core/Src/stm32f7xx_it.o
 .debug_frame   0x0000000000000894       0x58 ./Core/Src/system_stm32f7xx.o
 .debug_frame   0x00000000000008ec      0x3f4 ./Drivers/STM32F7xx_HAL_Driver/Src/stm32f7xx_hal.o
 .debug_frame   0x0000000000000ce0      0x498 ./Drivers/STM32F7xx_HAL_Driver/Src/stm32f7xx_hal_cortex.o
 .debug_frame   0x0000000000001178      0x348 ./Drivers/STM32F7xx_HAL_Driver/Src/stm32f7xx_hal_dcmi.o
 .debug_frame   0x00000000000014c0      0x250 ./Drivers/STM32F7xx_HAL_Driver/Src/stm32f7xx_hal_dma.o
 .debug_frame   0x0000000000001710       0xac ./Drivers/STM32F7xx_HAL_Driver/Src/stm32f7xx_hal_dma_ex.o
 .debug_frame   0x00000000000017bc      0x14c ./Drivers/STM32F7xx_HAL_Driver/Src/stm32f7xx_hal_gpio.o
 .debug_frame   0x0000000000001908      0xbe8 ./Drivers/STM32F7xx_HAL_Driver/Src/stm32f7xx_hal_i2c.o
 .debug_frame   0x00000000000024f0       0xb0 ./Drivers/STM32F7xx_HAL_Driver/Src/stm32f7xx_hal_i2c_ex.o
 .debug_frame   0x00000000000025a0      0x59c ./Drivers/STM32F7xx_HAL_Driver/Src/stm32f7xx_hal_pcd.o
 .debug_frame   0x0000000000002b3c      0x100 ./Drivers/STM32F7xx_HAL_Driver/Src/stm32f7xx_hal_pcd_ex.o
 .debug_frame   0x0000000000002c3c      0x254 ./Drivers/STM32F7xx_HAL_Driver/Src/stm32f7xx_hal_pwr.o
 .debug_frame   0x0000000000002e90      0x1c8 ./Drivers/STM32F7xx_HAL_Driver/Src/stm32f7xx_hal_pwr_ex.o
 .debug_frame   0x0000000000003058      0x1f8 ./Drivers/STM32F7xx_HAL_Driver/Src/stm32f7xx_hal_rcc.o
 .debug_frame   0x0000000000003250      0x118 ./Drivers/STM32F7xx_HAL_Driver/Src/stm32f7xx_hal_rcc_ex.o
 .debug_frame   0x0000000000003368      0xa10 ./Drivers/STM32F7xx_HAL_Driver/Src/stm32f7xx_hal_uart.o
 .debug_frame   0x0000000000003d78      0x798 ./Drivers/STM32F7xx_HAL_Driver/Src/stm32f7xx_ll_usb.o
 .debug_frame   0x0000000000004510       0x2c c:/st/stm32cubeide_1.9.0/stm32cubeide/plugins/com.st.stm32cube.ide.mcu.externaltools.gnu-tools-for-stm32.10.3-2021.10.win32_1.0.0.202111181127/tools/bin/../lib/gcc/arm-none-eabi/10.3.1/../../../../arm-none-eabi/lib/thumb/v7e-m+dp/hard\libc_nano.a(lib_a-init.o)
 .debug_frame   0x000000000000453c       0x20 c:/st/stm32cubeide_1.9.0/stm32cubeide/plugins/com.st.stm32cube.ide.mcu.externaltools.gnu-tools-for-stm32.10.3-2021.10.win32_1.0.0.202111181127/tools/bin/../lib/gcc/arm-none-eabi/10.3.1/../../../../arm-none-eabi/lib/thumb/v7e-m+dp/hard\libc_nano.a(lib_a-memset.o)
 .debug_frame   0x000000000000455c       0x2c c:/st/stm32cubeide_1.9.0/stm32cubeide/plugins/com.st.stm32cube.ide.mcu.externaltools.gnu-tools-for-stm32.10.3-2021.10.win32_1.0.0.202111181127/tools/bin/../lib/gcc/arm-none-eabi/10.3.1/thumb/v7e-m+dp/hard\libgcc.a(_aeabi_uldivmod.o)
 .debug_frame   0x0000000000004588       0x34 c:/st/stm32cubeide_1.9.0/stm32cubeide/plugins/com.st.stm32cube.ide.mcu.externaltools.gnu-tools-for-stm32.10.3-2021.10.win32_1.0.0.202111181127/tools/bin/../lib/gcc/arm-none-eabi/10.3.1/thumb/v7e-m+dp/hard\libgcc.a(_udivmoddi4.o)
