../Drivers/CMSIS/Include/core_cm7.h:2229:22:SCB_EnableICache	4	static,ignoring_inline_asm
../Drivers/CMSIS/Include/core_cm7.h:2281:22:SCB_EnableDCache	24	static,ignoring_inline_asm
../Core/Src/main.c:71:5:main	8	static
../Core/Src/main.c:127:6:SystemClock_Config	88	static
../Core/Src/main.c:185:13:MX_USART3_UART_Init	8	static
../Core/Src/main.c:220:13:MX_USB_OTG_FS_PCD_Init	8	static
../Core/Src/main.c:255:13:MX_GPIO_Init	56	static
../Core/Src/main.c:307:6:MPU_Config	24	static
../Core/Src/main.c:338:6:Error_Handler	4	static,ignoring_inline_asm
