../Core/Src/main.c:77:6:HAL_UART_TxCpltCallback	16	static
../Core/Src/main.c:85:9:OV5640_WriteReg	40	static
../Core/Src/main.c:93:9:OV5640_ReadReg	40	static
../Core/Src/main.c:101:6:OV5640_Powerup	8	static
../Core/Src/main.c:116:5:main	40	static
../Core/Src/main.c:226:6:SystemClock_Config	88	static
../Core/Src/main.c:274:13:MX_DCMI_Init	8	static
../Core/Src/main.c:311:13:MX_I2C2_Init	8	static
../Core/Src/main.c:345:13:MX_USART2_UART_Init	8	static
../Core/Src/main.c:376:13:MX_DMA_Init	16	static
../Core/Src/main.c:398:13:MX_GPIO_Init	48	static
../Core/Src/main.c:444:6:Error_Handler	4	static,ignoring_inline_asm
