../LWIP/Target/ethernetif.c:303:14:low_level_output	48	static
../LWIP/Target/ethernetif.c:85:6:HAL_ETH_MspInit	72	static
../LWIP/Target/ethernetif.c:145:6:HAL_ETH_MspDeInit	8	static
../LWIP/Target/ethernetif.c:476:6:ethernetif_input	48	static
../LWIP/Target/ethernetif.c:531:7:ethernetif_init	32	static
../LWIP/Target/ethernetif.c:578:7:sys_jiffies	0	static
../LWIP/Target/ethernetif.c:589:7:sys_now	0	static
../LWIP/Target/ethernetif.c:605:6:ethernetif_set_link	24	static
../LWIP/Target/ethernetif.c:731:13:ethernetif_notify_conn_changed	0	static
../LWIP/Target/ethernetif.c:643:6:ethernetif_update_config	24	static
