Archive member included to satisfy reference by file (symbol)

c:/st/stm32cubeide_1.9.0/stm32cubeide/plugins/com.st.stm32cube.ide.mcu.externaltools.gnu-tools-for-stm32.10.3-2021.10.win32_1.0.0.202111181127/tools/bin/../lib/gcc/arm-none-eabi/10.3.1/../../../../arm-none-eabi/lib/thumb/v7e-m+dp/hard\libc_nano.a(lib_a-atoi.o)
                              ./Middlewares/Third_Party/LwIP/src/core/netif.o (atoi)
c:/st/stm32cubeide_1.9.0/stm32cubeide/plugins/com.st.stm32cube.ide.mcu.externaltools.gnu-tools-for-stm32.10.3-2021.10.win32_1.0.0.202111181127/tools/bin/../lib/gcc/arm-none-eabi/10.3.1/../../../../arm-none-eabi/lib/thumb/v7e-m+dp/hard\libc_nano.a(lib_a-ctype_.o)
                              ./Middlewares/Third_Party/LwIP/src/core/ipv4/ip4_addr.o (_ctype_)
c:/st/stm32cubeide_1.9.0/stm32cubeide/plugins/com.st.stm32cube.ide.mcu.externaltools.gnu-tools-for-stm32.10.3-2021.10.win32_1.0.0.202111181127/tools/bin/../lib/gcc/arm-none-eabi/10.3.1/../../../../arm-none-eabi/lib/thumb/v7e-m+dp/hard\libc_nano.a(lib_a-exit.o)
                              c:/st/stm32cubeide_1.9.0/stm32cubeide/plugins/com.st.stm32cube.ide.mcu.externaltools.gnu-tools-for-stm32.10.3-2021.10.win32_1.0.0.202111181127/tools/bin/../lib/gcc/arm-none-eabi/10.3.1/../../../../arm-none-eabi/lib/thumb/v7e-m+dp/hard/crt0.o (exit)
c:/st/stm32cubeide_1.9.0/stm32cubeide/plugins/com.st.stm32cube.ide.mcu.externaltools.gnu-tools-for-stm32.10.3-2021.10.win32_1.0.0.202111181127/tools/bin/../lib/gcc/arm-none-eabi/10.3.1/../../../../arm-none-eabi/lib/thumb/v7e-m+dp/hard\libc_nano.a(lib_a-impure.o)
                              c:/st/stm32cubeide_1.9.0/stm32cubeide/plugins/com.st.stm32cube.ide.mcu.externaltools.gnu-tools-for-stm32.10.3-2021.10.win32_1.0.0.202111181127/tools/bin/../lib/gcc/arm-none-eabi/10.3.1/../../../../arm-none-eabi/lib/thumb/v7e-m+dp/hard\libc_nano.a(lib_a-exit.o) (_global_impure_ptr)
c:/st/stm32cubeide_1.9.0/stm32cubeide/plugins/com.st.stm32cube.ide.mcu.externaltools.gnu-tools-for-stm32.10.3-2021.10.win32_1.0.0.202111181127/tools/bin/../lib/gcc/arm-none-eabi/10.3.1/../../../../arm-none-eabi/lib/thumb/v7e-m+dp/hard\libc_nano.a(lib_a-init.o)
                              c:/st/stm32cubeide_1.9.0/stm32cubeide/plugins/com.st.stm32cube.ide.mcu.externaltools.gnu-tools-for-stm32.10.3-2021.10.win32_1.0.0.202111181127/tools/bin/../lib/gcc/arm-none-eabi/10.3.1/../../../../arm-none-eabi/lib/thumb/v7e-m+dp/hard/crt0.o (__libc_init_array)
c:/st/stm32cubeide_1.9.0/stm32cubeide/plugins/com.st.stm32cube.ide.mcu.externaltools.gnu-tools-for-stm32.10.3-2021.10.win32_1.0.0.202111181127/tools/bin/../lib/gcc/arm-none-eabi/10.3.1/../../../../arm-none-eabi/lib/thumb/v7e-m+dp/hard\libc_nano.a(lib_a-memcmp.o)
                              ./Middlewares/Third_Party/LwIP/src/netif/bridgeif_fdb.o (memcmp)
c:/st/stm32cubeide_1.9.0/stm32cubeide/plugins/com.st.stm32cube.ide.mcu.externaltools.gnu-tools-for-stm32.10.3-2021.10.win32_1.0.0.202111181127/tools/bin/../lib/gcc/arm-none-eabi/10.3.1/../../../../arm-none-eabi/lib/thumb/v7e-m+dp/hard\libc_nano.a(lib_a-memcpy-stub.o)
                              ./LWIP/Target/ethernetif.o (memcpy)
c:/st/stm32cubeide_1.9.0/stm32cubeide/plugins/com.st.stm32cube.ide.mcu.externaltools.gnu-tools-for-stm32.10.3-2021.10.win32_1.0.0.202111181127/tools/bin/../lib/gcc/arm-none-eabi/10.3.1/../../../../arm-none-eabi/lib/thumb/v7e-m+dp/hard\libc_nano.a(lib_a-memmove.o)
                              ./Middlewares/Third_Party/LwIP/src/core/def.o (memmove)
c:/st/stm32cubeide_1.9.0/stm32cubeide/plugins/com.st.stm32cube.ide.mcu.externaltools.gnu-tools-for-stm32.10.3-2021.10.win32_1.0.0.202111181127/tools/bin/../lib/gcc/arm-none-eabi/10.3.1/../../../../arm-none-eabi/lib/thumb/v7e-m+dp/hard\libc_nano.a(lib_a-memset.o)
                              c:/st/stm32cubeide_1.9.0/stm32cubeide/plugins/com.st.stm32cube.ide.mcu.externaltools.gnu-tools-for-stm32.10.3-2021.10.win32_1.0.0.202111181127/tools/bin/../lib/gcc/arm-none-eabi/10.3.1/../../../../arm-none-eabi/lib/thumb/v7e-m+dp/hard/crt0.o (memset)
c:/st/stm32cubeide_1.9.0/stm32cubeide/plugins/com.st.stm32cube.ide.mcu.externaltools.gnu-tools-for-stm32.10.3-2021.10.win32_1.0.0.202111181127/tools/bin/../lib/gcc/arm-none-eabi/10.3.1/../../../../arm-none-eabi/lib/thumb/v7e-m+dp/hard\libc_nano.a(lib_a-printf.o)
                              ./LWIP/Target/ethernetif.o (printf)
c:/st/stm32cubeide_1.9.0/stm32cubeide/plugins/com.st.stm32cube.ide.mcu.externaltools.gnu-tools-for-stm32.10.3-2021.10.win32_1.0.0.202111181127/tools/bin/../lib/gcc/arm-none-eabi/10.3.1/../../../../arm-none-eabi/lib/thumb/v7e-m+dp/hard\libc_nano.a(lib_a-rand.o)
                              ./Middlewares/Third_Party/LwIP/src/core/tcp.o (rand)
c:/st/stm32cubeide_1.9.0/stm32cubeide/plugins/com.st.stm32cube.ide.mcu.externaltools.gnu-tools-for-stm32.10.3-2021.10.win32_1.0.0.202111181127/tools/bin/../lib/gcc/arm-none-eabi/10.3.1/../../../../arm-none-eabi/lib/thumb/v7e-m+dp/hard\libc_nano.a(lib_a-reent.o)
[...]
Memory Configuration

Name             Origin             Length             Attributes
RAM              0x0000000020000000 0x0000000000080000 xrw
FLASH            0x0000000008000000 0x0000000000200000 xr
*default*        0x0000000000000000 0xffffffffffffffff

Linker script and memory map

LOAD c:/st/stm32cubeide_1.9.0/stm32cubeide/plugins/com.st.stm32cube.ide.mcu.externaltools.gnu-tools-for-stm32.10.3-2021.10.win32_1.0.0.202111181127/tools/bin/../lib/gcc/arm-none-eabi/10.3.1/thumb/v7e-m+dp/hard/crti.o
LOAD c:/st/stm32cubeide_1.9.0/stm32cubeide/plugins/com.st.stm32cube.ide.mcu.externaltools.gnu-tools-for-stm32.10.3-2021.10.win32_1.0.0.202111181127/tools/bin/../lib/gcc/arm-none-eabi/10.3.1/thumb/v7e-m+dp/hard/crtbegin.o
LOAD c:/st/stm32cubeide_1.9.0/stm32cubeide/plugins/com.st.stm32cube.ide.mcu.externaltools.gnu-tools-for-stm32.10.3-2021.10.win32_1.0.0.202111181127/tools/bin/../lib/gcc/arm-none-eabi/10.3.1/../../../../arm-none-eabi/lib/thumb/v7e-m+dp/hard/crt0.o
LOAD ./Core/Src/main.o
LOAD ./Core/Src/stm32f7xx_hal_msp.o
LOAD ./Core/Src/stm32f7xx_it.o
LOAD ./Core/Src/syscalls.o
LOAD ./Core/Src/sysmem.o
LOAD ./Core/Src/system_stm32f7xx.o
LOAD ./Core/Src/udpServerRAW.o
LOAD ./Core/Startup/startup_stm32f767zitx.o
LOAD ./Drivers/STM32F7xx_HAL_Driver/Src/stm32f7xx_hal.o
LOAD ./Drivers/STM32F7xx_HAL_Driver/Src/stm32f7xx_hal_cortex.o
LOAD ./Drivers/STM32F7xx_HAL_Driver/Src/stm32f7xx_hal_dma.o
LOAD ./Drivers/STM32F7xx_HAL_Driver/Src/stm32f7xx_hal_dma_ex.o
LOAD ./Drivers/STM32F7xx_HAL_Driver/Src/stm32f7xx_hal_eth.o
LOAD ./Drivers/STM32F7xx_HAL_Driver/Src/stm32f7xx_hal_exti.o
LOAD ./Drivers/STM32F7xx_HAL_Driver/Src/stm32f7xx_hal_flash.o
LOAD ./Drivers/STM32F7xx_HAL_Driver/Src/stm32f7xx_hal_flash_ex.o
LOAD ./Drivers/STM32F7xx_HAL_Driver/Src/stm32f7xx_hal_gpio.o
LOAD ./Drivers/STM32F7xx_HAL_Driver/Src/stm32f7xx_hal_i2c.o
LOAD ./Drivers/STM32F7xx_HAL_Driver/Src/stm32f7xx_hal_i2c_ex.o
LOAD ./Drivers/STM32F7xx_HAL_Driver/Src/stm32f7xx_hal_pcd.o
LOAD ./Drivers/STM32F7xx_HAL_Driver/Src/stm32f7xx_hal_pcd_ex.o
LOAD ./Drivers/STM32F7xx_HAL_Driver/Src/stm32f7xx_hal_pwr.o
LOAD ./Drivers/STM32F7xx_HAL_Driver/Src/stm32f7xx_hal_pwr_ex.o
LOAD ./Drivers/STM32F7xx_HAL_Driver/Src/stm32f7xx_hal_rcc.o
LOAD ./Drivers/STM32F7xx_HAL_Driver/Src/stm32f7xx_hal_rcc_ex.o
LOAD ./Drivers/STM32F7xx_HAL_Driver/Src/stm32f7xx_hal_tim.o
LOAD ./Drivers/STM32F7xx_HAL_Driver/Src/stm32f7xx_hal_tim_ex.o
LOAD ./Drivers/STM32F7xx_HAL_Driver/Src/stm32f7xx_hal_uart.o
LOAD ./Drivers/STM32F7xx_HAL_Driver/Src/stm32f7xx_hal_uart_ex.o
LOAD ./Drivers/STM32F7xx_HAL_Driver/Src/stm32f7xx_ll_usb.o
LOAD ./LWIP/App/lwip.o
LOAD ./LWIP/Target/ethernetif.o
LOAD ./Middlewares/Third_Party/LwIP/src/api/api_lib.o
LOAD ./Middlewares/Third_Party/LwIP/src/api/api_msg.o
LOAD ./Middlewares/Third_Party/LwIP/src/api/err.o
LOAD ./Middlewares/Third_Party/LwIP/src/api/if_api.o
LOAD ./Middlewares/Third_Party/LwIP/src/api/netbuf.o
LOAD ./Middlewares/Third_Party/LwIP/src/api/netdb.o
LOAD ./Middlewares/Third_Party/LwIP/src/api/netifapi.o
LOAD ./Middlewares/Third_Party/LwIP/src/api/sockets.o
LOAD ./Middlewares/Third_Party/LwIP/src/api/tcpip.o
LOAD ./Middlewares/Third_Party/LwIP/src/apps/mqtt/mqtt.o
LOAD ./Middlewares/Third_Party/LwIP/src/core/altcp.o
LOAD ./Middlewares/Third_Party/LwIP/src/core/altcp_alloc.o
LOAD ./Middlewares/Third_Party/LwIP/src/core/altcp_tcp.o
LOAD ./Middlewares/Third_Party/LwIP/src/core/def.o
LOAD ./Middlewares/Third_Party/LwIP/src/core/dns.o
LOAD ./Middlewares/Third_Party/LwIP/src/core/inet_chksum.o
LOAD ./Middlewares/Third_Party/LwIP/src/core/init.o
LOAD ./Middlewares/Third_Party/LwIP/src/core/ip.o
LOAD ./Middlewares/Third_Party/LwIP/src/core/mem.o
LOAD ./Middlewares/Third_Party/LwIP/src/core/memp.o
LOAD ./Middlewares/Third_Party/LwIP/src/core/netif.o
LOAD ./Middlewares/Third_Party/LwIP/src/core/pbuf.o
LOAD ./Middlewares/Third_Party/LwIP/src/core/raw.o
LOAD ./Middlewares/Third_Party/LwIP/src/core/stats.o
LOAD ./Middlewares/Third_Party/LwIP/src/core/sys.o
LOAD ./Middlewares/Third_Party/LwIP/src/core/tcp.o
LOAD ./Middlewares/Third_Party/LwIP/src/core/tcp_in.o
LOAD ./Middlewares/Third_Party/LwIP/src/core/tcp_out.o
LOAD ./Middlewares/Third_Party/LwIP/src/core/timeouts.o
LOAD ./Middlewares/Third_Party/LwIP/src/core/udp.o
LOAD ./Middlewares/Third_Party/LwIP/src/core/ipv4/autoip.o
LOAD ./Middlewares/Third_Party/LwIP/src/core/ipv4/dhcp.o
LOAD ./Middlewares/Third_Party/LwIP/src/core/ipv4/etharp.o
LOAD ./Middlewares/Third_Party/LwIP/src/core/ipv4/icmp.o
LOAD ./Middlewares/Third_Party/LwIP/src/core/ipv4/igmp.o
LOAD ./Middlewares/Third_Party/LwIP/src/core/ipv4/ip4.o
LOAD ./Middlewares/Third_Party/LwIP/src/core/ipv4/ip4_addr.o
LOAD ./Middlewares/Third_Party/LwIP/src/core/ipv4/ip4_frag.o
LOAD ./Middlewares/Third_Party/LwIP/src/core/ipv6/dhcp6.o
LOAD ./Middlewares/Third_Party/LwIP/src/core/ipv6/ethip6.o
LOAD ./Middlewares/Third_Party/LwIP/src/core/ipv6/icmp6.o
LOAD ./Middlewares/Third_Party/LwIP/src/core/ipv6/inet6.o
LOAD ./Middlewares/Third_Party/LwIP/src/core/ipv6/ip6.o
LOAD ./Middlewares/Third_Party/LwIP/src/core/ipv6/ip6_addr.o
LOAD ./Middlewares/Third_Party/LwIP/src/core/ipv6/ip6_frag.o
LOAD ./Middlewares/Third_Party/LwIP/src/core/ipv6/mld6.o
LOAD ./Middlewares/Third_Party/LwIP/src/core/ipv6/nd6.o
LOAD ./Middlewares/Third_Party/LwIP/src/netif/bridgeif.o
LOAD ./Middlewares/Third_Party/LwIP/src/netif/bridgeif_fdb.o
LOAD ./Middlewares/Third_Party/LwIP/src/netif/ethernet.o
LOAD ./Middlewares/Third_Party/LwIP/src/netif/lowpan6.o
LOAD ./Middlewares/Third_Party/LwIP/src/netif/lowpan6_ble.o
LOAD ./Middlewares/Third_Party/LwIP/src/netif/lowpan6_common.o
LOAD ./Middlewares/Third_Party/LwIP/src/netif/slipif.o
LOAD ./Middlewares/Third_Party/LwIP/src/netif/zepif.o
LOAD ./Middlewares/Third_Party/LwIP/src/netif/ppp/auth.o
LOAD ./Middlewares/Third_Party/LwIP/src/netif/ppp/ccp.o
LOAD ./Middlewares/Third_Party/LwIP/src/netif/ppp/chap-md5.o
LOAD ./Middlewares/Third_Party/LwIP/src/netif/ppp/chap-new.o
LOAD ./Middlewares/Third_Party/LwIP/src/netif/ppp/chap_ms.o
LOAD ./Middlewares/Third_Party/LwIP/src/netif/ppp/demand.o
LOAD ./Middlewares/Third_Party/LwIP/src/netif/ppp/eap.o
LOAD ./Middlewares/Third_Party/LwIP/src/netif/ppp/ecp.o
LOAD ./Middlewares/Third_Party/LwIP/src/netif/ppp/eui64.o
LOAD ./Middlewares/Third_Party/LwIP/src/netif/ppp/fsm.o
LOAD ./Middlewares/Third_Party/LwIP/src/netif/ppp/ipcp.o
LOAD ./Middlewares/Third_Party/LwIP/src/netif/ppp/ipv6cp.o
LOAD ./Middlewares/Third_Party/LwIP/src/netif/ppp/lcp.o
LOAD ./Middlewares/Third_Party/LwIP/src/netif/ppp/magic.o
LOAD ./Middlewares/Third_Party/LwIP/src/netif/ppp/mppe.o
LOAD ./Middlewares/Third_Party/LwIP/src/netif/ppp/multilink.o
LOAD ./Middlewares/Third_Party/LwIP/src/netif/ppp/ppp.o
LOAD ./Middlewares/Third_Party/LwIP/src/netif/ppp/pppapi.o
LOAD ./Middlewares/Third_Party/LwIP/src/netif/ppp/pppcrypt.o
LOAD ./Middlewares/Third_Party/LwIP/src/netif/ppp/pppoe.o
LOAD ./Middlewares/Third_Party/LwIP/src/netif/ppp/pppol2tp.o
LOAD ./Middlewares/Third_Party/LwIP/src/netif/ppp/pppos.o
LOAD ./Middlewares/Third_Party/LwIP/src/netif/ppp/upap.o
LOAD ./Middlewares/Third_Party/LwIP/src/netif/ppp/utils.o
LOAD ./Middlewares/Third_Party/LwIP/src/netif/ppp/vj.o
START GROUP
LOAD c:/st/stm32cubeide_1.9.0/stm32cubeide/plugins/com.st.stm32cube.ide.mcu.externaltools.gnu-tools-for-stm32.10.3-2021.10.win32_1.0.0.202111181127/tools/bin/../lib/gcc/arm-none-eabi/10.3.1/../../../../arm-none-eabi/lib/thumb/v7e-m+dp/hard\libc_nano.a
LOAD c:/st/stm32cubeide_1.9.0/stm32cubeide/plugins/com.st.stm32cube.ide.mcu.externaltools.gnu-tools-for-stm32.10.3-2021.10.win32_1.0.0.202111181127/tools/bin/../lib/gcc/arm-none-eabi/10.3.1/../../../../arm-none-eabi/lib/thumb/v7e-m+dp/hard\libm.a
END GROUP
START GROUP
LOAD c:/st/stm32cubeide_1.9.0/stm32cubeide/plugins/com.st.stm32cube.ide.mcu.externaltools.gnu-tools-for-stm32.10.3-2021.10.win32_1.0.0.202111181127/tools/bin/../lib/gcc/arm-none-eabi/10.3.1/thumb/v7e-m+dp/hard\libgcc.a
LOAD c:/st/stm32cubeide_1.9.0/stm32cubeide/plugins/com.st.stm32cube.ide.mcu.externaltools.gnu-tools-for-stm32.10.3-2021.10.win32_1.0.0.202111181127/tools/bin/../lib/gcc/arm-none-eabi/10.3.1/../../../../arm-none-eabi/lib/thumb/v7e-m+dp/hard\libc_nano.a
END GROUP
START GROUP
LOAD c:/st/stm32cubeide_1.9.0/stm32cubeide/plugins/com.st.stm32cube.ide.mcu.externaltools.gnu-tools-for-stm32.10.3-2021.10.win32_1.0.0.202111181127/tools/bin/../lib/gcc/arm-none-eabi/10.3.1/thumb/v7e-m+dp/hard\libgcc.a
LOAD c:/st/stm32cubeide_1.9.0/stm32cubeide/plugins/com.st.stm32cube.ide.mcu.externaltools.gnu-tools-for-stm32.10.3-2021.10.win32_1.0.0.202111181127/tools/bin/../lib/gcc/arm-none-eabi/10.3.1/../../../../arm-none-eabi/lib/thumb/v7e-m+dp/hard\libc_nano.a
LOAD c:/st/stm32cubeide_1.9.0/stm32cubeide/plugins/com.st.stm32cube.ide.mcu.externaltools.gnu-tools-for-stm32.10.3-2021.10.win32_1.0.0.202111181127/tools/bin/../lib/gcc/arm-none-eabi/10.3.1/../../../../arm-none-eabi/lib/thumb/v7e-m+dp/hard\libnosys.a
END GROUP
START GROUP
LOAD c:/st/stm32cubeide_1.9.0/stm32cubeide/plugins/com.st.stm32cube.ide.mcu.externaltools.gnu-tools-for-stm32.10.3-2021.10.win32_1.0.0.202111181127/tools/bin/../lib/gcc/arm-none-eabi/10.3.1/thumb/v7e-m+dp/hard\libgcc.a
LOAD c:/st/stm32cubeide_1.9.0/stm32cubeide/plugins/com.st.stm32cube.ide.mcu.externaltools.gnu-tools-for-stm32.10.3-2021.10.win32_1.0.0.202111181127/tools/bin/../lib/gcc/arm-none-eabi/10.3.1/../../../../arm-none-eabi/lib/thumb/v7e-m+dp/hard\libc_nano.a
LOAD c:/st/stm32cubeide_1.9.0/stm32cubeide/plugins/com.st.stm32cube.ide.mcu.externaltools.gnu-tools-for-stm32.10.3-2021.10.win32_1.0.0.202111181127/tools/bin/../lib/gcc/arm-none-eabi/10.3.1/../../../../arm-none-eabi/lib/thumb/v7e-m+dp/hard\libnosys.a
END GROUP
LOAD c:/st/stm32cubeide_1.9.0/stm32cubeide/plugins/com.st.stm32cube.ide.mcu.externaltools.gnu-tools-for-stm32.10.3-2021.10.win32_1.0.0.202111181127/tools/bin/../lib/gcc/arm-none-eabi/10.3.1/thumb/v7e-m+dp/hard/crtend.o
LOAD c:/st/stm32cubeide_1.9.0/stm32cubeide/plugins/com.st.stm32cube.ide.mcu.externaltools.gnu-tools-for-stm32.10.3-2021.10.win32_1.0.0.202111181127/tools/bin/../lib/gcc/arm-none-eabi/10.3.1/thumb/v7e-m+dp/hard/crtn.o
                0x0000000020080000                _estack = (ORIGIN (RAM) + LENGTH (RAM))
                0x0000000000000200                _Min_Heap_Size = 0x200
                0x0000000000000400                _Min_Stack_Size = 0x400

.isr_vector     0x0000000008000000      0x1f8
                0x0000000008000000                . = ALIGN (0x4)
 *(.isr_vector)
 .isr_vector    0x0000000008000000      0x1f8 ./Core/Startup/startup_stm32f767zitx.o
                0x0000000008000000                g_pfnVectors
                0x00000000080001f8                . = ALIGN (0x4)

.text           0x0000000008000200     0xad24
                0x0000000008000200                . = ALIGN (0x4)
 *(.text)
 .text          0x0000000008000200       0x40 c:/st/stm32cubeide_1.9.0/stm32cubeide/plugins/com.st.stm32cube.ide.mcu.externaltools.gnu-tools-for-stm32.10.3-2021.10.win32_1.0.0.202111181127/tools/bin/../lib/gcc/arm-none-eabi/10.3.1/thumb/v7e-m+dp/hard/crtbegin.o
 .text          0x0000000008000240       0xa0 c:/st/stm32cubeide_1.9.0/stm32cubeide/plugins/com.st.stm32cube.ide.mcu.externaltools.gnu-tools-for-stm32.10.3-2021.10.win32_1.0.0.202111181127/tools/bin/../lib/gcc/arm-none-eabi/10.3.1/../../../../arm-none-eabi/lib/thumb/v7e-m+dp/hard\libc_nano.a(lib_a-memchr.o)
                0x0000000008000240                memchr
 .text          0x00000000080002e0       0x30 c:/st/stm32cubeide_1.9.0/stm32cubeide/plugins/com.st.stm32cube.ide.mcu.externaltools.gnu-tools-for-stm32.10.3-2021.10.win32_1.0.0.202111181127/tools/bin/../lib/gcc/arm-none-eabi/10.3.1/thumb/v7e-m+dp/hard\libgcc.a(_aeabi_uldivmod.o)
                0x00000000080002e0                __aeabi_uldivmod
 .text          0x0000000008000310      0x2d0 c:/st/stm32cubeide_1.9.0/stm32cubeide/plugins/com.st.stm32cube.ide.mcu.externaltools.gnu-tools-for-stm32.10.3-2021.10.win32_1.0.0.202111181127/tools/bin/../lib/gcc/arm-none-eabi/10.3.1/thumb/v7e-m+dp/hard\libgcc.a(_udivmoddi4.o)
                0x0000000008000310                __udivmoddi4
 .text          0x00000000080005e0        0x4 c:/st/stm32cubeide_1.9.0/stm32cubeide/plugins/com.st.stm32cube.ide.mcu.externaltools.gnu-tools-for-stm32.10.3-2021.10.win32_1.0.0.202111181127/tools/bin/../lib/gcc/arm-none-eabi/10.3.1/thumb/v7e-m+dp/hard\libgcc.a(_dvmd_tls.o)
                0x00000000080005e0                __aeabi_idiv0
                0x00000000080005e0                __aeabi_ldiv0
 *(.text*)
 .text.SystemClock_Config
                0x00000000080005e4       0xac ./Core/Src/main.o
                0x00000000080005e4                SystemClock_Config
 .text.startup.main
                0x0000000008000690      0x21c ./Core/Src/main.o
                0x0000000008000690                main
 .text.Error_Handler
                0x00000000080008ac        0x4 ./Core/Src/main.o
                0x00000000080008ac                Error_Handler
 .text.HAL_MspInit
                0x00000000080008b0       0x30 ./Core/Src/stm32f7xx_hal_msp.o
                0x00000000080008b0                HAL_MspInit
 .text.HAL_UART_MspInit
                0x00000000080008e0       0x88 ./Core/Src/stm32f7xx_hal_msp.o
                0x00000000080008e0                HAL_UART_MspInit
 .text.HAL_PCD_MspInit
                0x0000000008000968       0xa8 ./Core/Src/stm32f7xx_hal_msp.o
                0x0000000008000968                HAL_PCD_MspInit
 .text.NMI_Handler
                0x0000000008000a10        0x2 ./Core/Src/stm32f7xx_it.o
                0x0000000008000a10                NMI_Handler
 .text.HardFault_Handler
                0x0000000008000a12        0x2 ./Core/Src/stm32f7xx_it.o
                0x0000000008000a12                HardFault_Handler
 .text.MemManage_Handler
                0x0000000008000a14        0x2 ./Core/Src/stm32f7xx_it.o
                0x0000000008000a14                MemManage_Handler
 .text.BusFault_Handler
                0x0000000008000a16        0x2 ./Core/Src/stm32f7xx_it.o
                0x0000000008000a16                BusFault_Handler
 .text.UsageFault_Handler
                0x0000000008000a18        0x2 ./Core/Src/stm32f7xx_it.o
                0x0000000008000a18                UsageFault_Handler
 .text.SVC_Handler
                0x0000000008000a1a        0x2 ./Core/Src/stm32f7xx_it.o
                0x0000000008000a1a                SVC_Handler
 .text.DebugMon_Handler
                0x0000000008000a1c        0x2 ./Core/Src/stm32f7xx_it.o
                0x0000000008000a1c                DebugMon_Handler
 .text.PendSV_Handler
                0x0000000008000a1e        0x2 ./Core/Src/stm32f7xx_it.o
                0x0000000008000a1e                PendSV_Handler
 .text.SysTick_Handler
                0x0000000008000a20        0x4 ./Core/Src/stm32f7xx_it.o
                0x0000000008000a20                SysTick_Handler
 .text._getpid  0x0000000008000a24        0x4 ./Core/Src/syscalls.o
                0x0000000008000a24                _getpid
 .text._kill    0x0000000008000a28       0x10 ./Core/Src/syscalls.o
                0x0000000008000a28                _kill
 .text._exit    0x0000000008000a38        0xc ./Core/Src/syscalls.o
                0x0000000008000a38                _exit
 .text._read    0x0000000008000a44       0x1c ./Core/Src/syscalls.o
                0x0000000008000a44                _read
 .text._write   0x0000000008000a60       0x1c ./Core/Src/syscalls.o
                0x0000000008000a60                _write
 .text._close   0x0000000008000a7c        0x6 ./Core/Src/syscalls.o
                0x0000000008000a7c                _close
 .text._fstat   0x0000000008000a82        0xa ./Core/Src/syscalls.o
                0x0000000008000a82                _fstat
 .text._isatty  0x0000000008000a8c        0x4 ./Core/Src/syscalls.o
                0x0000000008000a8c                _isatty
 .text._lseek   0x0000000008000a90        0x4 ./Core/Src/syscalls.o
                0x0000000008000a90                _lseek
 .text._sbrk    0x0000000008000a94       0x40 ./Core/Src/sysmem.o
                0x0000000008000a94                _sbrk
 .text.SystemInit
                0x0000000008000ad4       0x14 ./Core/Src/system_stm32f7xx.o
                0x0000000008000ad4                SystemInit
 .text.Reset_Handler
                0x0000000008000ae8       0x50 ./Core/Startup/startup_stm32f767zitx.o
                0x0000000008000ae8                Reset_Handler
 .text.Default_Handler
                0x0000000008000b38        0x2 ./Core/Startup/startup_stm32f767zitx.o
                0x0000000008000b38                RTC_Alarm_IRQHandler
                0x0000000008000b38                EXTI2_IRQHandler
                0x0000000008000b38                TIM8_CC_IRQHandler
                0x0000000008000b38                UART8_IRQHandler
                0x0000000008000b38                SPI4_IRQHandler
                0x0000000008000b38                TIM1_CC_IRQHandler
                0x0000000008000b38                DMA2_Stream5_IRQHandler
                0x0000000008000b38                JPEG_IRQHandler
                0x0000000008000b38                DMA1_Stream5_IRQHandler
                0x0000000008000b38                CAN3_RX1_IRQHandler
                0x0000000008000b38                PVD_IRQHandler
                0x0000000008000b38                TAMP_STAMP_IRQHandler
                0x0000000008000b38                CAN2_RX1_IRQHandler
                0x0000000008000b38                EXTI3_IRQHandler
                0x0000000008000b38                TIM8_TRG_COM_TIM14_IRQHandler
                0x0000000008000b38                DFSDM1_FLT1_IRQHandler
                0x0000000008000b38                TIM1_UP_TIM10_IRQHandler
                0x0000000008000b38                TIM8_UP_TIM13_IRQHandler
                0x0000000008000b38                I2C3_ER_IRQHandler
                0x0000000008000b38                DFSDM1_FLT2_IRQHandler
                0x0000000008000b38                EXTI0_IRQHandler
                0x0000000008000b38                I2C2_EV_IRQHandler
                0x0000000008000b38                DMA1_Stream2_IRQHandler
                0x0000000008000b38                CAN1_RX0_IRQHandler
                0x0000000008000b38                FPU_IRQHandler
                0x0000000008000b38                OTG_HS_WKUP_IRQHandler
                0x0000000008000b38                CAN3_SCE_IRQHandler
                0x0000000008000b38                LTDC_ER_IRQHandler
                0x0000000008000b38                CAN2_SCE_IRQHandler
                0x0000000008000b38                DMA2_Stream2_IRQHandler
                0x0000000008000b38                SPI1_IRQHandler
                0x0000000008000b38                TIM6_DAC_IRQHandler
                0x0000000008000b38                TIM1_BRK_TIM9_IRQHandler
                0x0000000008000b38                DCMI_IRQHandler
                0x0000000008000b38                CAN2_RX0_IRQHandler
                0x0000000008000b38                DMA2_Stream3_IRQHandler
                0x0000000008000b38                SAI2_IRQHandler
                0x0000000008000b38                DFSDM1_FLT3_IRQHandler
                0x0000000008000b38                USART6_IRQHandler
                0x0000000008000b38                CAN3_RX0_IRQHandler
                0x0000000008000b38                USART3_IRQHandler
                0x0000000008000b38                CAN1_RX1_IRQHandler
                0x0000000008000b38                UART5_IRQHandler
                0x0000000008000b38                DMA2_Stream0_IRQHandler
                0x0000000008000b38                TIM4_IRQHandler
                0x0000000008000b38                QUADSPI_IRQHandler
                0x0000000008000b38                I2C1_EV_IRQHandler
                0x0000000008000b38                DMA1_Stream6_IRQHandler
                0x0000000008000b38                DMA1_Stream1_IRQHandler
                0x0000000008000b38                UART4_IRQHandler
                0x0000000008000b38                TIM3_IRQHandler
                0x0000000008000b38                RCC_IRQHandler
                0x0000000008000b38                TIM8_BRK_TIM12_IRQHandler
                0x0000000008000b38                Default_Handler
                0x0000000008000b38                CEC_IRQHandler
                0x0000000008000b38                EXTI15_10_IRQHandler
                0x0000000008000b38                ADC_IRQHandler
                0x0000000008000b38                DMA1_Stream7_IRQHandler
                0x0000000008000b38                SPI5_IRQHandler
                0x0000000008000b38                TIM7_IRQHandler
                0x0000000008000b38                SDMMC1_IRQHandler
                0x0000000008000b38                CAN2_TX_IRQHandler
                0x0000000008000b38                TIM5_IRQHandler
                0x0000000008000b38                DMA2_Stream7_IRQHandler
                0x0000000008000b38                I2C3_EV_IRQHandler
                0x0000000008000b38                EXTI9_5_IRQHandler
                0x0000000008000b38                RTC_WKUP_IRQHandler
                0x0000000008000b38                LTDC_IRQHandler
                0x0000000008000b38                ETH_WKUP_IRQHandler
                0x0000000008000b38                SPDIF_RX_IRQHandler
                0x0000000008000b38                SPI2_IRQHandler
                0x0000000008000b38                OTG_HS_EP1_IN_IRQHandler
                0x0000000008000b38                DMA1_Stream0_IRQHandler
                0x0000000008000b38                CAN1_TX_IRQHandler
                0x0000000008000b38                EXTI4_IRQHandler
                0x0000000008000b38                RNG_IRQHandler
                0x0000000008000b38                ETH_IRQHandler
                0x0000000008000b38                OTG_HS_EP1_OUT_IRQHandler
                0x0000000008000b38                WWDG_IRQHandler
                0x0000000008000b38                SPI6_IRQHandler
                0x0000000008000b38                MDIOS_IRQHandler
                0x0000000008000b38                I2C4_EV_IRQHandler
                0x0000000008000b38                CAN3_TX_IRQHandler
                0x0000000008000b38                TIM2_IRQHandler
                0x0000000008000b38                OTG_FS_WKUP_IRQHandler
                0x0000000008000b38                TIM1_TRG_COM_TIM11_IRQHandler
                0x0000000008000b38                OTG_HS_IRQHandler
                0x0000000008000b38                DMA2D_IRQHandler
                0x0000000008000b38                EXTI1_IRQHandler
                0x0000000008000b38                SDMMC2_IRQHandler
                0x0000000008000b38                UART7_IRQHandler
                0x0000000008000b38                USART2_IRQHandler
                0x0000000008000b38                DFSDM1_FLT0_IRQHandler
                0x0000000008000b38                I2C2_ER_IRQHandler
                0x0000000008000b38                DMA2_Stream1_IRQHandler
                0x0000000008000b38                CAN1_SCE_IRQHandler
                0x0000000008000b38                FLASH_IRQHandler
                0x0000000008000b38                DMA2_Stream4_IRQHandler
                0x0000000008000b38                USART1_IRQHandler
                0x0000000008000b38                OTG_FS_IRQHandler
                0x0000000008000b38                SPI3_IRQHandler
                0x0000000008000b38                DMA1_Stream4_IRQHandler
                0x0000000008000b38                I2C1_ER_IRQHandler
                0x0000000008000b38                FMC_IRQHandler
                0x0000000008000b38                LPTIM1_IRQHandler
                0x0000000008000b38                I2C4_ER_IRQHandler
                0x0000000008000b38                DMA2_Stream6_IRQHandler
                0x0000000008000b38                SAI1_IRQHandler
                0x0000000008000b38                DMA1_Stream3_IRQHandler
 *fill*         0x0000000008000b3a        0x2 
 .text.HAL_InitTick
                0x0000000008000b3c       0x48 ./Drivers/STM32F7xx_HAL_Driver/Src/stm32f7xx_hal.o
                0x0000000008000b3c                HAL_InitTick
 .text.HAL_Init
                0x0000000008000b84       0x24 ./Drivers/STM32F7xx_HAL_Driver/Src/stm32f7xx_hal.o
                0x0000000008000b84                HAL_Init
 .text.HAL_IncTick
                0x0000000008000ba8       0x18 ./Drivers/STM32F7xx_HAL_Driver/Src/stm32f7xx_hal.o
                0x0000000008000ba8                HAL_IncTick
 .text.HAL_GetTick
                0x0000000008000bc0        0xc ./Drivers/STM32F7xx_HAL_Driver/Src/stm32f7xx_hal.o
                0x0000000008000bc0                HAL_GetTick
 .text.HAL_Delay
                0x0000000008000bcc       0x24 ./Drivers/STM32F7xx_HAL_Driver/Src/stm32f7xx_hal.o
                0x0000000008000bcc                HAL_Delay
 .text.HAL_NVIC_SetPriorityGrouping
                0x0000000008000bf0       0x24 ./Drivers/STM32F7xx_HAL_Driver/Src/stm32f7xx_hal_cortex.o
                0x0000000008000bf0                HAL_NVIC_SetPriorityGrouping
 .text.HAL_NVIC_SetPriority
                0x0000000008000c14       0x64 ./Drivers/STM32F7xx_HAL_Driver/Src/stm32f7xx_hal_cortex.o
                0x0000000008000c14                HAL_NVIC_SetPriority
 .text.HAL_SYSTICK_Config
                0x0000000008000c78       0x28 ./Drivers/STM32F7xx_HAL_Driver/Src/stm32f7xx_hal_cortex.o
                0x0000000008000c78                HAL_SYSTICK_Config
 .text.HAL_MPU_Disable
                0x0000000008000ca0       0x1c ./Drivers/STM32F7xx_HAL_Driver/Src/stm32f7xx_hal_cortex.o
                0x0000000008000ca0                HAL_MPU_Disable
 .text.HAL_MPU_Enable
                0x0000000008000cbc       0x20 ./Drivers/STM32F7xx_HAL_Driver/Src/stm32f7xx_hal_cortex.o
                0x0000000008000cbc                HAL_MPU_Enable
 .text.HAL_MPU_ConfigRegion
                0x0000000008000cdc       0x58 ./Drivers/STM32F7xx_HAL_Driver/Src/stm32f7xx_hal_cortex.o
                0x0000000008000cdc                HAL_MPU_ConfigRegion
 .text.ETH_FlushTransmitFIFO
                0x0000000008000d34       0x2e ./Drivers/STM32F7xx_HAL_Driver/Src/stm32f7xx_hal_eth.o
 *fill*         0x0000000008000d62        0x2 
 .text.ETH_MACDMAConfig
                0x0000000008000d64       0xec ./Drivers/STM32F7xx_HAL_Driver/Src/stm32f7xx_hal_eth.o
 .text.HAL_ETH_DMATxDescListInit
                0x0000000008000e50       0x7a ./Drivers/STM32F7xx_HAL_Driver/Src/stm32f7xx_hal_eth.o
                0x0000000008000e50                HAL_ETH_DMATxDescListInit
 .text.HAL_ETH_DMARxDescListInit
                0x0000000008000eca       0x76 ./Drivers/STM32F7xx_HAL_Driver/Src/stm32f7xx_hal_eth.o
                0x0000000008000eca                HAL_ETH_DMARxDescListInit
 .text.HAL_ETH_TransmitFrame
                0x0000000008000f40       0xe0 ./Drivers/STM32F7xx_HAL_Driver/Src/stm32f7xx_hal_eth.o
                0x0000000008000f40                HAL_ETH_TransmitFrame
 .text.HAL_ETH_GetReceivedFrame
                0x0000000008001020       0x7e ./Drivers/STM32F7xx_HAL_Driver/Src/stm32f7xx_hal_eth.o
                0x0000000008001020                HAL_ETH_GetReceivedFrame
 .text.HAL_ETH_ReadPHYRegister
                0x000000000800109e       0x76 ./Drivers/STM32F7xx_HAL_Driver/Src/stm32f7xx_hal_eth.o
                0x000000000800109e                HAL_ETH_ReadPHYRegister
 .text.HAL_ETH_WritePHYRegister
                0x0000000008001114       0x70 ./Drivers/STM32F7xx_HAL_Driver/Src/stm32f7xx_hal_eth.o
                0x0000000008001114                HAL_ETH_WritePHYRegister
 .text.HAL_ETH_Init
                0x0000000008001184      0x1f4 ./Drivers/STM32F7xx_HAL_Driver/Src/stm32f7xx_hal_eth.o
                0x0000000008001184                HAL_ETH_Init
 .text.HAL_ETH_Start
                0x0000000008001378       0x7a ./Drivers/STM32F7xx_HAL_Driver/Src/stm32f7xx_hal_eth.o
                0x0000000008001378                HAL_ETH_Start
 .text.HAL_ETH_Stop
                0x00000000080013f2       0x7a ./Drivers/STM32F7xx_HAL_Driver/Src/stm32f7xx_hal_eth.o
                0x00000000080013f2                HAL_ETH_Stop
 .text.HAL_ETH_ConfigMAC
                0x000000000800146c      0x118 ./Drivers/STM32F7xx_HAL_Driver/Src/stm32f7xx_hal_eth.o
                0x000000000800146c                HAL_ETH_ConfigMAC
 .text.HAL_GPIO_Init
                0x0000000008001584      0x1c8 ./Drivers/STM32F7xx_HAL_Driver/Src/stm32f7xx_hal_gpio.o
                0x0000000008001584                HAL_GPIO_Init
 .text.HAL_GPIO_WritePin
                0x000000000800174c        0xa ./Drivers/STM32F7xx_HAL_Driver/Src/stm32f7xx_hal_gpio.o
                0x000000000800174c                HAL_GPIO_WritePin
 .text.HAL_PCD_Init
                0x0000000008001756      0x112 ./Drivers/STM32F7xx_HAL_Driver/Src/stm32f7xx_hal_pcd.o
                0x0000000008001756                HAL_PCD_Init
 .text.HAL_PCDEx_ActivateLPM
                0x0000000008001868       0x26 ./Drivers/STM32F7xx_HAL_Driver/Src/stm32f7xx_hal_pcd_ex.o
                0x0000000008001868                HAL_PCDEx_ActivateLPM
 *fill*         0x000000000800188e        0x2 
 .text.HAL_PWR_EnableBkUpAccess
                0x0000000008001890       0x10 ./Drivers/STM32F7xx_HAL_Driver/Src/stm32f7xx_hal_pwr.o
                0x0000000008001890                HAL_PWR_EnableBkUpAccess
 .text.HAL_PWREx_EnableOverDrive
                0x00000000080018a0       0x70 ./Drivers/STM32F7xx_HAL_Driver/Src/stm32f7xx_hal_pwr_ex.o
                0x00000000080018a0                HAL_PWREx_EnableOverDrive
 .text.HAL_RCC_OscConfig
                0x0000000008001910      0x38c ./Drivers/STM32F7xx_HAL_Driver/Src/stm32f7xx_hal_rcc.o
                0x0000000008001910                HAL_RCC_OscConfig
 .text.HAL_RCC_GetSysClockFreq
                0x0000000008001c9c       0x5c ./Drivers/STM32F7xx_HAL_Driver/Src/stm32f7xx_hal_rcc.o
                0x0000000008001c9c                HAL_RCC_GetSysClockFreq
 .text.HAL_RCC_ClockConfig
                0x0000000008001cf8      0x140 ./Drivers/STM32F7xx_HAL_Driver/Src/stm32f7xx_hal_rcc.o
                0x0000000008001cf8                HAL_RCC_ClockConfig
 .text.HAL_RCC_GetHCLKFreq
                0x0000000008001e38        0xc ./Drivers/STM32F7xx_HAL_Driver/Src/stm32f7xx_hal_rcc.o
                0x0000000008001e38                HAL_RCC_GetHCLKFreq
 .text.HAL_RCC_GetPCLK1Freq
                0x0000000008001e44       0x20 ./Drivers/STM32F7xx_HAL_Driver/Src/stm32f7xx_hal_rcc.o
                0x0000000008001e44                HAL_RCC_GetPCLK1Freq
 .text.HAL_RCC_GetPCLK2Freq
                0x0000000008001e64       0x20 ./Drivers/STM32F7xx_HAL_Driver/Src/stm32f7xx_hal_rcc.o
                0x0000000008001e64                HAL_RCC_GetPCLK2Freq
 .text.HAL_RCCEx_PeriphCLKConfig
                0x0000000008001e84      0x558 ./Drivers/STM32F7xx_HAL_Driver/Src/stm32f7xx_hal_rcc_ex.o
                0x0000000008001e84                HAL_RCCEx_PeriphCLKConfig
 .text.UART_SetConfig
                0x00000000080023dc      0x284 ./Drivers/STM32F7xx_HAL_Driver/Src/stm32f7xx_hal_uart.o
                0x00000000080023dc                UART_SetConfig
 .text.UART_AdvFeatureConfig
                0x0000000008002660       0xaa ./Drivers/STM32F7xx_HAL_Driver/Src/stm32f7xx_hal_uart.o
                0x0000000008002660                UART_AdvFeatureConfig
 .text.UART_WaitOnFlagUntilTimeout
                0x000000000800270a       0xbc ./Drivers/STM32F7xx_HAL_Driver/Src/stm32f7xx_hal_uart.o
                0x000000000800270a                UART_WaitOnFlagUntilTimeout
 .text.UART_CheckIdleState
                0x00000000080027c6       0x66 ./Drivers/STM32F7xx_HAL_Driver/Src/stm32f7xx_hal_uart.o
                0x00000000080027c6                UART_CheckIdleState
 .text.HAL_UART_Init
                0x000000000800282c       0x5c ./Drivers/STM32F7xx_HAL_Driver/Src/stm32f7xx_hal_uart.o
                0x000000000800282c                HAL_UART_Init
 .text.USB_CoreReset
                0x0000000008002888       0x48 ./Drivers/STM32F7xx_HAL_Driver/Src/stm32f7xx_ll_usb.o
 .text.USB_CoreInit
                0x00000000080028d0       0x76 ./Drivers/STM32F7xx_HAL_Driver/Src/stm32f7xx_ll_usb.o
                0x00000000080028d0                USB_CoreInit
 .text.USB_DisableGlobalInt
                0x0000000008002946        0xc ./Drivers/STM32F7xx_HAL_Driver/Src/stm32f7xx_ll_usb.o
                0x0000000008002946                USB_DisableGlobalInt
 .text.USB_SetCurrentMode
                0x0000000008002952       0x5c ./Drivers/STM32F7xx_HAL_Driver/Src/stm32f7xx_ll_usb.o
                0x0000000008002952                USB_SetCurrentMode
 *fill*         0x00000000080029ae        0x2 
 .text.USB_FlushTxFifo
                0x00000000080029b0       0x48 ./Drivers/STM32F7xx_HAL_Driver/Src/stm32f7xx_ll_usb.o
                0x00000000080029b0                USB_FlushTxFifo
 .text.USB_FlushRxFifo
                0x00000000080029f8       0x44 ./Drivers/STM32F7xx_HAL_Driver/Src/stm32f7xx_ll_usb.o
                0x00000000080029f8                USB_FlushRxFifo
 .text.USB_SetDevSpeed
                0x0000000008002a3c        0xe ./Drivers/STM32F7xx_HAL_Driver/Src/stm32f7xx_ll_usb.o
                0x0000000008002a3c                USB_SetDevSpeed
 *fill*         0x0000000008002a4a        0x2 
 .text.USB_DevInit
                0x0000000008002a4c      0x16c ./Drivers/STM32F7xx_HAL_Driver/Src/stm32f7xx_ll_usb.o
                0x0000000008002a4c                USB_DevInit
 .text.USB_DevDisconnect
                0x0000000008002bb8       0x1c ./Drivers/STM32F7xx_HAL_Driver/Src/stm32f7xx_ll_usb.o
                0x0000000008002bb8                USB_DevDisconnect
 .text.MX_LWIP_Init
                0x0000000008002bd4       0x74 ./LWIP/App/lwip.o
                0x0000000008002bd4                MX_LWIP_Init
 .text.low_level_output
                0x0000000008002c48       0x9c ./LWIP/Target/ethernetif.o
 .text.HAL_ETH_MspInit
                0x0000000008002ce4      0x10c ./LWIP/Target/ethernetif.o
                0x0000000008002ce4                HAL_ETH_MspInit
 .text.ethernetif_input
                0x0000000008002df0       0xd8 ./LWIP/Target/ethernetif.o
                0x0000000008002df0                ethernetif_input
 .text.ethernetif_init
                0x0000000008002ec8      0x130 ./LWIP/Target/ethernetif.o
                0x0000000008002ec8                ethernetif_init
 .text.sys_now  0x0000000008002ff8        0x4 ./LWIP/Target/ethernetif.o
                0x0000000008002ff8                sys_now
 .text.ethernetif_notify_conn_changed
                0x0000000008002ffc        0x2 ./LWIP/Target/ethernetif.o
                0x0000000008002ffc                ethernetif_notify_conn_changed
 *fill*         0x0000000008002ffe        0x2 
 .text.ethernetif_update_config
                0x0000000008003000       0xa8 ./LWIP/Target/ethernetif.o
                0x0000000008003000                ethernetif_update_config
 .text.lwip_htons
                0x00000000080030a8        0x6 ./Middlewares/Third_Party/LwIP/src/core/def.o
                0x00000000080030a8                lwip_htons
 .text.lwip_htonl
                0x00000000080030ae        0x4 ./Middlewares/Third_Party/LwIP/src/core/def.o
                0x00000000080030ae                lwip_htonl
 .text.lwip_init
                0x00000000080030b2       0x1e ./Middlewares/Third_Party/LwIP/src/core/init.o
                0x00000000080030b2                lwip_init
 .text.mem_init
                0x00000000080030d0       0x44 ./Middlewares/Third_Party/LwIP/src/core/mem.o
                0x00000000080030d0                mem_init
 .text.mem_free
                0x0000000008003114      0x170 ./Middlewares/Third_Party/LwIP/src/core/mem.o
                0x0000000008003114                mem_free
 .text.mem_trim
                0x0000000008003284      0x148 ./Middlewares/Third_Party/LwIP/src/core/mem.o
                0x0000000008003284                mem_trim
 .text.mem_malloc
                0x00000000080033cc      0x150 ./Middlewares/Third_Party/LwIP/src/core/mem.o
                0x00000000080033cc                mem_malloc
 .text.do_memp_free_pool
                0x000000000800351c       0x30 ./Middlewares/Third_Party/LwIP/src/core/memp.o
 .text.do_memp_malloc_pool.isra.0
                0x000000000800354c       0x2c ./Middlewares/Third_Party/LwIP/src/core/memp.o
 .text.memp_init_pool
                0x0000000008003578       0x26 ./Middlewares/Third_Party/LwIP/src/core/memp.o
                0x0000000008003578                memp_init_pool
 *fill*         0x000000000800359e        0x2 
 .text.memp_init
                0x00000000080035a0       0x1c ./Middlewares/Third_Party/LwIP/src/core/memp.o
                0x00000000080035a0                memp_init
 .text.memp_malloc
                0x00000000080035bc       0x38 ./Middlewares/Third_Party/LwIP/src/core/memp.o
                0x00000000080035bc                memp_malloc
 .text.memp_free
                0x00000000080035f4       0x30 ./Middlewares/Third_Party/LwIP/src/core/memp.o
                0x00000000080035f4                memp_free
 .text.netif_null_output_ip4
                0x0000000008003624        0x6 ./Middlewares/Third_Party/LwIP/src/core/netif.o
 *fill*         0x000000000800362a        0x2 
 .text.netif_issue_reports
                0x000000000800362c       0x44 ./Middlewares/Third_Party/LwIP/src/core/netif.o
 .text.netif_do_set_ipaddr.isra.0
                0x0000000008003670       0x50 ./Middlewares/Third_Party/LwIP/src/core/netif.o
 .text.netif_init
                0x00000000080036c0        0x2 ./Middlewares/Third_Party/LwIP/src/core/netif.o
                0x00000000080036c0                netif_init
 *fill*         0x00000000080036c2        0x2 
 .text.netif_set_addr
                0x00000000080036c4       0x58 ./Middlewares/Third_Party/LwIP/src/core/netif.o
                0x00000000080036c4                netif_set_addr
 .text.netif_add
                0x000000000800371c      0x12c ./Middlewares/Third_Party/LwIP/src/core/netif.o
                0x000000000800371c                netif_add
 .text.netif_set_default
                0x0000000008003848        0xc ./Middlewares/Third_Party/LwIP/src/core/netif.o
                0x0000000008003848                netif_set_default
 .text.netif_set_up
                0x0000000008003854       0x34 ./Middlewares/Third_Party/LwIP/src/core/netif.o
                0x0000000008003854                netif_set_up
 .text.netif_set_down
                0x0000000008003888       0x38 ./Middlewares/Third_Party/LwIP/src/core/netif.o
                0x0000000008003888                netif_set_down
 .text.netif_set_link_callback
                0x00000000080038c0        0x6 ./Middlewares/Third_Party/LwIP/src/core/netif.o
                0x00000000080038c0                netif_set_link_callback
 *fill*         0x00000000080038c6        0x2 
 .text.netif_get_by_index
                0x00000000080038c8       0x24 ./Middlewares/Third_Party/LwIP/src/core/netif.o
                0x00000000080038c8                netif_get_by_index
 .text.pbuf_add_header_impl
                0x00000000080038ec       0x64 ./Middlewares/Third_Party/LwIP/src/core/pbuf.o
 .text.pbuf_free_ooseq
                0x0000000008003950       0x24 ./Middlewares/Third_Party/LwIP/src/core/pbuf.o
                0x0000000008003950                pbuf_free_ooseq
 .text.pbuf_alloc_reference
                0x0000000008003974       0x48 ./Middlewares/Third_Party/LwIP/src/core/pbuf.o
                0x0000000008003974                pbuf_alloc_reference
 .text.pbuf_alloced_custom
                0x00000000080039bc       0x34 ./Middlewares/Third_Party/LwIP/src/core/pbuf.o
                0x00000000080039bc                pbuf_alloced_custom
 .text.pbuf_add_header
                0x00000000080039f0        0x6 ./Middlewares/Third_Party/LwIP/src/core/pbuf.o
                0x00000000080039f0                pbuf_add_header
 *fill*         0x00000000080039f6        0x2 
 .text.pbuf_remove_header
                0x00000000080039f8       0x58 ./Middlewares/Third_Party/LwIP/src/core/pbuf.o
                0x00000000080039f8                pbuf_remove_header
 .text.pbuf_header_force
                0x0000000008003a50       0x10 ./Middlewares/Third_Party/LwIP/src/core/pbuf.o
                0x0000000008003a50                pbuf_header_force
 .text.pbuf_free
                0x0000000008003a60       0xc8 ./Middlewares/Third_Party/LwIP/src/core/pbuf.o
                0x0000000008003a60                pbuf_free
 .text.pbuf_alloc
                0x0000000008003b28      0x100 ./Middlewares/Third_Party/LwIP/src/core/pbuf.o
                0x0000000008003b28                pbuf_alloc
 .text.pbuf_realloc
                0x0000000008003c28       0xb0 ./Middlewares/Third_Party/LwIP/src/core/pbuf.o
                0x0000000008003c28                pbuf_realloc
 .text.pbuf_clen
                0x0000000008003cd8       0x10 ./Middlewares/Third_Party/LwIP/src/core/pbuf.o
                0x0000000008003cd8                pbuf_clen
 .text.pbuf_ref
                0x0000000008003ce8       0x28 ./Middlewares/Third_Party/LwIP/src/core/pbuf.o
                0x0000000008003ce8                pbuf_ref
 .text.pbuf_cat
                0x0000000008003d10       0x74 ./Middlewares/Third_Party/LwIP/src/core/pbuf.o
                0x0000000008003d10                pbuf_cat
 .text.pbuf_chain
                0x0000000008003d84       0x12 ./Middlewares/Third_Party/LwIP/src/core/pbuf.o
                0x0000000008003d84                pbuf_chain
 *fill*         0x0000000008003d96        0x2 
 .text.pbuf_copy
                0x0000000008003d98      0x104 ./Middlewares/Third_Party/LwIP/src/core/pbuf.o
                0x0000000008003d98                pbuf_copy
 .text.pbuf_copy_partial
                0x0000000008003e9c       0x8c ./Middlewares/Third_Party/LwIP/src/core/pbuf.o
                0x0000000008003e9c                pbuf_copy_partial
 .text.pbuf_clone
                0x0000000008003f28       0x38 ./Middlewares/Third_Party/LwIP/src/core/pbuf.o
                0x0000000008003f28                pbuf_clone
 .text.tcp_close_shutdown_fin
                0x0000000008003f60       0x60 ./Middlewares/Third_Party/LwIP/src/core/tcp.o
 .text.tcp_init
                0x0000000008003fc0       0x18 ./Middlewares/Third_Party/LwIP/src/core/tcp.o
                0x0000000008003fc0                tcp_init
 .text.tcp_free
                0x0000000008003fd8       0x30 ./Middlewares/Third_Party/LwIP/src/core/tcp.o
                0x0000000008003fd8                tcp_free
 .text.tcp_update_rcv_ann_wnd
                0x0000000008004008       0x6c ./Middlewares/Third_Party/LwIP/src/core/tcp.o
                0x0000000008004008                tcp_update_rcv_ann_wnd
 .text.tcp_recved
                0x0000000008004074       0x7c ./Middlewares/Third_Party/LwIP/src/core/tcp.o
                0x0000000008004074                tcp_recved
 .text.tcp_seg_free
                0x00000000080040f0       0x1c ./Middlewares/Third_Party/LwIP/src/core/tcp.o
                0x00000000080040f0                tcp_seg_free
 .text.tcp_segs_free
                0x000000000800410c       0x10 ./Middlewares/Third_Party/LwIP/src/core/tcp.o
                0x000000000800410c                tcp_segs_free
 .text.tcp_seg_copy
                0x000000000800411c       0x48 ./Middlewares/Third_Party/LwIP/src/core/tcp.o
                0x000000000800411c                tcp_seg_copy
 .text.tcp_next_iss
                0x0000000008004164       0x34 ./Middlewares/Third_Party/LwIP/src/core/tcp.o
                0x0000000008004164                tcp_next_iss
 .text.tcp_eff_send_mss_netif
                0x0000000008004198       0x3c ./Middlewares/Third_Party/LwIP/src/core/tcp.o
                0x0000000008004198                tcp_eff_send_mss_netif
 .text.tcp_free_ooseq
                0x00000000080041d4       0x12 ./Middlewares/Third_Party/LwIP/src/core/tcp.o
                0x00000000080041d4                tcp_free_ooseq
 *fill*         0x00000000080041e6        0x2 
 .text.tcp_pcb_purge
                0x00000000080041e8       0x64 ./Middlewares/Third_Party/LwIP/src/core/tcp.o
                0x00000000080041e8                tcp_pcb_purge
 .text.tcp_pcb_remove
                0x000000000800424c       0xcc ./Middlewares/Third_Party/LwIP/src/core/tcp.o
                0x000000000800424c                tcp_pcb_remove
 .text.tcp_abandon
                0x0000000008004318      0x104 ./Middlewares/Third_Party/LwIP/src/core/tcp.o
                0x0000000008004318                tcp_abandon
 .text.tcp_abort
                0x000000000800441c        0x6 ./Middlewares/Third_Party/LwIP/src/core/tcp.o
                0x000000000800441c                tcp_abort
 *fill*         0x0000000008004422        0x2 
 .text.tcp_netif_ip_addr_changed_pcblist
                0x0000000008004424       0x3c ./Middlewares/Third_Party/LwIP/src/core/tcp.o
 .text.tcp_netif_ip_addr_changed
                0x0000000008004460       0x48 ./Middlewares/Third_Party/LwIP/src/core/tcp.o
                0x0000000008004460                tcp_netif_ip_addr_changed
 .text.tcp_kill_state
                0x00000000080044a8       0x3c ./Middlewares/Third_Party/LwIP/src/core/tcp.o
 .text.tcp_alloc
                0x00000000080044e4      0x134 ./Middlewares/Third_Party/LwIP/src/core/tcp.o
                0x00000000080044e4                tcp_alloc
 .text.tcp_close_shutdown
                0x0000000008004618      0x164 ./Middlewares/Third_Party/LwIP/src/core/tcp.o
 .text.tcp_close
                0x000000000800477c       0x3c ./Middlewares/Third_Party/LwIP/src/core/tcp.o
                0x000000000800477c                tcp_close
 .text.tcp_recv_null
                0x00000000080047b8       0x48 ./Middlewares/Third_Party/LwIP/src/core/tcp.o
                0x00000000080047b8                tcp_recv_null
 .text.tcp_process_refused_data
                0x0000000008004800       0x88 ./Middlewares/Third_Party/LwIP/src/core/tcp.o
                0x0000000008004800                tcp_process_refused_data
 .text.tcp_fasttmr
                0x0000000008004888       0x80 ./Middlewares/Third_Party/LwIP/src/core/tcp.o
                0x0000000008004888                tcp_fasttmr
 .text.tcp_slowtmr
                0x0000000008004908      0x43c ./Middlewares/Third_Party/LwIP/src/core/tcp.o
                0x0000000008004908                tcp_slowtmr
 .text.tcp_tmr  0x0000000008004d44       0x24 ./Middlewares/Third_Party/LwIP/src/core/tcp.o
                0x0000000008004d44                tcp_tmr
 .text.tcp_get_next_optbyte
                0x0000000008004d68       0x38 ./Middlewares/Third_Party/LwIP/src/core/tcp_in.o
 .text.tcp_oos_insert_segment
                0x0000000008004da0       0x94 ./Middlewares/Third_Party/LwIP/src/core/tcp_in.o
 .text.tcp_parseopt
                0x0000000008004e34       0x90 ./Middlewares/Third_Party/LwIP/src/core/tcp_in.o
 .text.tcp_input_delayed_close
                0x0000000008004ec4       0x58 ./Middlewares/Third_Party/LwIP/src/core/tcp_in.o
 .text.tcp_free_acked_segments.constprop.0
                0x0000000008004f1c       0xc4 ./Middlewares/Third_Party/LwIP/src/core/tcp_in.o
 .text.tcp_receive
                0x0000000008004fe0      0x85c ./Middlewares/Third_Party/LwIP/src/core/tcp_in.o
 .text.tcp_input
                0x000000000800583c      0xafc ./Middlewares/Third_Party/LwIP/src/core/tcp_in.o
                0x000000000800583c                tcp_input
 .text.tcp_trigger_input_pcb_close
                0x0000000008006338       0x10 ./Middlewares/Third_Party/LwIP/src/core/tcp_in.o
                0x0000000008006338                tcp_trigger_input_pcb_close
 .text.tcp_output_segment_busy
                0x0000000008006348       0x2c ./Middlewares/Third_Party/LwIP/src/core/tcp_out.o
 .text.tcp_create_segment
                0x0000000008006374       0xe4 ./Middlewares/Third_Party/LwIP/src/core/tcp_out.o
 .text.tcp_output_alloc_header_common.constprop.0
                0x0000000008006458       0x84 ./Middlewares/Third_Party/LwIP/src/core/tcp_out.o
 .text.tcp_output_alloc_header.constprop.0
                0x00000000080064dc       0x4c ./Middlewares/Third_Party/LwIP/src/core/tcp_out.o
 .text.tcp_output_fill_options.constprop.0
                0x0000000008006528       0x20 ./Middlewares/Third_Party/LwIP/src/core/tcp_out.o
 .text.tcp_output_control_segment
                0x0000000008006548       0x70 ./Middlewares/Third_Party/LwIP/src/core/tcp_out.o
 .text.tcp_split_unsent_seg
                0x00000000080065b8      0x198 ./Middlewares/Third_Party/LwIP/src/core/tcp_out.o
                0x00000000080065b8                tcp_split_unsent_seg
 .text.tcp_enqueue_flags
                0x0000000008006750      0x128 ./Middlewares/Third_Party/LwIP/src/core/tcp_out.o
                0x0000000008006750                tcp_enqueue_flags
 .text.tcp_send_fin
                0x0000000008006878       0x60 ./Middlewares/Third_Party/LwIP/src/core/tcp_out.o
                0x0000000008006878                tcp_send_fin
 .text.tcp_rexmit_rto_prepare
                0x00000000080068d8       0x88 ./Middlewares/Third_Party/LwIP/src/core/tcp_out.o
                0x00000000080068d8                tcp_rexmit_rto_prepare
 .text.tcp_rexmit
                0x0000000008006960       0x80 ./Middlewares/Third_Party/LwIP/src/core/tcp_out.o
                0x0000000008006960                tcp_rexmit
 .text.tcp_rexmit_fast
                0x00000000080069e0       0x68 ./Middlewares/Third_Party/LwIP/src/core/tcp_out.o
                0x00000000080069e0                tcp_rexmit_fast
 .text.tcp_rst  0x0000000008006a48       0x8c ./Middlewares/Third_Party/LwIP/src/core/tcp_out.o
                0x0000000008006a48                tcp_rst
 .text.tcp_send_empty_ack
                0x0000000008006ad4       0x64 ./Middlewares/Third_Party/LwIP/src/core/tcp_out.o
                0x0000000008006ad4                tcp_send_empty_ack
 .text.tcp_output
                0x0000000008006b38      0x354 ./Middlewares/Third_Party/LwIP/src/core/tcp_out.o
                0x0000000008006b38                tcp_output
 .text.tcp_rexmit_rto_commit
                0x0000000008006e8c       0x38 ./Middlewares/Third_Party/LwIP/src/core/tcp_out.o
                0x0000000008006e8c                tcp_rexmit_rto_commit
 .text.tcp_rexmit_rto
                0x0000000008006ec4       0x34 ./Middlewares/Third_Party/LwIP/src/core/tcp_out.o
                0x0000000008006ec4                tcp_rexmit_rto
 .text.tcp_keepalive
                0x0000000008006ef8       0x50 ./Middlewares/Third_Party/LwIP/src/core/tcp_out.o
                0x0000000008006ef8                tcp_keepalive
 .text.tcp_zero_window_probe
                0x0000000008006f48       0xc8 ./Middlewares/Third_Party/LwIP/src/core/tcp_out.o
                0x0000000008006f48                tcp_zero_window_probe
 .text.sys_timeout_abs
                0x0000000008007010       0x64 ./Middlewares/Third_Party/LwIP/src/core/timeouts.o
 .text.lwip_cyclic_timer
                0x0000000008007074       0x34 ./Middlewares/Third_Party/LwIP/src/core/timeouts.o
 .text.sys_timeout
                0x00000000080070a8       0x3c ./Middlewares/Third_Party/LwIP/src/core/timeouts.o
                0x00000000080070a8                sys_timeout
 .text.tcp_timer_needed
                0x00000000080070e4       0x34 ./Middlewares/Third_Party/LwIP/src/core/timeouts.o
                0x00000000080070e4                tcp_timer_needed
 .text.tcpip_tcp_timer
                0x0000000008007118       0x38 ./Middlewares/Third_Party/LwIP/src/core/timeouts.o
 .text.sys_timeouts_init
                0x0000000008007150       0x24 ./Middlewares/Third_Party/LwIP/src/core/timeouts.o
                0x0000000008007150                sys_timeouts_init
 .text.sys_check_timeouts
                0x0000000008007174       0x58 ./Middlewares/Third_Party/LwIP/src/core/timeouts.o
                0x0000000008007174                sys_check_timeouts
 .text.udp_init
                0x00000000080071cc       0x18 ./Middlewares/Third_Party/LwIP/src/core/udp.o
                0x00000000080071cc                udp_init
 .text.udp_input
                0x00000000080071e4      0x1b0 ./Middlewares/Third_Party/LwIP/src/core/udp.o
                0x00000000080071e4                udp_input
 .text.udp_bind
                0x0000000008007394       0xcc ./Middlewares/Third_Party/LwIP/src/core/udp.o
                0x0000000008007394                udp_bind
 .text.udp_sendto_if_src
                0x0000000008007460      0x130 ./Middlewares/Third_Party/LwIP/src/core/udp.o
                0x0000000008007460                udp_sendto_if_src
 .text.udp_sendto_if
                0x0000000008007590       0x80 ./Middlewares/Third_Party/LwIP/src/core/udp.o
                0x0000000008007590                udp_sendto_if
 .text.udp_connect
                0x0000000008007610       0x78 ./Middlewares/Third_Party/LwIP/src/core/udp.o
                0x0000000008007610                udp_connect
 .text.udp_recv
                0x0000000008007688       0x24 ./Middlewares/Third_Party/LwIP/src/core/udp.o
                0x0000000008007688                udp_recv
 .text.udp_remove
                0x00000000080076ac       0x4c ./Middlewares/Third_Party/LwIP/src/core/udp.o
                0x00000000080076ac                udp_remove
 .text.udp_new  0x00000000080076f8       0x1c ./Middlewares/Third_Party/LwIP/src/core/udp.o
                0x00000000080076f8                udp_new
 .text.udp_netif_ip_addr_changed
                0x0000000008007714       0x2c ./Middlewares/Third_Party/LwIP/src/core/udp.o
                0x0000000008007714                udp_netif_ip_addr_changed
 .text.dhcp_set_state
                0x0000000008007740       0x10 ./Middlewares/Third_Party/LwIP/src/core/ipv4/dhcp.o
 .text.dhcp_option_short
                0x0000000008007750       0x38 ./Middlewares/Third_Party/LwIP/src/core/ipv4/dhcp.o
 .text.dhcp_option
                0x0000000008007788       0x3c ./Middlewares/Third_Party/LwIP/src/core/ipv4/dhcp.o
 .text.dhcp_option_byte
                0x00000000080077c4       0x30 ./Middlewares/Third_Party/LwIP/src/core/ipv4/dhcp.o
 .text.dhcp_option_long
                0x00000000080077f4       0x48 ./Middlewares/Third_Party/LwIP/src/core/ipv4/dhcp.o
 .text.dhcp_create_msg
                0x000000000800783c      0x128 ./Middlewares/Third_Party/LwIP/src/core/ipv4/dhcp.o
 .text.dhcp_option_trailer
                0x0000000008007964       0x3e ./Middlewares/Third_Party/LwIP/src/core/ipv4/dhcp.o
 *fill*         0x00000000080079a2        0x2 
 .text.dhcp_discover
                0x00000000080079a4       0xf0 ./Middlewares/Third_Party/LwIP/src/core/ipv4/dhcp.o
 .text.dhcp_check
                0x0000000008007a94       0x2a ./Middlewares/Third_Party/LwIP/src/core/ipv4/dhcp.o
 *fill*         0x0000000008007abe        0x2 
 .text.dhcp_bind
                0x0000000008007ac0      0x110 ./Middlewares/Third_Party/LwIP/src/core/ipv4/dhcp.o
 .text.dhcp_inc_pcb_refcount
                0x0000000008007bd0       0x74 ./Middlewares/Third_Party/LwIP/src/core/ipv4/dhcp.o
 .text.dhcp_dec_pcb_refcount
                0x0000000008007c44       0x40 ./Middlewares/Third_Party/LwIP/src/core/ipv4/dhcp.o
 .text.dhcp_reboot.isra.0
                0x0000000008007c84      0x104 ./Middlewares/Third_Party/LwIP/src/core/ipv4/dhcp.o
 .text.dhcp_handle_ack.isra.0
                0x0000000008007d88       0x68 ./Middlewares/Third_Party/LwIP/src/core/ipv4/dhcp.o
 .text.dhcp_select.isra.0
                0x0000000008007df0      0x164 ./Middlewares/Third_Party/LwIP/src/core/ipv4/dhcp.o
 .text.dhcp_recv
                0x0000000008007f54      0x41c ./Middlewares/Third_Party/LwIP/src/core/ipv4/dhcp.o
 .text.dhcp_arp_reply
                0x0000000008008370       0xc4 ./Middlewares/Third_Party/LwIP/src/core/ipv4/dhcp.o
                0x0000000008008370                dhcp_arp_reply
 .text.dhcp_renew
                0x0000000008008434       0xe4 ./Middlewares/Third_Party/LwIP/src/core/ipv4/dhcp.o
                0x0000000008008434                dhcp_renew
 .text.dhcp_supplied_address
                0x0000000008008518       0x1e ./Middlewares/Third_Party/LwIP/src/core/ipv4/dhcp.o
                0x0000000008008518                dhcp_supplied_address
 *fill*         0x0000000008008536        0x2 
 .text.dhcp_release_and_stop
                0x0000000008008538       0xbc ./Middlewares/Third_Party/LwIP/src/core/ipv4/dhcp.o
                0x0000000008008538                dhcp_release_and_stop
 .text.dhcp_start
                0x00000000080085f4       0xa8 ./Middlewares/Third_Party/LwIP/src/core/ipv4/dhcp.o
                0x00000000080085f4                dhcp_start
 .text.dhcp_coarse_tmr
                0x000000000800869c      0x178 ./Middlewares/Third_Party/LwIP/src/core/ipv4/dhcp.o
                0x000000000800869c                dhcp_coarse_tmr
 .text.dhcp_fine_tmr
                0x0000000008008814       0x80 ./Middlewares/Third_Party/LwIP/src/core/ipv4/dhcp.o
                0x0000000008008814                dhcp_fine_tmr
 .text.etharp_free_entry
                0x0000000008008894       0x28 ./Middlewares/Third_Party/LwIP/src/core/ipv4/etharp.o
 .text.etharp_find_entry
                0x00000000080088bc      0x11c ./Middlewares/Third_Party/LwIP/src/core/ipv4/etharp.o
 .text.etharp_raw
                0x00000000080089d8       0xdc ./Middlewares/Third_Party/LwIP/src/core/ipv4/etharp.o
 .text.etharp_cleanup_netif
                0x0000000008008ab4       0x28 ./Middlewares/Third_Party/LwIP/src/core/ipv4/etharp.o
                0x0000000008008ab4                etharp_cleanup_netif
 .text.etharp_input
                0x0000000008008adc      0x160 ./Middlewares/Third_Party/LwIP/src/core/ipv4/etharp.o
                0x0000000008008adc                etharp_input
 .text.etharp_request
                0x0000000008008c3c       0x2c ./Middlewares/Third_Party/LwIP/src/core/ipv4/etharp.o
                0x0000000008008c3c                etharp_request
 .text.etharp_tmr
                0x0000000008008c68       0x54 ./Middlewares/Third_Party/LwIP/src/core/ipv4/etharp.o
                0x0000000008008c68                etharp_tmr
 .text.etharp_output_to_arp_index
                0x0000000008008cbc       0xac ./Middlewares/Third_Party/LwIP/src/core/ipv4/etharp.o
 .text.etharp_query
                0x0000000008008d68      0x130 ./Middlewares/Third_Party/LwIP/src/core/ipv4/etharp.o
                0x0000000008008d68                etharp_query
 .text.etharp_output
                0x0000000008008e98      0x140 ./Middlewares/Third_Party/LwIP/src/core/ipv4/etharp.o
                0x0000000008008e98                etharp_output
 .text.icmp_send_response
                0x0000000008008fd8       0x90 ./Middlewares/Third_Party/LwIP/src/core/ipv4/icmp.o
 .text.icmp_input
                0x0000000008009068      0x12c ./Middlewares/Third_Party/LwIP/src/core/ipv4/icmp.o
                0x0000000008009068                icmp_input
 .text.icmp_dest_unreach
                0x0000000008009194        0x8 ./Middlewares/Third_Party/LwIP/src/core/ipv4/icmp.o
                0x0000000008009194                icmp_dest_unreach
 .text.icmp_time_exceeded
                0x000000000800919c        0x8 ./Middlewares/Third_Party/LwIP/src/core/ipv4/icmp.o
                0x000000000800919c                icmp_time_exceeded
 .text.ip4_input_accept
                0x00000000080091a4       0x34 ./Middlewares/Third_Party/LwIP/src/core/ipv4/ip4.o
 .text.ip4_route
                0x00000000080091d8       0x5c ./Middlewares/Third_Party/LwIP/src/core/ipv4/ip4.o
                0x00000000080091d8                ip4_route
 .text.ip4_input
                0x0000000008009234      0x188 ./Middlewares/Third_Party/LwIP/src/core/ipv4/ip4.o
                0x0000000008009234                ip4_input
 .text.ip4_output_if_src
                0x00000000080093bc       0xf8 ./Middlewares/Third_Party/LwIP/src/core/ipv4/ip4.o
                0x00000000080093bc                ip4_output_if_src
 .text.ip4_output_if
                0x00000000080094b4       0x22 ./Middlewares/Third_Party/LwIP/src/core/ipv4/ip4.o
                0x00000000080094b4                ip4_output_if
 .text.ip4_addr_isbroadcast_u32
                0x00000000080094d6       0x36 ./Middlewares/Third_Party/LwIP/src/core/ipv4/ip4_addr.o
                0x00000000080094d6                ip4_addr_isbroadcast_u32
 .text.ip_reass_dequeue_datagram
                0x000000000800950c       0x44 ./Middlewares/Third_Party/LwIP/src/core/ipv4/ip4_frag.o
 .text.ip_reass_free_complete_datagram
                0x0000000008009550       0xe8 ./Middlewares/Third_Party/LwIP/src/core/ipv4/ip4_frag.o
 .text.ip_reass_remove_oldest_datagram
                0x0000000008009638       0x78 ./Middlewares/Third_Party/LwIP/src/core/ipv4/ip4_frag.o
 .text.ip_frag_free_pbuf_custom_ref
                0x00000000080096b0       0x2c ./Middlewares/Third_Party/LwIP/src/core/ipv4/ip4_frag.o
 .text.ipfrag_free_pbuf_custom
                0x00000000080096dc       0x34 ./Middlewares/Third_Party/LwIP/src/core/ipv4/ip4_frag.o
 .text.ip_reass_tmr
                0x0000000008009710       0x2c ./Middlewares/Third_Party/LwIP/src/core/ipv4/ip4_frag.o
                0x0000000008009710                ip_reass_tmr
 .text.ip4_reass
                0x000000000800973c      0x3b4 ./Middlewares/Third_Party/LwIP/src/core/ipv4/ip4_frag.o
                0x000000000800973c                ip4_reass
 .text.ip4_frag
                0x0000000008009af0      0x1d8 ./Middlewares/Third_Party/LwIP/src/core/ipv4/ip4_frag.o
                0x0000000008009af0                ip4_frag
 .text.ethernet_input
                0x0000000008009cc8       0xa0 ./Middlewares/Third_Party/LwIP/src/netif/ethernet.o
                0x0000000008009cc8                ethernet_input
 .text.ethernet_output
                0x0000000008009d68       0x70 ./Middlewares/Third_Party/LwIP/src/netif/ethernet.o
                0x0000000008009d68                ethernet_output
 .text.__libc_init_array
                0x0000000008009dd8       0x48 c:/st/stm32cubeide_1.9.0/stm32cubeide/plugins/com.st.stm32cube.ide.mcu.externaltools.gnu-tools-for-stm32.10.3-2021.10.win32_1.0.0.202111181127/tools/bin/../lib/gcc/arm-none-eabi/10.3.1/../../../../arm-none-eabi/lib/thumb/v7e-m+dp/hard\libc_nano.a(lib_a-init.o)
                0x0000000008009dd8                __libc_init_array
 .text.memcmp   0x0000000008009e20       0x20 c:/st/stm32cubeide_1.9.0/stm32cubeide/plugins/com.st.stm32cube.ide.mcu.externaltools.gnu-tools-for-stm32.10.3-2021.10.win32_1.0.0.202111181127/tools/bin/../lib/gcc/arm-none-eabi/10.3.1/../../../../arm-none-eabi/lib/thumb/v7e-m+dp/hard\libc_nano.a(lib_a-memcmp.o)
                0x0000000008009e20                memcmp
 .text.memcpy   0x0000000008009e40       0x1c c:/st/stm32cubeide_1.9.0/stm32cubeide/plugins/com.st.stm32cube.ide.mcu.externaltools.gnu-tools-for-stm32.10.3-2021.10.win32_1.0.0.202111181127/tools/bin/../lib/gcc/arm-none-eabi/10.3.1/../../../../arm-none-eabi/lib/thumb/v7e-m+dp/hard\libc_nano.a(lib_a-memcpy-stub.o)
                0x0000000008009e40                memcpy
 .text.memset   0x0000000008009e5c       0x10 c:/st/stm32cubeide_1.9.0/stm32cubeide/plugins/com.st.stm32cube.ide.mcu.externaltools.gnu-tools-for-stm32.10.3-2021.10.win32_1.0.0.202111181127/tools/bin/../lib/gcc/arm-none-eabi/10.3.1/../../../../arm-none-eabi/lib/thumb/v7e-m+dp/hard\libc_nano.a(lib_a-memset.o)
                0x0000000008009e5c                memset
 .text.printf   0x0000000008009e6c       0x30 c:/st/stm32cubeide_1.9.0/stm32cubeide/plugins/com.st.stm32cube.ide.mcu.externaltools.gnu-tools-for-stm32.10.3-2021.10.win32_1.0.0.202111181127/tools/bin/../lib/gcc/arm-none-eabi/10.3.1/../../../../arm-none-eabi/lib/thumb/v7e-m+dp/hard\libc_nano.a(lib_a-printf.o)
                0x0000000008009e6c                iprintf
                0x0000000008009e6c                printf
 .text.rand     0x0000000008009e9c       0x7c c:/st/stm32cubeide_1.9.0/stm32cubeide/plugins/com.st.stm32cube.ide.mcu.externaltools.gnu-tools-for-stm32.10.3-2021.10.win32_1.0.0.202111181127/tools/bin/../lib/gcc/arm-none-eabi/10.3.1/../../../../arm-none-eabi/lib/thumb/v7e-m+dp/hard\libc_nano.a(lib_a-rand.o)
                0x0000000008009e9c                rand
 .text.__assert_func
                0x0000000008009f18       0x3c c:/st/stm32cubeide_1.9.0/stm32cubeide/plugins/com.st.stm32cube.ide.mcu.externaltools.gnu-tools-for-stm32.10.3-2021.10.win32_1.0.0.202111181127/tools/bin/../lib/gcc/arm-none-eabi/10.3.1/../../../../arm-none-eabi/lib/thumb/v7e-m+dp/hard\libc_nano.a(lib_a-assert.o)
                0x0000000008009f18                __assert_func
 .text.std      0x0000000008009f54       0x48 c:/st/stm32cubeide_1.9.0/stm32cubeide/plugins/com.st.stm32cube.ide.mcu.externaltools.gnu-tools-for-stm32.10.3-2021.10.win32_1.0.0.202111181127/tools/bin/../lib/gcc/arm-none-eabi/10.3.1/../../../../arm-none-eabi/lib/thumb/v7e-m+dp/hard\libc_nano.a(lib_a-findfp.o)
 .text._cleanup_r
                0x0000000008009f9c        0xc c:/st/stm32cubeide_1.9.0/stm32cubeide/plugins/com.st.stm32cube.ide.mcu.externaltools.gnu-tools-for-stm32.10.3-2021.10.win32_1.0.0.202111181127/tools/bin/../lib/gcc/arm-none-eabi/10.3.1/../../../../arm-none-eabi/lib/thumb/v7e-m+dp/hard\libc_nano.a(lib_a-findfp.o)
                0x0000000008009f9c                _cleanup_r
 .text.__sfmoreglue
                0x0000000008009fa8       0x2c c:/st/stm32cubeide_1.9.0/stm32cubeide/plugins/com.st.stm32cube.ide.mcu.externaltools.gnu-tools-for-stm32.10.3-2021.10.win32_1.0.0.202111181127/tools/bin/../lib/gcc/arm-none-eabi/10.3.1/../../../../arm-none-eabi/lib/thumb/v7e-m+dp/hard\libc_nano.a(lib_a-findfp.o)
                0x0000000008009fa8                __sfmoreglue
 .text.__sfp_lock_acquire
                0x0000000008009fd4        0xc c:/st/stm32cubeide_1.9.0/stm32cubeide/plugins/com.st.stm32cube.ide.mcu.externaltools.gnu-tools-for-stm32.10.3-2021.10.win32_1.0.0.202111181127/tools/bin/../lib/gcc/arm-none-eabi/10.3.1/../../../../arm-none-eabi/lib/thumb/v7e-m+dp/hard\libc_nano.a(lib_a-findfp.o)
                0x0000000008009fd4                __sfp_lock_acquire
 .text.__sfp_lock_release
                0x0000000008009fe0        0xc c:/st/stm32cubeide_1.9.0/stm32cubeide/plugins/com.st.stm32cube.ide.mcu.externaltools.gnu-tools-for-stm32.10.3-2021.10.win32_1.0.0.202111181127/tools/bin/../lib/gcc/arm-none-eabi/10.3.1/../../../../arm-none-eabi/lib/thumb/v7e-m+dp/hard\libc_nano.a(lib_a-findfp.o)
                0x0000000008009fe0                __sfp_lock_release
 .text.__sinit_lock_acquire
                0x0000000008009fec        0xc c:/st/stm32cubeide_1.9.0/stm32cubeide/plugins/com.st.stm32cube.ide.mcu.externaltools.gnu-tools-for-stm32.10.3-2021.10.win32_1.0.0.202111181127/tools/bin/../lib/gcc/arm-none-eabi/10.3.1/../../../../arm-none-eabi/lib/thumb/v7e-m+dp/hard\libc_nano.a(lib_a-findfp.o)
                0x0000000008009fec                __sinit_lock_acquire
 .text.__sinit_lock_release
                0x0000000008009ff8        0xc c:/st/stm32cubeide_1.9.0/stm32cubeide/plugins/com.st.stm32cube.ide.mcu.externaltools.gnu-tools-for-stm32.10.3-2021.10.win32_1.0.0.202111181127/tools/bin/../lib/gcc/arm-none-eabi/10.3.1/../../../../arm-none-eabi/lib/thumb/v7e-m+dp/hard\libc_nano.a(lib_a-findfp.o)
                0x0000000008009ff8                __sinit_lock_release
 .text.__sinit  0x000000000800a004       0x70 c:/st/stm32cubeide_1.9.0/stm32cubeide/plugins/com.st.stm32cube.ide.mcu.externaltools.gnu-tools-for-stm32.10.3-2021.10.win32_1.0.0.202111181127/tools/bin/../lib/gcc/arm-none-eabi/10.3.1/../../../../arm-none-eabi/lib/thumb/v7e-m+dp/hard\libc_nano.a(lib_a-findfp.o)
                0x000000000800a004                __sinit
 .text.__sfp    0x000000000800a074       0x8c c:/st/stm32cubeide_1.9.0/stm32cubeide/plugins/com.st.stm32cube.ide.mcu.externaltools.gnu-tools-for-stm32.10.3-2021.10.win32_1.0.0.202111181127/tools/bin/../lib/gcc/arm-none-eabi/10.3.1/../../../../arm-none-eabi/lib/thumb/v7e-m+dp/hard\libc_nano.a(lib_a-findfp.o)
                0x000000000800a074                __sfp
 .text.fprintf  0x000000000800a100       0x24 c:/st/stm32cubeide_1.9.0/stm32cubeide/plugins/com.st.stm32cube.ide.mcu.externaltools.gnu-tools-for-stm32.10.3-2021.10.win32_1.0.0.202111181127/tools/bin/../lib/gcc/arm-none-eabi/10.3.1/../../../../arm-none-eabi/lib/thumb/v7e-m+dp/hard\libc_nano.a(lib_a-fprintf.o)
                0x000000000800a100                fiprintf
                0x000000000800a100                fprintf
 .text._fwalk_reent
                0x000000000800a124       0x3e c:/st/stm32cubeide_1.9.0/stm32cubeide/plugins/com.st.stm32cube.ide.mcu.externaltools.gnu-tools-for-stm32.10.3-2021.10.win32_1.0.0.202111181127/tools/bin/../lib/gcc/arm-none-eabi/10.3.1/../../../../arm-none-eabi/lib/thumb/v7e-m+dp/hard\libc_nano.a(lib_a-fwalk.o)
                0x000000000800a124                _fwalk_reent
 .text.__retarget_lock_init_recursive
                0x000000000800a162        0x2 c:/st/stm32cubeide_1.9.0/stm32cubeide/plugins/com.st.stm32cube.ide.mcu.externaltools.gnu-tools-for-stm32.10.3-2021.10.win32_1.0.0.202111181127/tools/bin/../lib/gcc/arm-none-eabi/10.3.1/../../../../arm-none-eabi/lib/thumb/v7e-m+dp/hard\libc_nano.a(lib_a-lock.o)
                0x000000000800a162                __retarget_lock_init_recursive
 .text.__retarget_lock_acquire_recursive
                0x000000000800a164        0x2 c:/st/stm32cubeide_1.9.0/stm32cubeide/plugins/com.st.stm32cube.ide.mcu.externaltools.gnu-tools-for-stm32.10.3-2021.10.win32_1.0.0.202111181127/tools/bin/../lib/gcc/arm-none-eabi/10.3.1/../../../../arm-none-eabi/lib/thumb/v7e-m+dp/hard\libc_nano.a(lib_a-lock.o)
                0x000000000800a164                __retarget_lock_acquire_recursive
 .text.__retarget_lock_release_recursive
                0x000000000800a166        0x2 c:/st/stm32cubeide_1.9.0/stm32cubeide/plugins/com.st.stm32cube.ide.mcu.externaltools.gnu-tools-for-stm32.10.3-2021.10.win32_1.0.0.202111181127/tools/bin/../lib/gcc/arm-none-eabi/10.3.1/../../../../arm-none-eabi/lib/thumb/v7e-m+dp/hard\libc_nano.a(lib_a-lock.o)
                0x000000000800a166                __retarget_lock_release_recursive
 .text.malloc   0x000000000800a168       0x10 c:/st/stm32cubeide_1.9.0/stm32cubeide/plugins/com.st.stm32cube.ide.mcu.externaltools.gnu-tools-for-stm32.10.3-2021.10.win32_1.0.0.202111181127/tools/bin/../lib/gcc/arm-none-eabi/10.3.1/../../../../arm-none-eabi/lib/thumb/v7e-m+dp/hard\libc_nano.a(lib_a-malloc.o)
                0x000000000800a168                malloc
 .text._free_r  0x000000000800a178       0x98 c:/st/stm32cubeide_1.9.0/stm32cubeide/plugins/com.st.stm32cube.ide.mcu.externaltools.gnu-tools-for-stm32.10.3-2021.10.win32_1.0.0.202111181127/tools/bin/../lib/gcc/arm-none-eabi/10.3.1/../../../../arm-none-eabi/lib/thumb/v7e-m+dp/hard\libc_nano.a(lib_a-nano-freer.o)
                0x000000000800a178                _free_r
 .text.sbrk_aligned
                0x000000000800a210       0x40 c:/st/stm32cubeide_1.9.0/stm32cubeide/plugins/com.st.stm32cube.ide.mcu.externaltools.gnu-tools-for-stm32.10.3-2021.10.win32_1.0.0.202111181127/tools/bin/../lib/gcc/arm-none-eabi/10.3.1/../../../../arm-none-eabi/lib/thumb/v7e-m+dp/hard\libc_nano.a(lib_a-nano-mallocr.o)
 .text._malloc_r
                0x000000000800a250       0xe8 c:/st/stm32cubeide_1.9.0/stm32cubeide/plugins/com.st.stm32cube.ide.mcu.externaltools.gnu-tools-for-stm32.10.3-2021.10.win32_1.0.0.202111181127/tools/bin/../lib/gcc/arm-none-eabi/10.3.1/../../../../arm-none-eabi/lib/thumb/v7e-m+dp/hard\libc_nano.a(lib_a-nano-mallocr.o)
                0x000000000800a250                _malloc_r
 .text.__sfputc_r
                0x000000000800a338       0x2e c:/st/stm32cubeide_1.9.0/stm32cubeide/plugins/com.st.stm32cube.ide.mcu.externaltools.gnu-tools-for-stm32.10.3-2021.10.win32_1.0.0.202111181127/tools/bin/../lib/gcc/arm-none-eabi/10.3.1/../../../../arm-none-eabi/lib/thumb/v7e-m+dp/hard\libc_nano.a(lib_a-nano-vfprintf.o)
 .text.__sfputs_r
                0x000000000800a366       0x24 c:/st/stm32cubeide_1.9.0/stm32cubeide/plugins/com.st.stm32cube.ide.mcu.externaltools.gnu-tools-for-stm32.10.3-2021.10.win32_1.0.0.202111181127/tools/bin/../lib/gcc/arm-none-eabi/10.3.1/../../../../arm-none-eabi/lib/thumb/v7e-m+dp/hard\libc_nano.a(lib_a-nano-vfprintf.o)
                0x000000000800a366                __sfputs_r
 *fill*         0x000000000800a38a        0x2 
 .text._vfprintf_r
                0x000000000800a38c      0x260 c:/st/stm32cubeide_1.9.0/stm32cubeide/plugins/com.st.stm32cube.ide.mcu.externaltools.gnu-tools-for-stm32.10.3-2021.10.win32_1.0.0.202111181127/tools/bin/../lib/gcc/arm-none-eabi/10.3.1/../../../../arm-none-eabi/lib/thumb/v7e-m+dp/hard\libc_nano.a(lib_a-nano-vfprintf.o)
                0x000000000800a38c                _vfprintf_r
                0x000000000800a38c                _vfiprintf_r
 .text._printf_common
                0x000000000800a5ec       0xda c:/st/stm32cubeide_1.9.0/stm32cubeide/plugins/com.st.stm32cube.ide.mcu.externaltools.gnu-tools-for-stm32.10.3-2021.10.win32_1.0.0.202111181127/tools/bin/../lib/gcc/arm-none-eabi/10.3.1/../../../../arm-none-eabi/lib/thumb/v7e-m+dp/hard\libc_nano.a(lib_a-nano-vfprintf_i.o)
                0x000000000800a5ec                _printf_common
 *fill*         0x000000000800a6c6        0x2 
 .text._printf_i
                0x000000000800a6c8      0x24c c:/st/stm32cubeide_1.9.0/stm32cubeide/plugins/com.st.stm32cube.ide.mcu.externaltools.gnu-tools-for-stm32.10.3-2021.10.win32_1.0.0.202111181127/tools/bin/../lib/gcc/arm-none-eabi/10.3.1/../../../../arm-none-eabi/lib/thumb/v7e-m+dp/hard\libc_nano.a(lib_a-nano-vfprintf_i.o)
                0x000000000800a6c8                _printf_i
 .text._sbrk_r  0x000000000800a914       0x20 c:/st/stm32cubeide_1.9.0/stm32cubeide/plugins/com.st.stm32cube.ide.mcu.externaltools.gnu-tools-for-stm32.10.3-2021.10.win32_1.0.0.202111181127/tools/bin/../lib/gcc/arm-none-eabi/10.3.1/../../../../arm-none-eabi/lib/thumb/v7e-m+dp/hard\libc_nano.a(lib_a-sbrkr.o)
                0x000000000800a914                _sbrk_r
 .text.__sread  0x000000000800a934       0x22 c:/st/stm32cubeide_1.9.0/stm32cubeide/plugins/com.st.stm32cube.ide.mcu.externaltools.gnu-tools-for-stm32.10.3-2021.10.win32_1.0.0.202111181127/tools/bin/../lib/gcc/arm-none-eabi/10.3.1/../../../../arm-none-eabi/lib/thumb/v7e-m+dp/hard\libc_nano.a(lib_a-stdio.o)
                0x000000000800a934                __sread
 .text.__swrite
                0x000000000800a956       0x38 c:/st/stm32cubeide_1.9.0/stm32cubeide/plugins/com.st.stm32cube.ide.mcu.externaltools.gnu-tools-for-stm32.10.3-2021.10.win32_1.0.0.202111181127/tools/bin/../lib/gcc/arm-none-eabi/10.3.1/../../../../arm-none-eabi/lib/thumb/v7e-m+dp/hard\libc_nano.a(lib_a-stdio.o)
                0x000000000800a956                __swrite
 .text.__sseek  0x000000000800a98e       0x24 c:/st/stm32cubeide_1.9.0/stm32cubeide/plugins/com.st.stm32cube.ide.mcu.externaltools.gnu-tools-for-stm32.10.3-2021.10.win32_1.0.0.202111181127/tools/bin/../lib/gcc/arm-none-eabi/10.3.1/../../../../arm-none-eabi/lib/thumb/v7e-m+dp/hard\libc_nano.a(lib_a-stdio.o)
                0x000000000800a98e                __sseek
 .text.__sclose
                0x000000000800a9b2        0x8 c:/st/stm32cubeide_1.9.0/stm32cubeide/plugins/com.st.stm32cube.ide.mcu.externaltools.gnu-tools-for-stm32.10.3-2021.10.win32_1.0.0.202111181127/tools/bin/../lib/gcc/arm-none-eabi/10.3.1/../../../../arm-none-eabi/lib/thumb/v7e-m+dp/hard\libc_nano.a(lib_a-stdio.o)
                0x000000000800a9b2                __sclose
 *fill*         0x000000000800a9ba        0x2 
 .text.__swbuf_r
                0x000000000800a9bc       0xa4 c:/st/stm32cubeide_1.9.0/stm32cubeide/plugins/com.st.stm32cube.ide.mcu.externaltools.gnu-tools-for-stm32.10.3-2021.10.win32_1.0.0.202111181127/tools/bin/../lib/gcc/arm-none-eabi/10.3.1/../../../../arm-none-eabi/lib/thumb/v7e-m+dp/hard\libc_nano.a(lib_a-wbuf.o)
                0x000000000800a9bc                __swbuf_r
 .text._write_r
                0x000000000800aa60       0x24 c:/st/stm32cubeide_1.9.0/stm32cubeide/plugins/com.st.stm32cube.ide.mcu.externaltools.gnu-tools-for-stm32.10.3-2021.10.win32_1.0.0.202111181127/tools/bin/../lib/gcc/arm-none-eabi/10.3.1/../../../../arm-none-eabi/lib/thumb/v7e-m+dp/hard\libc_nano.a(lib_a-writer.o)
                0x000000000800aa60                _write_r
 .text.__swsetup_r
                0x000000000800aa84       0xdc c:/st/stm32cubeide_1.9.0/stm32cubeide/plugins/com.st.stm32cube.ide.mcu.externaltools.gnu-tools-for-stm32.10.3-2021.10.win32_1.0.0.202111181127/tools/bin/../lib/gcc/arm-none-eabi/10.3.1/../../../../arm-none-eabi/lib/thumb/v7e-m+dp/hard\libc_nano.a(lib_a-wsetup.o)
                0x000000000800aa84                __swsetup_r
 .text.abort    0x000000000800ab60        0xe c:/st/stm32cubeide_1.9.0/stm32cubeide/plugins/com.st.stm32cube.ide.mcu.externaltools.gnu-tools-for-stm32.10.3-2021.10.win32_1.0.0.202111181127/tools/bin/../lib/gcc/arm-none-eabi/10.3.1/../../../../arm-none-eabi/lib/thumb/v7e-m+dp/hard\libc_nano.a(lib_a-abort.o)
                0x000000000800ab60                abort
 *fill*         0x000000000800ab6e        0x2 
 .text._close_r
                0x000000000800ab70       0x20 c:/st/stm32cubeide_1.9.0/stm32cubeide/plugins/com.st.stm32cube.ide.mcu.externaltools.gnu-tools-for-stm32.10.3-2021.10.win32_1.0.0.202111181127/tools/bin/../lib/gcc/arm-none-eabi/10.3.1/../../../../arm-none-eabi/lib/thumb/v7e-m+dp/hard\libc_nano.a(lib_a-closer.o)
                0x000000000800ab70                _close_r
 .text.__sflush_r
                0x000000000800ab90      0x10c c:/st/stm32cubeide_1.9.0/stm32cubeide/plugins/com.st.stm32cube.ide.mcu.externaltools.gnu-tools-for-stm32.10.3-2021.10.win32_1.0.0.202111181127/tools/bin/../lib/gcc/arm-none-eabi/10.3.1/../../../../arm-none-eabi/lib/thumb/v7e-m+dp/hard\libc_nano.a(lib_a-fflush.o)
                0x000000000800ab90                __sflush_r
 .text._fflush_r
                0x000000000800ac9c       0x78 c:/st/stm32cubeide_1.9.0/stm32cubeide/plugins/com.st.stm32cube.ide.mcu.externaltools.gnu-tools-for-stm32.10.3-2021.10.win32_1.0.0.202111181127/tools/bin/../lib/gcc/arm-none-eabi/10.3.1/../../../../arm-none-eabi/lib/thumb/v7e-m+dp/hard\libc_nano.a(lib_a-fflush.o)
                0x000000000800ac9c                _fflush_r
 .text._lseek_r
                0x000000000800ad14       0x24 c:/st/stm32cubeide_1.9.0/stm32cubeide/plugins/com.st.stm32cube.ide.mcu.externaltools.gnu-tools-for-stm32.10.3-2021.10.win32_1.0.0.202111181127/tools/bin/../lib/gcc/arm-none-eabi/10.3.1/../../../../arm-none-eabi/lib/thumb/v7e-m+dp/hard\libc_nano.a(lib_a-lseekr.o)
                0x000000000800ad14                _lseek_r
 .text.__swhatbuf_r
                0x000000000800ad38       0x4a c:/st/stm32cubeide_1.9.0/stm32cubeide/plugins/com.st.stm32cube.ide.mcu.externaltools.gnu-tools-for-stm32.10.3-2021.10.win32_1.0.0.202111181127/tools/bin/../lib/gcc/arm-none-eabi/10.3.1/../../../../arm-none-eabi/lib/thumb/v7e-m+dp/hard\libc_nano.a(lib_a-makebuf.o)
                0x000000000800ad38                __swhatbuf_r
 *fill*         0x000000000800ad82        0x2 
 .text.__smakebuf_r
                0x000000000800ad84       0x80 c:/st/stm32cubeide_1.9.0/stm32cubeide/plugins/com.st.stm32cube.ide.mcu.externaltools.gnu-tools-for-stm32.10.3-2021.10.win32_1.0.0.202111181127/tools/bin/../lib/gcc/arm-none-eabi/10.3.1/../../../../arm-none-eabi/lib/thumb/v7e-m+dp/hard\libc_nano.a(lib_a-makebuf.o)
                0x000000000800ad84                __smakebuf_r
 .text.__malloc_lock
                0x000000000800ae04        0xc c:/st/stm32cubeide_1.9.0/stm32cubeide/plugins/com.st.stm32cube.ide.mcu.externaltools.gnu-tools-for-stm32.10.3-2021.10.win32_1.0.0.202111181127/tools/bin/../lib/gcc/arm-none-eabi/10.3.1/../../../../arm-none-eabi/lib/thumb/v7e-m+dp/hard\libc_nano.a(lib_a-mlock.o)
                0x000000000800ae04                __malloc_lock
 .text.__malloc_unlock
                0x000000000800ae10        0xc c:/st/stm32cubeide_1.9.0/stm32cubeide/plugins/com.st.stm32cube.ide.mcu.externaltools.gnu-tools-for-stm32.10.3-2021.10.win32_1.0.0.202111181127/tools/bin/../lib/gcc/arm-none-eabi/10.3.1/../../../../arm-none-eabi/lib/thumb/v7e-m+dp/hard\libc_nano.a(lib_a-mlock.o)
                0x000000000800ae10                __malloc_unlock
 .text._read_r  0x000000000800ae1c       0x24 c:/st/stm32cubeide_1.9.0/stm32cubeide/plugins/com.st.stm32cube.ide.mcu.externaltools.gnu-tools-for-stm32.10.3-2021.10.win32_1.0.0.202111181127/tools/bin/../lib/gcc/arm-none-eabi/10.3.1/../../../../arm-none-eabi/lib/thumb/v7e-m+dp/hard\libc_nano.a(lib_a-readr.o)
                0x000000000800ae1c                _read_r
 .text._raise_r
                0x000000000800ae40       0x50 c:/st/stm32cubeide_1.9.0/stm32cubeide/plugins/com.st.stm32cube.ide.mcu.externaltools.gnu-tools-for-stm32.10.3-2021.10.win32_1.0.0.202111181127/tools/bin/../lib/gcc/arm-none-eabi/10.3.1/../../../../arm-none-eabi/lib/thumb/v7e-m+dp/hard\libc_nano.a(lib_a-signal.o)
                0x000000000800ae40                _raise_r
 .text.raise    0x000000000800ae90       0x10 c:/st/stm32cubeide_1.9.0/stm32cubeide/plugins/com.st.stm32cube.ide.mcu.externaltools.gnu-tools-for-stm32.10.3-2021.10.win32_1.0.0.202111181127/tools/bin/../lib/gcc/arm-none-eabi/10.3.1/../../../../arm-none-eabi/lib/thumb/v7e-m+dp/hard\libc_nano.a(lib_a-signal.o)
                0x000000000800ae90                raise
 .text._kill_r  0x000000000800aea0       0x24 c:/st/stm32cubeide_1.9.0/stm32cubeide/plugins/com.st.stm32cube.ide.mcu.externaltools.gnu-tools-for-stm32.10.3-2021.10.win32_1.0.0.202111181127/tools/bin/../lib/gcc/arm-none-eabi/10.3.1/../../../../arm-none-eabi/lib/thumb/v7e-m+dp/hard\libc_nano.a(lib_a-signalr.o)
                0x000000000800aea0                _kill_r
 .text._getpid_r
                0x000000000800aec4        0x4 c:/st/stm32cubeide_1.9.0/stm32cubeide/plugins/com.st.stm32cube.ide.mcu.externaltools.gnu-tools-for-stm32.10.3-2021.10.win32_1.0.0.202111181127/tools/bin/../lib/gcc/arm-none-eabi/10.3.1/../../../../arm-none-eabi/lib/thumb/v7e-m+dp/hard\libc_nano.a(lib_a-signalr.o)
                0x000000000800aec4                _getpid_r
 .text._fstat_r
                0x000000000800aec8       0x24 c:/st/stm32cubeide_1.9.0/stm32cubeide/plugins/com.st.stm32cube.ide.mcu.externaltools.gnu-tools-for-stm32.10.3-2021.10.win32_1.0.0.202111181127/tools/bin/../lib/gcc/arm-none-eabi/10.3.1/../../../../arm-none-eabi/lib/thumb/v7e-m+dp/hard\libc_nano.a(lib_a-fstatr.o)
                0x000000000800aec8                _fstat_r
 .text._isatty_r
                0x000000000800aeec       0x20 c:/st/stm32cubeide_1.9.0/stm32cubeide/plugins/com.st.stm32cube.ide.mcu.externaltools.gnu-tools-for-stm32.10.3-2021.10.win32_1.0.0.202111181127/tools/bin/../lib/gcc/arm-none-eabi/10.3.1/../../../../arm-none-eabi/lib/thumb/v7e-m+dp/hard\libc_nano.a(lib_a-isattyr.o)
                0x000000000800aeec                _isatty_r
 *(.glue_7)
 .glue_7        0x000000000800af0c        0x0 linker stubs
 *(.glue_7t)
 .glue_7t       0x000000000800af0c        0x0 linker stubs
 *(.eh_frame)
 .eh_frame      0x000000000800af0c        0x0 c:/st/stm32cubeide_1.9.0/stm32cubeide/plugins/com.st.stm32cube.ide.mcu.externaltools.gnu-tools-for-stm32.10.3-2021.10.win32_1.0.0.202111181127/tools/bin/../lib/gcc/arm-none-eabi/10.3.1/thumb/v7e-m+dp/hard/crtbegin.o
 *(.init)
 .init          0x000000000800af0c        0x4 c:/st/stm32cubeide_1.9.0/stm32cubeide/plugins/com.st.stm32cube.ide.mcu.externaltools.gnu-tools-for-stm32.10.3-2021.10.win32_1.0.0.202111181127/tools/bin/../lib/gcc/arm-none-eabi/10.3.1/thumb/v7e-m+dp/hard/crti.o
                0x000000000800af0c                _init
 .init          0x000000000800af10        0x8 c:/st/stm32cubeide_1.9.0/stm32cubeide/plugins/com.st.stm32cube.ide.mcu.externaltools.gnu-tools-for-stm32.10.3-2021.10.win32_1.0.0.202111181127/tools/bin/../lib/gcc/arm-none-eabi/10.3.1/thumb/v7e-m+dp/hard/crtn.o
 *(.fini)
 .fini          0x000000000800af18        0x4 c:/st/stm32cubeide_1.9.0/stm32cubeide/plugins/com.st.stm32cube.ide.mcu.externaltools.gnu-tools-for-stm32.10.3-2021.10.win32_1.0.0.202111181127/tools/bin/../lib/gcc/arm-none-eabi/10.3.1/thumb/v7e-m+dp/hard/crti.o
                0x000000000800af18                _fini
 .fini          0x000000000800af1c        0x8 c:/st/stm32cubeide_1.9.0/stm32cubeide/plugins/com.st.stm32cube.ide.mcu.externaltools.gnu-tools-for-stm32.10.3-2021.10.win32_1.0.0.202111181127/tools/bin/../lib/gcc/arm-none-eabi/10.3.1/thumb/v7e-m+dp/hard/crtn.o
                0x000000000800af24                . = ALIGN (0x4)
                0x000000000800af24                _etext = .

.vfp11_veneer   0x000000000800af24        0x0
 .vfp11_veneer  0x000000000800af24        0x0 linker stubs

.v4_bx          0x000000000800af24        0x0
 .v4_bx         0x000000000800af24        0x0 linker stubs

.iplt           0x000000000800af24        0x0
 .iplt          0x000000000800af24        0x0 c:/st/stm32cubeide_1.9.0/stm32cubeide/plugins/com.st.stm32cube.ide.mcu.externaltools.gnu-tools-for-stm32.10.3-2021.10.win32_1.0.0.202111181127/tools/bin/../lib/gcc/arm-none-eabi/10.3.1/thumb/v7e-m+dp/hard/crtbegin.o

.rodata         0x000000000800af24     0x20bc
                0x000000000800af24                . = ALIGN (0x4)
 *(.rodata)
 *(.rodata*)
 .rodata.AHBPrescTable
                0x000000000800af24       0x10 ./Core/Src/system_stm32f7xx.o
                0x000000000800af24                AHBPrescTable
 .rodata.APBPrescTable
                0x000000000800af34        0x8 ./Core/Src/system_stm32f7xx.o
                0x000000000800af34                APBPrescTable
 .rodata.CSWTCH.54
                0x000000000800af3c        0x3 ./Drivers/STM32F7xx_HAL_Driver/Src/stm32f7xx_hal_uart.o
 .rodata.CSWTCH.55
                0x000000000800af3f        0xd ./Drivers/STM32F7xx_HAL_Driver/Src/stm32f7xx_hal_uart.o
 .rodata.ethernetif_init.str1.1
                0x000000000800af4c       0x44 ./LWIP/Target/ethernetif.o
                                         0x52 (size before relaxing)
 .rodata.mem_free.str1.1
                0x000000000800af90      0x120 ./Middlewares/Third_Party/LwIP/src/core/mem.o
                                        0x148 (size before relaxing)
 .rodata.mem_trim.str1.1
                0x000000000800b0b0       0x48 ./Middlewares/Third_Party/LwIP/src/core/mem.o
 .rodata.mem_malloc.str1.1
                0x000000000800b0f8       0x9b ./Middlewares/Third_Party/LwIP/src/core/mem.o
 .rodata.do_memp_free_pool.str1.1
                0x000000000800b193       0x50 ./Middlewares/Third_Party/LwIP/src/core/memp.o
                                         0x78 (size before relaxing)
 .rodata.do_memp_malloc_pool.isra.0.str1.1
                0x000000000800b1e3       0x23 ./Middlewares/Third_Party/LwIP/src/core/memp.o
 .rodata.memp_malloc.str1.1
                0x000000000800b206       0x1d ./Middlewares/Third_Party/LwIP/src/core/memp.o
 .rodata.memp_free.str1.1
                0x000000000800b223       0x1b ./Middlewares/Third_Party/LwIP/src/core/memp.o
 *fill*         0x000000000800b23e        0x2 
 .rodata.memp_FRAG_PBUF
                0x000000000800b240        0xc ./Middlewares/Third_Party/LwIP/src/core/memp.o
                0x000000000800b240                memp_FRAG_PBUF
 .rodata.memp_PBUF
                0x000000000800b24c        0xc ./Middlewares/Third_Party/LwIP/src/core/memp.o
                0x000000000800b24c                memp_PBUF
 .rodata.memp_PBUF_POOL
                0x000000000800b258        0xc ./Middlewares/Third_Party/LwIP/src/core/memp.o
                0x000000000800b258                memp_PBUF_POOL
 .rodata.memp_REASSDATA
                0x000000000800b264        0xc ./Middlewares/Third_Party/LwIP/src/core/memp.o
                0x000000000800b264                memp_REASSDATA
 .rodata.memp_SYS_TIMEOUT
                0x000000000800b270        0xc ./Middlewares/Third_Party/LwIP/src/core/memp.o
                0x000000000800b270                memp_SYS_TIMEOUT
 .rodata.memp_TCP_PCB
                0x000000000800b27c        0xc ./Middlewares/Third_Party/LwIP/src/core/memp.o
                0x000000000800b27c                memp_TCP_PCB
 .rodata.memp_TCP_PCB_LISTEN
                0x000000000800b288        0xc ./Middlewares/Third_Party/LwIP/src/core/memp.o
                0x000000000800b288                memp_TCP_PCB_LISTEN
 .rodata.memp_TCP_SEG
                0x000000000800b294        0xc ./Middlewares/Third_Party/LwIP/src/core/memp.o
                0x000000000800b294                memp_TCP_SEG
 .rodata.memp_UDP_PCB
                0x000000000800b2a0        0xc ./Middlewares/Third_Party/LwIP/src/core/memp.o
                0x000000000800b2a0                memp_UDP_PCB
 .rodata.memp_pools
                0x000000000800b2ac       0x24 ./Middlewares/Third_Party/LwIP/src/core/memp.o
                0x000000000800b2ac                memp_pools
 .rodata.netif_issue_reports.str1.1
                0x000000000800b2d0       0x54 ./Middlewares/Third_Party/LwIP/src/core/netif.o
                                         0x7c (size before relaxing)
 .rodata.netif_do_set_ipaddr.isra.0.str1.1
                0x000000000800b324       0x10 ./Middlewares/Third_Party/LwIP/src/core/netif.o
 .rodata.netif_add.str1.1
                0x000000000800b334       0x7d ./Middlewares/Third_Party/LwIP/src/core/netif.o
 .rodata.netif_set_up.str1.1
                0x000000000800b3b1       0x1c ./Middlewares/Third_Party/LwIP/src/core/netif.o
 .rodata.netif_set_down.str1.1
                0x000000000800b3cd       0x1e ./Middlewares/Third_Party/LwIP/src/core/netif.o
 .rodata.pbuf_add_header_impl.str1.1
                0x000000000800b3eb       0x30 ./Middlewares/Third_Party/LwIP/src/core/pbuf.o
                                         0x62 (size before relaxing)
 .rodata.pbuf_alloc_reference.str1.1
                0x000000000800b41b       0x12 ./Middlewares/Third_Party/LwIP/src/core/pbuf.o
 .rodata.pbuf_remove_header.str1.1
                0x000000000800b42d       0x1e ./Middlewares/Third_Party/LwIP/src/core/pbuf.o
 .rodata.pbuf_free.str1.1
                0x000000000800b44b       0x49 ./Middlewares/Third_Party/LwIP/src/core/pbuf.o
 .rodata.pbuf_alloc.str1.1
                0x000000000800b494       0x1b ./Middlewares/Third_Party/LwIP/src/core/pbuf.o
 .rodata.pbuf_realloc.str1.1
                0x000000000800b4af       0x4c ./Middlewares/Third_Party/LwIP/src/core/pbuf.o
 .rodata.pbuf_ref.str1.1
                0x000000000800b4fb       0x12 ./Middlewares/Third_Party/LwIP/src/core/pbuf.o
 .rodata.pbuf_cat.str1.1
                0x000000000800b50d       0x72 ./Middlewares/Third_Party/LwIP/src/core/pbuf.o
 .rodata.pbuf_copy.str1.1
                0x000000000800b57f       0x99 ./Middlewares/Third_Party/LwIP/src/core/pbuf.o
 .rodata.pbuf_copy_partial.str1.1
                0x000000000800b618       0x42 ./Middlewares/Third_Party/LwIP/src/core/pbuf.o
 .rodata.pbuf_clone.str1.1
                0x000000000800b65a       0x11 ./Middlewares/Third_Party/LwIP/src/core/pbuf.o
 .rodata.tcp_close_shutdown_fin.str1.1
                0x000000000800b66b       0x3b ./Middlewares/Third_Party/LwIP/src/core/tcp.o
                                         0x63 (size before relaxing)
 .rodata.tcp_free.str1.1
                0x000000000800b6a6       0x11 ./Middlewares/Third_Party/LwIP/src/core/tcp.o
 .rodata.tcp_update_rcv_ann_wnd.str1.1
                0x000000000800b6b7       0x3e ./Middlewares/Third_Party/LwIP/src/core/tcp.o
 .rodata.tcp_recved.str1.1
                0x000000000800b6f5       0x3e ./Middlewares/Third_Party/LwIP/src/core/tcp.o
 .rodata.tcp_seg_copy.str1.1
                0x000000000800b733       0x1a ./Middlewares/Third_Party/LwIP/src/core/tcp.o
 .rodata.tcp_next_iss.str1.1
                0x000000000800b74d       0x1a ./Middlewares/Third_Party/LwIP/src/core/tcp.o
 .rodata.tcp_eff_send_mss_netif.str1.1
                0x000000000800b767       0x27 ./Middlewares/Third_Party/LwIP/src/core/tcp.o
 .rodata.tcp_pcb_purge.str1.1
                0x000000000800b78e       0x1b ./Middlewares/Third_Party/LwIP/src/core/tcp.o
 .rodata.tcp_pcb_remove.str1.1
                0x000000000800b7a9       0x84 ./Middlewares/Third_Party/LwIP/src/core/tcp.o
 .rodata.tcp_abandon.str1.1
                0x000000000800b82d       0x4a ./Middlewares/Third_Party/LwIP/src/core/tcp.o
 .rodata.tcp_netif_ip_addr_changed_pcblist.str1.1
                0x000000000800b877       0x34 ./Middlewares/Third_Party/LwIP/src/core/tcp.o
 .rodata.tcp_close_shutdown.str1.1
                0x000000000800b8ab       0x52 ./Middlewares/Third_Party/LwIP/src/core/tcp.o
 .rodata.tcp_close.str1.1
                0x000000000800b8fd       0x17 ./Middlewares/Third_Party/LwIP/src/core/tcp.o
 .rodata.tcp_recv_null.str1.1
                0x000000000800b914       0x1b ./Middlewares/Third_Party/LwIP/src/core/tcp.o
 .rodata.tcp_process_refused_data.str1.1
                0x000000000800b92f       0x26 ./Middlewares/Third_Party/LwIP/src/core/tcp.o
 .rodata.tcp_slowtmr.str1.1
                0x000000000800b955      0x1b9 ./Middlewares/Third_Party/LwIP/src/core/tcp.o
 .rodata.tcp_backoff
                0x000000000800bb0e        0xd ./Middlewares/Third_Party/LwIP/src/core/tcp.o
 *fill*         0x000000000800bb1b        0x1 
 .rodata.tcp_pcb_lists
                0x000000000800bb1c       0x10 ./Middlewares/Third_Party/LwIP/src/core/tcp.o
                0x000000000800bb1c                tcp_pcb_lists
 .rodata.tcp_persist_backoff
                0x000000000800bb2c        0x7 ./Middlewares/Third_Party/LwIP/src/core/tcp.o
 .rodata.tcp_oos_insert_segment.str1.1
                0x000000000800bb33       0x57 ./Middlewares/Third_Party/LwIP/src/core/tcp_in.o
                                         0x7f (size before relaxing)
 .rodata.tcp_parseopt.str1.1
                0x000000000800bb8a       0x1a ./Middlewares/Third_Party/LwIP/src/core/tcp_in.o
 .rodata.tcp_input_delayed_close.str1.1
                0x000000000800bba4       0x25 ./Middlewares/Third_Party/LwIP/src/core/tcp_in.o
 .rodata.tcp_free_acked_segments.constprop.0.str1.1
                0x000000000800bbc9       0x48 ./Middlewares/Third_Party/LwIP/src/core/tcp_in.o
 .rodata.tcp_receive.str1.1
                0x000000000800bc11      0x117 ./Middlewares/Third_Party/LwIP/src/core/tcp_in.o
 .rodata.tcp_input.str1.1
                0x000000000800bd28      0x1ce ./Middlewares/Third_Party/LwIP/src/core/tcp_in.o
 .rodata.tcp_output_segment_busy.str1.1